Cloning into '/tmp/track3-clean-ur0egzj0/repository'...
HEAD is now at 62bb64c Add exact-Git normal-import T4 release verification and isolated memory audit
RELEASE_START {"torch": "2.11.0+cu128", "cuda": "12.8", "gpu": "Tesla T4", "capability": [7, 5], "python": "3.13.15 (main, Aug  6 2026, 11:06:22) [GCC 13.3.0]", "git_commit": "62bb64c05ce55c27cbe10d034087939c9f1d7fed", "source_manifest": {"user_optimized.py": "d5523d070a97391544e2d01e88bc07b6dabce892f74387be83cbb58e5ceac6ff", "torch_transformer_benchmark.py": "5529c96a80799b51f68092e1444a30b17994554dffdf52da98ba701489a7f36e", "kernels/fp16x3.py": "562120439ad396ec323eebcf5091ee7ffb7a55429f0d663524a72ae8a576b4b8", "kernels/fp16x3_int8.py": "8ec131f4d9d19fa95560eb3c5ea03d7a00258293d49b2dd246abee08d01b1c01", "kernels/attention.py": "f65b905597692f0789309fb387abca767a7d0ea200318f81c28b819e3a923304", "kernels/fused_layernorm.py": "bb7c11420cff1f47fddc9723fdfd189007f0adabf6a0b8d427bb7d4f5a69df32", "kernels/cublaslt_backend.py": "90f93b31d2b3271070387aff5b0759ad3a2c28fc2b1074ab0b7cc24101019983", "kernels/cublaslt_probe.cpp": "47b5e88ed20e07cd77fef18a62331369a15102950590ea3f8cd7b954cb9a4360", "kernels/turing_attention.py": "0ce4cfba82fc8ce839d0a1b729baaebb2dc4772d2ce69d4da3173fff6b9887ee", "scripts/benchmark_release.py": "67ae7a2b780a1d43e60dd77d5971f4df468c45bd767c98287d32fb425645fb01", "scripts/build_clean_kaggle.py": "0ade4cbd97752db08f3c56b9024064274a71bad7630913acdddee78e02541da4", "scripts/benchmark_next.py": "f4d6b6cd874ee4779e73a0940a5d88820fd3264b78031e699fbc591695149c23", "scripts/benchmark_runtime.py": "9b11d561f3422e7029b6f28e1f99526787c4909ddcfa56dd56965f48f078670d"}, "normal_imports": {"official": "/tmp/track3-clean-ur0egzj0/repository/torch_transformer_benchmark.py", "production": "/tmp/track3-clean-ur0egzj0/repository/user_optimized.py"}, "protocol": "three rotated paired steady rounds; separate event/host wall timing; same weights/input", "cache_scope": "fresh job caches, shared across subprocesses; cold costs are first public forward, not machine cold"}
Traceback (most recent call last):
  File "<frozen runpy>", line 203, in _run_module_as_main
  File "<frozen runpy>", line 88, in _run_code
  File "/tmp/track3-clean-ur0egzj0/repository/scripts/benchmark_release.py", line 371, in <module>
    main()
    ~~~~^^
  File "/tmp/track3-clean-ur0egzj0/repository/scripts/benchmark_release.py", line 367, in main
    {"fp32": fp32, "flash": flash, "attention": attention}[args.phase]()
    ~~~~~~~~~~~~~~~~~~~~~~~~~~~~~~~~~~~~~~~~~~~~~~~~~~~~~~~~~~~~~~~~~~^^
  File "/tmp/track3-clean-ur0egzj0/repository/scripts/benchmark_release.py", line 339, in attention
    out = call(x, mask)
  File "/tmp/track3-clean-ur0egzj0/repository/scripts/benchmark_release.py", line 334, in <lambda>
    calls = {n: lambda xx, mm, n=n: full(n, xx, mm) for n in layouts}
                                    ~~~~^^^^^^^^^^^
  File "/tmp/track3-clean-ur0egzj0/repository/scripts/benchmark_release.py", line 332, in full
    return models[name](xx, mm)
           ~~~~~~~~~~~~^^^^^^^^
  File "/usr/local/lib/python3.13/dist-packages/torch/nn/modules/module.py", line 1779, in _wrapped_call_impl
    return self._call_impl(*args, **kwargs)
           ~~~~~~~~~~~~~~~^^^^^^^^^^^^^^^^^
  File "/usr/local/lib/python3.13/dist-packages/torch/nn/modules/module.py", line 1790, in _call_impl
    return forward_call(*args, **kwargs)
  File "/tmp/track3-clean-ur0egzj0/repository/user_optimized.py", line 705, in forward
    self._refresh_x3()
    ~~~~~~~~~~~~~~~~^^
  File "/tmp/track3-clean-ur0egzj0/repository/user_optimized.py", line 421, in _refresh_x3
    norm_key = tuple(self._tensor_key(p) for norm in norms
                     for p in (norm.weight, norm.bias))
  File "/tmp/track3-clean-ur0egzj0/repository/user_optimized.py", line 421, in <genexpr>
    norm_key = tuple(self._tensor_key(p) for norm in norms
                     ~~~~~~~~~~~~~~~~^^^
  File "/tmp/track3-clean-ur0egzj0/repository/user_optimized.py", line 464, in _tensor_key
    return (id(tensor), tensor._version, tensor.data_ptr(), tensor.device,
                        ^^^^^^^^^^^^^^^
RuntimeError: Inference tensors do not track version counter.
Traceback (most recent call last):
  File "/kaggle/src/script.py", line 20, in <module>
    subprocess.run([sys.executable, "-m", "scripts.benchmark_release", "--phase", 'attention',
    ~~~~~~~~~~~~~~^^^^^^^^^^^^^^^^^^^^^^^^^^^^^^^^^^^^^^^^^^^^^^^^^^^^^^^^^^^^^^^^^^^^^^^^^^^^
                    "--output", str(out)], cwd=root, check=True)
                    ^^^^^^^^^^^^^^^^^^^^^^^^^^^^^^^^^^^^^^^^^^^^
  File "/usr/lib/python3.13/subprocess.py", line 577, in run
    raise CalledProcessError(retcode, process.args,
                             output=stdout, stderr=stderr)
subprocess.CalledProcessError: Command '['/usr/bin/python3', '-m', 'scripts.benchmark_release', '--phase', 'attention', '--output', '/kaggle/working']' returned non-zero exit status 1.
/usr/local/lib/python3.13/dist-packages/mistune.py:435: SyntaxWarning: invalid escape sequence '\|'
  cells[i][c] = re.sub('\\\\\|', '|', cell)
/usr/local/lib/python3.13/dist-packages/nbconvert/filters/filter_links.py:36: SyntaxWarning: invalid escape sequence '\_'
  text = re.sub(r'_', '\_', text) # Escape underscores in display text
[NbConvertApp] Converting notebook __script__.ipynb to html
[NbConvertApp] Writing 279724 bytes to __results__.html
