NEXT_START {"torch": "2.11.0+cu128", "cuda": "12.8", "gpu": "Tesla T4", "capability": [7, 5], "source_manifest": {"kernels/attention.py": "f65b905597692f0789309fb387abca767a7d0ea200318f81c28b819e3a923304", "kernels/cublaslt_probe.cpp": "c12e34d040917ce6be10992eb81652b2e944c6c9711a198dbe880046ce13daeb", "kernels/fp16x3.py": "fc0488821f3134ce49946cd2c2b1eb6d43e825d55c89822b7c113dd492bc45f4", "kernels/fp16x3_int8.py": "8ec131f4d9d19fa95560eb3c5ea03d7a00258293d49b2dd246abee08d01b1c01", "kernels/fused_layernorm.py": "bb7c11420cff1f47fddc9723fdfd189007f0adabf6a0b8d427bb7d4f5a69df32", "scripts/benchmark_next.py": "b3d01dd3b3ce50db77a288bbe5e0d745c12365252fbd76d9804a07ea7dc2d131", "scripts/build_kaggle_selfcontained.py": "ef44de301c98212ac9d7978479556a1defcdeb0aa281d08bf9e2984528db632c", "torch_transformer_benchmark.py": "5529c96a80799b51f68092e1444a30b17994554dffdf52da98ba701489a7f36e", "user_optimized.py": "e7de5c0af13c821fc854c3a2a806d93142a886518354f3913d47b340468f41bb"}, "reference_revision": "46154d19ceeba0c50af2588a0247ce43b56c0465"}
Traceback (most recent call last):
  File "/kaggle/src/script.py", line 3197, in next_cpp
    inner(x, mask, True, True)  # compile inside the config context
    ~~~~~^^^^^^^^^^^^^^^^^^^^^
  File "/usr/local/lib/python3.13/dist-packages/torch/_dynamo/eval_frame.py", line 1038, in compile_wrapper
    raise e.remove_dynamo_frames() from None  # see TORCHDYNAMO_VERBOSE=1
    ^^^^^^^^^^^^^^^^^^^^^^^^^^^^^^^^^^^^^^^^
  File "/usr/local/lib/python3.13/dist-packages/torch/_inductor/compile_fx.py", line 1053, in _compile_fx_inner
    raise InductorError(e, currentframe()).with_traceback(
        e.__traceback__
    ) from None
  File "/usr/local/lib/python3.13/dist-packages/torch/_inductor/compile_fx.py", line 1037, in _compile_fx_inner
    mb_compiled_graph = fx_codegen_and_compile(
        gm, example_inputs, inputs_to_check, **graph_kwargs
    )
  File "/usr/local/lib/python3.13/dist-packages/torch/_inductor/compile_fx.py", line 1798, in fx_codegen_and_compile
    return scheme.codegen_and_compile(gm, example_inputs, inputs_to_check, graph_kwargs)
           ~~~~~~~~~~~~~~~~~~~~~~~~~~^^^^^^^^^^^^^^^^^^^^^^^^^^^^^^^^^^^^^^^^^^^^^^^^^^^
  File "/usr/local/lib/python3.13/dist-packages/torch/_inductor/compile_fx.py", line 1570, in codegen_and_compile
    compiled_module = graph.compile_to_module()
  File "/usr/local/lib/python3.13/dist-packages/torch/_inductor/graph.py", line 2499, in compile_to_module
    return self._compile_to_module()
           ~~~~~~~~~~~~~~~~~~~~~~~^^
  File "/usr/local/lib/python3.13/dist-packages/torch/_inductor/graph.py", line 2509, in _compile_to_module
    mod = self._compile_to_module_lines(wrapper_code)
  File "/usr/local/lib/python3.13/dist-packages/torch/_inductor/graph.py", line 2584, in _compile_to_module_lines
    mod = PyCodeCache.load_by_key_path(
        key,
    ...<6 lines>...
        },
    )
  File "/usr/local/lib/python3.13/dist-packages/torch/_inductor/codecache.py", line 3764, in load_by_key_path
    mod = _reload_python_module(key, path, set_sys_modules=in_toplevel)
  File "/usr/local/lib/python3.13/dist-packages/torch/_inductor/runtime/compile_tasks.py", line 35, in _reload_python_module
    exec(code, mod.__dict__, mod.__dict__)
    ~~~~^^^^^^^^^^^^^^^^^^^^^^^^^^^^^^^^^^
  File "/tmp/torchinductor_root/fr/cfrypd5dettq2t62a44fcnbfpuk7tuvmuglg5j3hf5ptl7jyvmag.py", line 1251, in <module>
    inductor_entry = CppWrapperCodeCache.load_pybinding(
        argtypes=["std::vector<AtenTensorHandle>"],
    ...<3 lines>...
        kernel_code=None,
    )
  File "/usr/local/lib/python3.13/dist-packages/torch/_inductor/codecache.py", line 3245, in load_pybinding
    return cls.load_pybinding_async(*args, **kwargs)()
           ~~~~~~~~~~~~~~~~~~~~~~~~~~~~~~~~~~~~~~~~~^^
  File "/usr/local/lib/python3.13/dist-packages/torch/_inductor/codecache.py", line 3237, in future
    result = get_result()
  File "/usr/local/lib/python3.13/dist-packages/torch/_inductor/codecache.py", line 3021, in load_fn
    result = worker_fn()
  File "/usr/local/lib/python3.13/dist-packages/torch/_inductor/codecache.py", line 3050, in _worker_compile_cpp
    builder.build()
    ~~~~~~~~~~~~~^^
  File "/usr/local/lib/python3.13/dist-packages/torch/_inductor/cpp_builder.py", line 2146, in build
    run_compile_cmd(build_cmd, cwd=_build_tmp_dir)
    ~~~~~~~~~~~~~~~^^^^^^^^^^^^^^^^^^^^^^^^^^^^^^^
  File "/usr/local/lib/python3.13/dist-packages/torch/_inductor/cpp_builder.py", line 638, in run_compile_cmd
    _run_compile_cmd(cmd_line, cwd)
    ~~~~~~~~~~~~~~~~^^^^^^^^^^^^^^^
  File "/usr/local/lib/python3.13/dist-packages/torch/_inductor/cpp_builder.py", line 633, in _run_compile_cmd
    raise exc.CppCompileError(cmd, output) from e
torch._inductor.exc.InductorError: CppCompileError: C++ compile error

Command:
g++ /tmp/torchinductor_root/vi/cvijnjmj45c5qpitwkvbnfut3i7tnfsgskfvj3qvq6aar4usxadb.main.cpp -D TORCH_INDUCTOR_CPP_WRAPPER -D STANDALONE_TORCH_HEADER -D C10_USING_CUSTOM_GENERATED_MACROS -D CPU_CAPABILITY_AVX512 -D USE_CUDA -O3 -DNDEBUG -fno-trapping-math -funsafe-math-optimizations -ffinite-math-only -fno-signed-zeros -fno-math-errno -fno-finite-math-only -fno-unsafe-math-optimizations -ffp-contract=off -fexcess-precision=fast -fno-tree-loop-vectorize -march=native -shared -fPIC -Wall -std=c++17 -Wno-unused-variable -Wno-unknown-pragmas -pedantic -fopenmp -include /tmp/torchinductor_root/precompiled_headers/ckjuxjb6pcqggf63n5rtkomkbdkn73mnfeo4svkhtwcbubvbcdyl.h -I/usr/include/python3.13 -I/usr/local/lib/python3.13/dist-packages/torch/include -I/usr/local/lib/python3.13/dist-packages/torch/include/torch/csrc/api/include -I/usr/local/cuda/include -mavx512f -mavx512dq -mavx512vl -mavx512bw -mfma -o /tmp/torchinductor_root/vi/cvijnjmj45c5qpitwkvbnfut3i7tnfsgskfvj3qvq6aar4usxadb.main.so -ltorch -ltorch_cpu -ltorch_python -lgomp -lcuda -ltorch_cuda -L/usr/lib/x86_64-linux-gnu -L/usr/local/lib/python3.13/dist-packages/torch/lib -L/usr/local/cuda-12.8/targets/x86_64-linux/lib -L/usr/local/cuda-12.8/targets/x86_64-linux/lib/stubs

Output:
/usr/bin/ld: cannot find -lcuda: No such file or directory
collect2: error: ld returned 1 exit status


Set TORCHDYNAMO_VERBOSE=1 for the internal stack trace (please do this especially if you're reporting a bug to PyTorch). For even more developer context, set TORCH_LOGS="+dynamo"

NEXT_CPP {"metadata": {"torch": "2.11.0+cu128", "cuda": "12.8", "gpu": "Tesla T4", "capability": [7, 5], "source_manifest": {"kernels/attention.py": "f65b905597692f0789309fb387abca767a7d0ea200318f81c28b819e3a923304", "kernels/cublaslt_probe.cpp": "c12e34d040917ce6be10992eb81652b2e944c6c9711a198dbe880046ce13daeb", "kernels/fp16x3.py": "fc0488821f3134ce49946cd2c2b1eb6d43e825d55c89822b7c113dd492bc45f4", "kernels/fp16x3_int8.py": "8ec131f4d9d19fa95560eb3c5ea03d7a00258293d49b2dd246abee08d01b1c01", "kernels/fused_layernorm.py": "bb7c11420cff1f47fddc9723fdfd189007f0adabf6a0b8d427bb7d4f5a69df32", "scripts/benchmark_next.py": "b3d01dd3b3ce50db77a288bbe5e0d745c12365252fbd76d9804a07ea7dc2d131", "scripts/build_kaggle_selfcontained.py": "ef44de301c98212ac9d7978479556a1defcdeb0aa281d08bf9e2984528db632c", "torch_transformer_benchmark.py": "5529c96a80799b51f68092e1444a30b17994554dffdf52da98ba701489a7f36e", "user_optimized.py": "e7de5c0af13c821fc854c3a2a806d93142a886518354f3913d47b340468f41bb"}, "reference_revision": "46154d19ceeba0c50af2588a0247ce43b56c0465"}, "results": [{"shape": 2, "candidates": {"python_wrapper": {"max_abs": 1.4901161193847656e-06, "ownership": "PASS"}}, "failures": {"cpp_wrapper": {"type": "InductorError", "message": "CppCompileError: C++ compile error\n\nCommand:\ng++ /tmp/torchinductor_root/vi/cvijnjmj45c5qpitwkvbnfut3i7tnfsgskfvj3qvq6aar4usxadb.main.cpp -D TORCH_INDUCTOR_CPP_WRAPPER -D STANDALONE_TORCH_HEADER -D C10_USING_CUSTOM_GENERATED_MACROS -D CPU_CAPABILITY_AVX512 -D USE_CUDA -O3 -DNDEBUG -fno-trapping-math -funsafe-math-optimizations -ffinite-math-only -fno-signed-zeros -fno-math-errno -fno-finite-math-only -fno-unsafe-math-optimizations -ffp-contract=off -fexcess-precision=fast -fno-tree-loop-vectorize -march=native -shared -fPIC -Wall -std=c++17 -Wno-unused-variable -Wno-unknown-pragmas -pedantic -fopenmp -include /tmp/torchinductor_root/precompiled_headers/ckjuxjb6pcqggf63n5rtkomkbdkn73mnfeo4svkhtwcbubvbcdyl.h -I/usr/include/python3.13 -I/usr/local/lib/python3.13/dist-packages/torch/include -I/usr/local/lib/python3.13/dist-packages/torch/include/torch/csrc/api/include -I/usr/local/cuda/include -mavx512f -mavx512dq -mavx512vl -mavx512bw -mfma -o /tmp/torchinductor_root/vi/cvijnjmj45c5qpitwkvbnfut3i7tnfsgskfvj3qvq6aar4usxadb.main.so -ltorch -ltorch_cpu -ltorch_python -lgomp -lcuda -ltorch_cuda -L/usr/lib/x86_64-linux-gnu -L/usr/local/lib/python3.13/dist-packages/torch/lib -L/usr/local/cuda-12.8/targets/x86_64-linux/lib -L/usr/local/cuda-12.8/targets/x86_64-linux/lib/stubs\n\nOutput:\n/usr/bin/ld: cannot find -lcuda: No such file or directory\ncollect2: error: ld returned 1 exit status\n\n\nSet TORCHDYNAMO_VERBOSE=1 for the internal stack trace (please do this especially if you're reporting a bug to PyTorch). For even more developer context, set TORCH_LOGS=\"+dynamo\"\n"}}, "timing": {"current_public": {"event_round_ms": [0.5400160253047943, 0.4174080044031143, 0.4174080044031143], "wall_round_ms": [0.5416445000003023, 0.41927158000021336, 0.4189281399999345], "event_ms": 0.4174080044031143, "wall_ms": 0.41927158000021336}, "python_wrapper": {"event_round_ms": [1.9418240189552307, 1.9120800495147705, 1.9290240406990051], "wall_round_ms": [1.9189150199997584, 2.204924119999987, 1.9411356599999863], "event_ms": 1.9290240406990051, "wall_ms": 1.9411356599999863}}}]}
Traceback (most recent call last):
  File "/kaggle/src/script.py", line 3197, in next_cpp
    inner(x, mask, True, True)  # compile inside the config context
    ~~~~~^^^^^^^^^^^^^^^^^^^^^
  File "/usr/local/lib/python3.13/dist-packages/torch/_dynamo/eval_frame.py", line 1038, in compile_wrapper
    raise e.remove_dynamo_frames() from None  # see TORCHDYNAMO_VERBOSE=1
    ^^^^^^^^^^^^^^^^^^^^^^^^^^^^^^^^^^^^^^^^
  File "/usr/local/lib/python3.13/dist-packages/torch/_inductor/compile_fx.py", line 1053, in _compile_fx_inner
    raise InductorError(e, currentframe()).with_traceback(
        e.__traceback__
    ) from None
  File "/usr/local/lib/python3.13/dist-packages/torch/_inductor/compile_fx.py", line 1037, in _compile_fx_inner
    mb_compiled_graph = fx_codegen_and_compile(
        gm, example_inputs, inputs_to_check, **graph_kwargs
    )
  File "/usr/local/lib/python3.13/dist-packages/torch/_inductor/compile_fx.py", line 1798, in fx_codegen_and_compile
    return scheme.codegen_and_compile(gm, example_inputs, inputs_to_check, graph_kwargs)
           ~~~~~~~~~~~~~~~~~~~~~~~~~~^^^^^^^^^^^^^^^^^^^^^^^^^^^^^^^^^^^^^^^^^^^^^^^^^^^
  File "/usr/local/lib/python3.13/dist-packages/torch/_inductor/compile_fx.py", line 1570, in codegen_and_compile
    compiled_module = graph.compile_to_module()
  File "/usr/local/lib/python3.13/dist-packages/torch/_inductor/graph.py", line 2499, in compile_to_module
    return self._compile_to_module()
           ~~~~~~~~~~~~~~~~~~~~~~~^^
  File "/usr/local/lib/python3.13/dist-packages/torch/_inductor/graph.py", line 2509, in _compile_to_module
    mod = self._compile_to_module_lines(wrapper_code)
  File "/usr/local/lib/python3.13/dist-packages/torch/_inductor/graph.py", line 2584, in _compile_to_module_lines
    mod = PyCodeCache.load_by_key_path(
        key,
    ...<6 lines>...
        },
    )
  File "/usr/local/lib/python3.13/dist-packages/torch/_inductor/codecache.py", line 3764, in load_by_key_path
    mod = _reload_python_module(key, path, set_sys_modules=in_toplevel)
  File "/usr/local/lib/python3.13/dist-packages/torch/_inductor/runtime/compile_tasks.py", line 35, in _reload_python_module
    exec(code, mod.__dict__, mod.__dict__)
    ~~~~^^^^^^^^^^^^^^^^^^^^^^^^^^^^^^^^^^
  File "/tmp/torchinductor_root/hy/chyh5axwnhe357ecgord4uyp6pvoz5vy33bmxsbrot2yujkzdfw5.py", line 1251, in <module>
    inductor_entry = CppWrapperCodeCache.load_pybinding(
        argtypes=["std::vector<AtenTensorHandle>"],
    ...<3 lines>...
        kernel_code=None,
    )
  File "/usr/local/lib/python3.13/dist-packages/torch/_inductor/codecache.py", line 3245, in load_pybinding
    return cls.load_pybinding_async(*args, **kwargs)()
           ~~~~~~~~~~~~~~~~~~~~~~~~~~~~~~~~~~~~~~~~~^^
  File "/usr/local/lib/python3.13/dist-packages/torch/_inductor/codecache.py", line 3237, in future
    result = get_result()
  File "/usr/local/lib/python3.13/dist-packages/torch/_inductor/codecache.py", line 3021, in load_fn
    result = worker_fn()
  File "/usr/local/lib/python3.13/dist-packages/torch/_inductor/codecache.py", line 3050, in _worker_compile_cpp
    builder.build()
    ~~~~~~~~~~~~~^^
  File "/usr/local/lib/python3.13/dist-packages/torch/_inductor/cpp_builder.py", line 2146, in build
    run_compile_cmd(build_cmd, cwd=_build_tmp_dir)
    ~~~~~~~~~~~~~~~^^^^^^^^^^^^^^^^^^^^^^^^^^^^^^^
  File "/usr/local/lib/python3.13/dist-packages/torch/_inductor/cpp_builder.py", line 638, in run_compile_cmd
    _run_compile_cmd(cmd_line, cwd)
    ~~~~~~~~~~~~~~~~^^^^^^^^^^^^^^^
  File "/usr/local/lib/python3.13/dist-packages/torch/_inductor/cpp_builder.py", line 633, in _run_compile_cmd
    raise exc.CppCompileError(cmd, output) from e
torch._inductor.exc.InductorError: CppCompileError: C++ compile error

Command:
g++ /tmp/torchinductor_root/ba/cbaoxh5tzqbeikjm7u2d24hpme3yumobmk5wem3uzrsxv25hamtm.main.cpp -D TORCH_INDUCTOR_CPP_WRAPPER -D STANDALONE_TORCH_HEADER -D C10_USING_CUSTOM_GENERATED_MACROS -D CPU_CAPABILITY_AVX512 -D USE_CUDA -O3 -DNDEBUG -fno-trapping-math -funsafe-math-optimizations -ffinite-math-only -fno-signed-zeros -fno-math-errno -fno-finite-math-only -fno-unsafe-math-optimizations -ffp-contract=off -fexcess-precision=fast -fno-tree-loop-vectorize -march=native -shared -fPIC -Wall -std=c++17 -Wno-unused-variable -Wno-unknown-pragmas -pedantic -fopenmp -include /tmp/torchinductor_root/precompiled_headers/ckjuxjb6pcqggf63n5rtkomkbdkn73mnfeo4svkhtwcbubvbcdyl.h -I/usr/include/python3.13 -I/usr/local/lib/python3.13/dist-packages/torch/include -I/usr/local/lib/python3.13/dist-packages/torch/include/torch/csrc/api/include -I/usr/local/cuda/include -mavx512f -mavx512dq -mavx512vl -mavx512bw -mfma -o /tmp/torchinductor_root/ba/cbaoxh5tzqbeikjm7u2d24hpme3yumobmk5wem3uzrsxv25hamtm.main.so -ltorch -ltorch_cpu -ltorch_python -lgomp -lcuda -ltorch_cuda -L/usr/lib/x86_64-linux-gnu -L/usr/local/lib/python3.13/dist-packages/torch/lib -L/usr/local/cuda-12.8/targets/x86_64-linux/lib -L/usr/local/cuda-12.8/targets/x86_64-linux/lib/stubs

Output:
/usr/bin/ld: cannot find -lcuda: No such file or directory
collect2: error: ld returned 1 exit status


Set TORCHDYNAMO_VERBOSE=1 for the internal stack trace (please do this especially if you're reporting a bug to PyTorch). For even more developer context, set TORCH_LOGS="+dynamo"

NEXT_CPP {"metadata": {"torch": "2.11.0+cu128", "cuda": "12.8", "gpu": "Tesla T4", "capability": [7, 5], "source_manifest": {"kernels/attention.py": "f65b905597692f0789309fb387abca767a7d0ea200318f81c28b819e3a923304", "kernels/cublaslt_probe.cpp": "c12e34d040917ce6be10992eb81652b2e944c6c9711a198dbe880046ce13daeb", "kernels/fp16x3.py": "fc0488821f3134ce49946cd2c2b1eb6d43e825d55c89822b7c113dd492bc45f4", "kernels/fp16x3_int8.py": "8ec131f4d9d19fa95560eb3c5ea03d7a00258293d49b2dd246abee08d01b1c01", "kernels/fused_layernorm.py": "bb7c11420cff1f47fddc9723fdfd189007f0adabf6a0b8d427bb7d4f5a69df32", "scripts/benchmark_next.py": "b3d01dd3b3ce50db77a288bbe5e0d745c12365252fbd76d9804a07ea7dc2d131", "scripts/build_kaggle_selfcontained.py": "ef44de301c98212ac9d7978479556a1defcdeb0aa281d08bf9e2984528db632c", "torch_transformer_benchmark.py": "5529c96a80799b51f68092e1444a30b17994554dffdf52da98ba701489a7f36e", "user_optimized.py": "e7de5c0af13c821fc854c3a2a806d93142a886518354f3913d47b340468f41bb"}, "reference_revision": "46154d19ceeba0c50af2588a0247ce43b56c0465"}, "results": [{"shape": 2, "candidates": {"python_wrapper": {"max_abs": 1.4901161193847656e-06, "ownership": "PASS"}}, "failures": {"cpp_wrapper": {"type": "InductorError", "message": "CppCompileError: C++ compile error\n\nCommand:\ng++ /tmp/torchinductor_root/vi/cvijnjmj45c5qpitwkvbnfut3i7tnfsgskfvj3qvq6aar4usxadb.main.cpp -D TORCH_INDUCTOR_CPP_WRAPPER -D STANDALONE_TORCH_HEADER -D C10_USING_CUSTOM_GENERATED_MACROS -D CPU_CAPABILITY_AVX512 -D USE_CUDA -O3 -DNDEBUG -fno-trapping-math -funsafe-math-optimizations -ffinite-math-only -fno-signed-zeros -fno-math-errno -fno-finite-math-only -fno-unsafe-math-optimizations -ffp-contract=off -fexcess-precision=fast -fno-tree-loop-vectorize -march=native -shared -fPIC -Wall -std=c++17 -Wno-unused-variable -Wno-unknown-pragmas -pedantic -fopenmp -include /tmp/torchinductor_root/precompiled_headers/ckjuxjb6pcqggf63n5rtkomkbdkn73mnfeo4svkhtwcbubvbcdyl.h -I/usr/include/python3.13 -I/usr/local/lib/python3.13/dist-packages/torch/include -I/usr/local/lib/python3.13/dist-packages/torch/include/torch/csrc/api/include -I/usr/local/cuda/include -mavx512f -mavx512dq -mavx512vl -mavx512bw -mfma -o /tmp/torchinductor_root/vi/cvijnjmj45c5qpitwkvbnfut3i7tnfsgskfvj3qvq6aar4usxadb.main.so -ltorch -ltorch_cpu -ltorch_python -lgomp -lcuda -ltorch_cuda -L/usr/lib/x86_64-linux-gnu -L/usr/local/lib/python3.13/dist-packages/torch/lib -L/usr/local/cuda-12.8/targets/x86_64-linux/lib -L/usr/local/cuda-12.8/targets/x86_64-linux/lib/stubs\n\nOutput:\n/usr/bin/ld: cannot find -lcuda: No such file or directory\ncollect2: error: ld returned 1 exit status\n\n\nSet TORCHDYNAMO_VERBOSE=1 for the internal stack trace (please do this especially if you're reporting a bug to PyTorch). For even more developer context, set TORCH_LOGS=\"+dynamo\"\n"}}, "timing": {"current_public": {"event_round_ms": [0.5400160253047943, 0.4174080044031143, 0.4174080044031143], "wall_round_ms": [0.5416445000003023, 0.41927158000021336, 0.4189281399999345], "event_ms": 0.4174080044031143, "wall_ms": 0.41927158000021336}, "python_wrapper": {"event_round_ms": [1.9418240189552307, 1.9120800495147705, 1.9290240406990051], "wall_round_ms": [1.9189150199997584, 2.204924119999987, 1.9411356599999863], "event_ms": 1.9290240406990051, "wall_ms": 1.9411356599999863}}}, {"shape": 3, "candidates": {"python_wrapper": {"max_abs": 1.430511474609375e-06, "ownership": "PASS"}}, "failures": {"cpp_wrapper": {"type": "InductorError", "message": "CppCompileError: C++ compile error\n\nCommand:\ng++ /tmp/torchinductor_root/ba/cbaoxh5tzqbeikjm7u2d24hpme3yumobmk5wem3uzrsxv25hamtm.main.cpp -D TORCH_INDUCTOR_CPP_WRAPPER -D STANDALONE_TORCH_HEADER -D C10_USING_CUSTOM_GENERATED_MACROS -D CPU_CAPABILITY_AVX512 -D USE_CUDA -O3 -DNDEBUG -fno-trapping-math -funsafe-math-optimizations -ffinite-math-only -fno-signed-zeros -fno-math-errno -fno-finite-math-only -fno-unsafe-math-optimizations -ffp-contract=off -fexcess-precision=fast -fno-tree-loop-vectorize -march=native -shared -fPIC -Wall -std=c++17 -Wno-unused-variable -Wno-unknown-pragmas -pedantic -fopenmp -include /tmp/torchinductor_root/precompiled_headers/ckjuxjb6pcqggf63n5rtkomkbdkn73mnfeo4svkhtwcbubvbcdyl.h -I/usr/include/python3.13 -I/usr/local/lib/python3.13/dist-packages/torch/include -I/usr/local/lib/python3.13/dist-packages/torch/include/torch/csrc/api/include -I/usr/local/cuda/include -mavx512f -mavx512dq -mavx512vl -mavx512bw -mfma -o /tmp/torchinductor_root/ba/cbaoxh5tzqbeikjm7u2d24hpme3yumobmk5wem3uzrsxv25hamtm.main.so -ltorch -ltorch_cpu -ltorch_python -lgomp -lcuda -ltorch_cuda -L/usr/lib/x86_64-linux-gnu -L/usr/local/lib/python3.13/dist-packages/torch/lib -L/usr/local/cuda-12.8/targets/x86_64-linux/lib -L/usr/local/cuda-12.8/targets/x86_64-linux/lib/stubs\n\nOutput:\n/usr/bin/ld: cannot find -lcuda: No such file or directory\ncollect2: error: ld returned 1 exit status\n\n\nSet TORCHDYNAMO_VERBOSE=1 for the internal stack trace (please do this especially if you're reporting a bug to PyTorch). For even more developer context, set TORCH_LOGS=\"+dynamo\"\n"}}, "timing": {"current_public": {"event_round_ms": [0.8314560055732727, 0.37273600697517395, 0.3728159964084625], "wall_round_ms": [0.8332417200000464, 0.3755482799999754, 0.37557760000026974], "event_ms": 0.3728159964084625, "wall_ms": 0.37557760000026974}, "python_wrapper": {"event_round_ms": [1.9487200379371643, 1.9107680320739746, 1.9307039976119995], "wall_round_ms": [1.9778270599999814, 1.9487136400005056, 1.902529300000424], "event_ms": 1.9307039976119995, "wall_ms": 1.9487136400005056}}}]}
Traceback (most recent call last):
  File "/kaggle/src/script.py", line 3197, in next_cpp
    inner(x, mask, True, True)  # compile inside the config context
    ~~~~~^^^^^^^^^^^^^^^^^^^^^
  File "/usr/local/lib/python3.13/dist-packages/torch/_dynamo/eval_frame.py", line 1038, in compile_wrapper
    raise e.remove_dynamo_frames() from None  # see TORCHDYNAMO_VERBOSE=1
    ^^^^^^^^^^^^^^^^^^^^^^^^^^^^^^^^^^^^^^^^
  File "/usr/local/lib/python3.13/dist-packages/torch/_inductor/compile_fx.py", line 1053, in _compile_fx_inner
    raise InductorError(e, currentframe()).with_traceback(
        e.__traceback__
    ) from None
  File "/usr/local/lib/python3.13/dist-packages/torch/_inductor/compile_fx.py", line 1037, in _compile_fx_inner
    mb_compiled_graph = fx_codegen_and_compile(
        gm, example_inputs, inputs_to_check, **graph_kwargs
    )
  File "/usr/local/lib/python3.13/dist-packages/torch/_inductor/compile_fx.py", line 1798, in fx_codegen_and_compile
    return scheme.codegen_and_compile(gm, example_inputs, inputs_to_check, graph_kwargs)
           ~~~~~~~~~~~~~~~~~~~~~~~~~~^^^^^^^^^^^^^^^^^^^^^^^^^^^^^^^^^^^^^^^^^^^^^^^^^^^
  File "/usr/local/lib/python3.13/dist-packages/torch/_inductor/compile_fx.py", line 1570, in codegen_and_compile
    compiled_module = graph.compile_to_module()
  File "/usr/local/lib/python3.13/dist-packages/torch/_inductor/graph.py", line 2499, in compile_to_module
    return self._compile_to_module()
           ~~~~~~~~~~~~~~~~~~~~~~~^^
  File "/usr/local/lib/python3.13/dist-packages/torch/_inductor/graph.py", line 2509, in _compile_to_module
    mod = self._compile_to_module_lines(wrapper_code)
  File "/usr/local/lib/python3.13/dist-packages/torch/_inductor/graph.py", line 2584, in _compile_to_module_lines
    mod = PyCodeCache.load_by_key_path(
        key,
    ...<6 lines>...
        },
    )
  File "/usr/local/lib/python3.13/dist-packages/torch/_inductor/codecache.py", line 3764, in load_by_key_path
    mod = _reload_python_module(key, path, set_sys_modules=in_toplevel)
  File "/usr/local/lib/python3.13/dist-packages/torch/_inductor/runtime/compile_tasks.py", line 35, in _reload_python_module
    exec(code, mod.__dict__, mod.__dict__)
    ~~~~^^^^^^^^^^^^^^^^^^^^^^^^^^^^^^^^^^
  File "/tmp/torchinductor_root/tw/ctwcp6cl7qtglmhtlwaxut7dawoa6x2xff2cqqobccdjit6awlhg.py", line 1251, in <module>
    inductor_entry = CppWrapperCodeCache.load_pybinding(
        argtypes=["std::vector<AtenTensorHandle>"],
    ...<3 lines>...
        kernel_code=None,
    )
  File "/usr/local/lib/python3.13/dist-packages/torch/_inductor/codecache.py", line 3245, in load_pybinding
    return cls.load_pybinding_async(*args, **kwargs)()
           ~~~~~~~~~~~~~~~~~~~~~~~~~~~~~~~~~~~~~~~~~^^
  File "/usr/local/lib/python3.13/dist-packages/torch/_inductor/codecache.py", line 3237, in future
    result = get_result()
  File "/usr/local/lib/python3.13/dist-packages/torch/_inductor/codecache.py", line 3021, in load_fn
    result = worker_fn()
  File "/usr/local/lib/python3.13/dist-packages/torch/_inductor/codecache.py", line 3050, in _worker_compile_cpp
    builder.build()
    ~~~~~~~~~~~~~^^
  File "/usr/local/lib/python3.13/dist-packages/torch/_inductor/cpp_builder.py", line 2146, in build
    run_compile_cmd(build_cmd, cwd=_build_tmp_dir)
    ~~~~~~~~~~~~~~~^^^^^^^^^^^^^^^^^^^^^^^^^^^^^^^
  File "/usr/local/lib/python3.13/dist-packages/torch/_inductor/cpp_builder.py", line 638, in run_compile_cmd
    _run_compile_cmd(cmd_line, cwd)
    ~~~~~~~~~~~~~~~~^^^^^^^^^^^^^^^
  File "/usr/local/lib/python3.13/dist-packages/torch/_inductor/cpp_builder.py", line 633, in _run_compile_cmd
    raise exc.CppCompileError(cmd, output) from e
torch._inductor.exc.InductorError: CppCompileError: C++ compile error

Command:
g++ /tmp/torchinductor_root/jd/cjdsczqj7pjyu56fnvzfqyykyjesbce7ylazoxdf5jqwihlnrm2c.main.cpp -D TORCH_INDUCTOR_CPP_WRAPPER -D STANDALONE_TORCH_HEADER -D C10_USING_CUSTOM_GENERATED_MACROS -D CPU_CAPABILITY_AVX512 -D USE_CUDA -O3 -DNDEBUG -fno-trapping-math -funsafe-math-optimizations -ffinite-math-only -fno-signed-zeros -fno-math-errno -fno-finite-math-only -fno-unsafe-math-optimizations -ffp-contract=off -fexcess-precision=fast -fno-tree-loop-vectorize -march=native -shared -fPIC -Wall -std=c++17 -Wno-unused-variable -Wno-unknown-pragmas -pedantic -fopenmp -include /tmp/torchinductor_root/precompiled_headers/ckjuxjb6pcqggf63n5rtkomkbdkn73mnfeo4svkhtwcbubvbcdyl.h -I/usr/include/python3.13 -I/usr/local/lib/python3.13/dist-packages/torch/include -I/usr/local/lib/python3.13/dist-packages/torch/include/torch/csrc/api/include -I/usr/local/cuda/include -mavx512f -mavx512dq -mavx512vl -mavx512bw -mfma -o /tmp/torchinductor_root/jd/cjdsczqj7pjyu56fnvzfqyykyjesbce7ylazoxdf5jqwihlnrm2c.main.so -ltorch -ltorch_cpu -ltorch_python -lgomp -lcuda -ltorch_cuda -L/usr/lib/x86_64-linux-gnu -L/usr/local/lib/python3.13/dist-packages/torch/lib -L/usr/local/cuda-12.8/targets/x86_64-linux/lib -L/usr/local/cuda-12.8/targets/x86_64-linux/lib/stubs

Output:
/usr/bin/ld: cannot find -lcuda: No such file or directory
collect2: error: ld returned 1 exit status


Set TORCHDYNAMO_VERBOSE=1 for the internal stack trace (please do this especially if you're reporting a bug to PyTorch). For even more developer context, set TORCH_LOGS="+dynamo"

NEXT_CPP {"metadata": {"torch": "2.11.0+cu128", "cuda": "12.8", "gpu": "Tesla T4", "capability": [7, 5], "source_manifest": {"kernels/attention.py": "f65b905597692f0789309fb387abca767a7d0ea200318f81c28b819e3a923304", "kernels/cublaslt_probe.cpp": "c12e34d040917ce6be10992eb81652b2e944c6c9711a198dbe880046ce13daeb", "kernels/fp16x3.py": "fc0488821f3134ce49946cd2c2b1eb6d43e825d55c89822b7c113dd492bc45f4", "kernels/fp16x3_int8.py": "8ec131f4d9d19fa95560eb3c5ea03d7a00258293d49b2dd246abee08d01b1c01", "kernels/fused_layernorm.py": "bb7c11420cff1f47fddc9723fdfd189007f0adabf6a0b8d427bb7d4f5a69df32", "scripts/benchmark_next.py": "b3d01dd3b3ce50db77a288bbe5e0d745c12365252fbd76d9804a07ea7dc2d131", "scripts/build_kaggle_selfcontained.py": "ef44de301c98212ac9d7978479556a1defcdeb0aa281d08bf9e2984528db632c", "torch_transformer_benchmark.py": "5529c96a80799b51f68092e1444a30b17994554dffdf52da98ba701489a7f36e", "user_optimized.py": "e7de5c0af13c821fc854c3a2a806d93142a886518354f3913d47b340468f41bb"}, "reference_revision": "46154d19ceeba0c50af2588a0247ce43b56c0465"}, "results": [{"shape": 2, "candidates": {"python_wrapper": {"max_abs": 1.4901161193847656e-06, "ownership": "PASS"}}, "failures": {"cpp_wrapper": {"type": "InductorError", "message": "CppCompileError: C++ compile error\n\nCommand:\ng++ /tmp/torchinductor_root/vi/cvijnjmj45c5qpitwkvbnfut3i7tnfsgskfvj3qvq6aar4usxadb.main.cpp -D TORCH_INDUCTOR_CPP_WRAPPER -D STANDALONE_TORCH_HEADER -D C10_USING_CUSTOM_GENERATED_MACROS -D CPU_CAPABILITY_AVX512 -D USE_CUDA -O3 -DNDEBUG -fno-trapping-math -funsafe-math-optimizations -ffinite-math-only -fno-signed-zeros -fno-math-errno -fno-finite-math-only -fno-unsafe-math-optimizations -ffp-contract=off -fexcess-precision=fast -fno-tree-loop-vectorize -march=native -shared -fPIC -Wall -std=c++17 -Wno-unused-variable -Wno-unknown-pragmas -pedantic -fopenmp -include /tmp/torchinductor_root/precompiled_headers/ckjuxjb6pcqggf63n5rtkomkbdkn73mnfeo4svkhtwcbubvbcdyl.h -I/usr/include/python3.13 -I/usr/local/lib/python3.13/dist-packages/torch/include -I/usr/local/lib/python3.13/dist-packages/torch/include/torch/csrc/api/include -I/usr/local/cuda/include -mavx512f -mavx512dq -mavx512vl -mavx512bw -mfma -o /tmp/torchinductor_root/vi/cvijnjmj45c5qpitwkvbnfut3i7tnfsgskfvj3qvq6aar4usxadb.main.so -ltorch -ltorch_cpu -ltorch_python -lgomp -lcuda -ltorch_cuda -L/usr/lib/x86_64-linux-gnu -L/usr/local/lib/python3.13/dist-packages/torch/lib -L/usr/local/cuda-12.8/targets/x86_64-linux/lib -L/usr/local/cuda-12.8/targets/x86_64-linux/lib/stubs\n\nOutput:\n/usr/bin/ld: cannot find -lcuda: No such file or directory\ncollect2: error: ld returned 1 exit status\n\n\nSet TORCHDYNAMO_VERBOSE=1 for the internal stack trace (please do this especially if you're reporting a bug to PyTorch). For even more developer context, set TORCH_LOGS=\"+dynamo\"\n"}}, "timing": {"current_public": {"event_round_ms": [0.5400160253047943, 0.4174080044031143, 0.4174080044031143], "wall_round_ms": [0.5416445000003023, 0.41927158000021336, 0.4189281399999345], "event_ms": 0.4174080044031143, "wall_ms": 0.41927158000021336}, "python_wrapper": {"event_round_ms": [1.9418240189552307, 1.9120800495147705, 1.9290240406990051], "wall_round_ms": [1.9189150199997584, 2.204924119999987, 1.9411356599999863], "event_ms": 1.9290240406990051, "wall_ms": 1.9411356599999863}}}, {"shape": 3, "candidates": {"python_wrapper": {"max_abs": 1.430511474609375e-06, "ownership": "PASS"}}, "failures": {"cpp_wrapper": {"type": "InductorError", "message": "CppCompileError: C++ compile error\n\nCommand:\ng++ /tmp/torchinductor_root/ba/cbaoxh5tzqbeikjm7u2d24hpme3yumobmk5wem3uzrsxv25hamtm.main.cpp -D TORCH_INDUCTOR_CPP_WRAPPER -D STANDALONE_TORCH_HEADER -D C10_USING_CUSTOM_GENERATED_MACROS -D CPU_CAPABILITY_AVX512 -D USE_CUDA -O3 -DNDEBUG -fno-trapping-math -funsafe-math-optimizations -ffinite-math-only -fno-signed-zeros -fno-math-errno -fno-finite-math-only -fno-unsafe-math-optimizations -ffp-contract=off -fexcess-precision=fast -fno-tree-loop-vectorize -march=native -shared -fPIC -Wall -std=c++17 -Wno-unused-variable -Wno-unknown-pragmas -pedantic -fopenmp -include /tmp/torchinductor_root/precompiled_headers/ckjuxjb6pcqggf63n5rtkomkbdkn73mnfeo4svkhtwcbubvbcdyl.h -I/usr/include/python3.13 -I/usr/local/lib/python3.13/dist-packages/torch/include -I/usr/local/lib/python3.13/dist-packages/torch/include/torch/csrc/api/include -I/usr/local/cuda/include -mavx512f -mavx512dq -mavx512vl -mavx512bw -mfma -o /tmp/torchinductor_root/ba/cbaoxh5tzqbeikjm7u2d24hpme3yumobmk5wem3uzrsxv25hamtm.main.so -ltorch -ltorch_cpu -ltorch_python -lgomp -lcuda -ltorch_cuda -L/usr/lib/x86_64-linux-gnu -L/usr/local/lib/python3.13/dist-packages/torch/lib -L/usr/local/cuda-12.8/targets/x86_64-linux/lib -L/usr/local/cuda-12.8/targets/x86_64-linux/lib/stubs\n\nOutput:\n/usr/bin/ld: cannot find -lcuda: No such file or directory\ncollect2: error: ld returned 1 exit status\n\n\nSet TORCHDYNAMO_VERBOSE=1 for the internal stack trace (please do this especially if you're reporting a bug to PyTorch). For even more developer context, set TORCH_LOGS=\"+dynamo\"\n"}}, "timing": {"current_public": {"event_round_ms": [0.8314560055732727, 0.37273600697517395, 0.3728159964084625], "wall_round_ms": [0.8332417200000464, 0.3755482799999754, 0.37557760000026974], "event_ms": 0.3728159964084625, "wall_ms": 0.37557760000026974}, "python_wrapper": {"event_round_ms": [1.9487200379371643, 1.9107680320739746, 1.9307039976119995], "wall_round_ms": [1.9778270599999814, 1.9487136400005056, 1.902529300000424], "event_ms": 1.9307039976119995, "wall_ms": 1.9487136400005056}}}, {"shape": 12, "candidates": {"python_wrapper": {"max_abs": 1.7881393432617188e-06, "ownership": "PASS"}}, "failures": {"cpp_wrapper": {"type": "InductorError", "message": "CppCompileError: C++ compile error\n\nCommand:\ng++ /tmp/torchinductor_root/jd/cjdsczqj7pjyu56fnvzfqyykyjesbce7ylazoxdf5jqwihlnrm2c.main.cpp -D TORCH_INDUCTOR_CPP_WRAPPER -D STANDALONE_TORCH_HEADER -D C10_USING_CUSTOM_GENERATED_MACROS -D CPU_CAPABILITY_AVX512 -D USE_CUDA -O3 -DNDEBUG -fno-trapping-math -funsafe-math-optimizations -ffinite-math-only -fno-signed-zeros -fno-math-errno -fno-finite-math-only -fno-unsafe-math-optimizations -ffp-contract=off -fexcess-precision=fast -fno-tree-loop-vectorize -march=native -shared -fPIC -Wall -std=c++17 -Wno-unused-variable -Wno-unknown-pragmas -pedantic -fopenmp -include /tmp/torchinductor_root/precompiled_headers/ckjuxjb6pcqggf63n5rtkomkbdkn73mnfeo4svkhtwcbubvbcdyl.h -I/usr/include/python3.13 -I/usr/local/lib/python3.13/dist-packages/torch/include -I/usr/local/lib/python3.13/dist-packages/torch/include/torch/csrc/api/include -I/usr/local/cuda/include -mavx512f -mavx512dq -mavx512vl -mavx512bw -mfma -o /tmp/torchinductor_root/jd/cjdsczqj7pjyu56fnvzfqyykyjesbce7ylazoxdf5jqwihlnrm2c.main.so -ltorch -ltorch_cpu -ltorch_python -lgomp -lcuda -ltorch_cuda -L/usr/lib/x86_64-linux-gnu -L/usr/local/lib/python3.13/dist-packages/torch/lib -L/usr/local/cuda-12.8/targets/x86_64-linux/lib -L/usr/local/cuda-12.8/targets/x86_64-linux/lib/stubs\n\nOutput:\n/usr/bin/ld: cannot find -lcuda: No such file or directory\ncollect2: error: ld returned 1 exit status\n\n\nSet TORCHDYNAMO_VERBOSE=1 for the internal stack trace (please do this especially if you're reporting a bug to PyTorch). For even more developer context, set TORCH_LOGS=\"+dynamo\"\n"}}, "timing": {"current_public": {"event_round_ms": [1.7594240307807922, 0.8940479755401611, 0.9660640060901642], "wall_round_ms": [1.6314939199992295, 0.9826286199995593, 0.9668405800005075], "event_ms": 0.9660640060901642, "wall_ms": 0.9826286199995593}, "python_wrapper": {"event_round_ms": [2.447360038757324, 2.0628479719161987, 2.1619839668273926], "wall_round_ms": [2.2617225999999846, 2.0627854400004253, 2.0599624999999833], "event_ms": 2.1619839668273926, "wall_ms": 2.0627854400004253}}}]}
/usr/local/lib/python3.13/dist-packages/mistune.py:435: SyntaxWarning: invalid escape sequence '\|'
  cells[i][c] = re.sub('\\\\\|', '|', cell)
/usr/local/lib/python3.13/dist-packages/nbconvert/filters/filter_links.py:36: SyntaxWarning: invalid escape sequence '\_'
  text = re.sub(r'_', '\_', text) # Escape underscores in display text
[NbConvertApp] Converting notebook __script__.ipynb to html
[NbConvertApp] Writing 1011694 bytes to __results__.html
