Using pip 24.1.2 from /usr/local/lib/python3.13/dist-packages/pip (python 3.13)
Processing /tmp/track3-flash-attention-turing
  Preparing metadata (setup.py): started
  Running command python setup.py egg_info
  running egg_info
  creating /tmp/pip-pip-egg-info-vh704o4a/flash_attn_turing.egg-info
  writing /tmp/pip-pip-egg-info-vh704o4a/flash_attn_turing.egg-info/PKG-INFO
  writing dependency_links to /tmp/pip-pip-egg-info-vh704o4a/flash_attn_turing.egg-info/dependency_links.txt
  writing requirements to /tmp/pip-pip-egg-info-vh704o4a/flash_attn_turing.egg-info/requires.txt
  writing top-level names to /tmp/pip-pip-egg-info-vh704o4a/flash_attn_turing.egg-info/top_level.txt
  writing manifest file '/tmp/pip-pip-egg-info-vh704o4a/flash_attn_turing.egg-info/SOURCES.txt'
  reading manifest file '/tmp/pip-pip-egg-info-vh704o4a/flash_attn_turing.egg-info/SOURCES.txt'
  writing manifest file '/tmp/pip-pip-egg-info-vh704o4a/flash_attn_turing.egg-info/SOURCES.txt'
  Preparing metadata (setup.py): finished with status 'done'
Building wheels for collected packages: flash_attn_turing
  Building wheel for flash_attn_turing (setup.py): started
  Running command python setup.py bdist_wheel
  running bdist_wheel
  running build
  running build_ext
  building 'flash_attn_turing' extension
  creating /tmp/track3-flash-attention-turing/build/temp.linux-x86_64-cpython-313/csrc/flash_attn
  creating /tmp/track3-flash-attention-turing/build/temp.linux-x86_64-cpython-313/csrc/flash_attn/src
  [1/13] c++ -MMD -MF /tmp/track3-flash-attention-turing/build/temp.linux-x86_64-cpython-313/csrc/flash_attn/flash_api.o.d -fno-strict-overflow -Wsign-compare -DNDEBUG -g -O2 -Wall -g -fno-omit-frame-pointer -mno-omit-leaf-frame-pointer -fstack-protector-strong -fstack-clash-protection -Wformat -Werror=format-security -fcf-protection -g -fwrapv -O2 -fPIC -I/tmp/track3-flash-attention-turing/csrc/flash_attn -I/tmp/track3-flash-attention-turing/csrc/flash_attn/src -I/tmp/track3-flash-attention-turing/csrc/cutlass/include -I/tmp/track3-flash-attention-turing/csrc/cutlass/tools/util/include -I/usr/local/lib/python3.13/dist-packages/torch/include -I/usr/local/lib/python3.13/dist-packages/torch/include/torch/csrc/api/include -I/usr/local/cuda/include -I/usr/include/python3.13 -c -c /tmp/track3-flash-attention-turing/csrc/flash_attn/flash_api.cpp -o /tmp/track3-flash-attention-turing/build/temp.linux-x86_64-cpython-313/csrc/flash_attn/flash_api.o -DTORCH_API_INCLUDE_EXTENSION_H -DTORCH_EXTENSION_NAME=flash_attn_turing -std=c++17
  [2/13] /usr/local/cuda/bin/nvcc -MD -MF /tmp/track3-flash-attention-turing/build/temp.linux-x86_64-cpython-313/csrc/flash_attn/src/flash_bwd_hdim128_fp16_causal_sm75.o.d -I/tmp/track3-flash-attention-turing/csrc/flash_attn -I/tmp/track3-flash-attention-turing/csrc/flash_attn/src -I/tmp/track3-flash-attention-turing/csrc/cutlass/include -I/tmp/track3-flash-attention-turing/csrc/cutlass/tools/util/include -I/usr/local/lib/python3.13/dist-packages/torch/include -I/usr/local/lib/python3.13/dist-packages/torch/include/torch/csrc/api/include -I/usr/local/cuda/include -I/usr/include/python3.13 -c -c /tmp/track3-flash-attention-turing/csrc/flash_attn/src/flash_bwd_hdim128_fp16_causal_sm75.cu -o /tmp/track3-flash-attention-turing/build/temp.linux-x86_64-cpython-313/csrc/flash_attn/src/flash_bwd_hdim128_fp16_causal_sm75.o -D__CUDA_NO_HALF_OPERATORS__ -D__CUDA_NO_HALF_CONVERSIONS__ -D__CUDA_NO_BFLOAT16_CONVERSIONS__ -D__CUDA_NO_HALF2_OPERATORS__ --expt-relaxed-constexpr --compiler-options ''"'"'-fPIC'"'"'' -std=c++17 --expt-relaxed-constexpr -arch=sm_75 -O3 --use_fast_math --ptxas-options=-v -lineinfo -DTORCH_API_INCLUDE_EXTENSION_H -DTORCH_EXTENSION_NAME=flash_attn_turing
  ptxas info    : 13 bytes gmem, 104 bytes cmem[4]
  ptxas info    : Compiling entry function '_Z22flash_bwd_dk_dv_kernelI23Flash_bwd_kernel_traitsILi128ELi64ELi64ELi8EN7cutlass6half_tE19Flash_kernel_traitsILi128ELi64ELi64ELi8ES2_EELb1ELb0EEvPS2_S6_S6_PfS7_S6_S6_S6_PiS8_iiiiiiifi' for 'sm_75'
  ptxas info    : Function properties for _Z22flash_bwd_dk_dv_kernelI23Flash_bwd_kernel_traitsILi128ELi64ELi64ELi8EN7cutlass6half_tE19Flash_kernel_traitsILi128ELi64ELi64ELi8ES2_EELb1ELb0EEvPS2_S6_S6_PfS7_S6_S6_S6_PiS8_iiiiiiifi
      0 bytes stack frame, 0 bytes spill stores, 0 bytes spill loads
  ptxas info    : Used 199 registers, used 1 barriers, 468 bytes cmem[0]
  ptxas info    : Compile time = 484.973 ms
  ptxas info    : Compiling entry function '_Z22flash_bwd_dk_dv_kernelI23Flash_bwd_kernel_traitsILi128ELi64ELi64ELi8EN7cutlass6half_tE19Flash_kernel_traitsILi128ELi64ELi64ELi8ES2_EELb1ELb1EEvPS2_S6_S6_PfS7_S6_S6_S6_PiS8_iiiiiiifi' for 'sm_75'
  ptxas info    : Function properties for _Z22flash_bwd_dk_dv_kernelI23Flash_bwd_kernel_traitsILi128ELi64ELi64ELi8EN7cutlass6half_tE19Flash_kernel_traitsILi128ELi64ELi64ELi8ES2_EELb1ELb1EEvPS2_S6_S6_PfS7_S6_S6_S6_PiS8_iiiiiiifi
      0 bytes stack frame, 0 bytes spill stores, 0 bytes spill loads
  ptxas info    : Used 206 registers, used 1 barriers, 468 bytes cmem[0]
  ptxas info    : Compile time = 343.621 ms
  ptxas info    : Compiling entry function '_Z19flash_bwd_dq_kernelI23Flash_bwd_kernel_traitsILi128ELi64ELi64ELi8EN7cutlass6half_tE19Flash_kernel_traitsILi128ELi64ELi64ELi8ES2_EELb1ELb0EEvPS2_S6_S6_PfS7_S6_S6_PiS8_iiiiiiifi' for 'sm_75'
  ptxas info    : Function properties for _Z19flash_bwd_dq_kernelI23Flash_bwd_kernel_traitsILi128ELi64ELi64ELi8EN7cutlass6half_tE19Flash_kernel_traitsILi128ELi64ELi64ELi8ES2_EELb1ELb0EEvPS2_S6_S6_PfS7_S6_S6_PiS8_iiiiiiifi
      0 bytes stack frame, 0 bytes spill stores, 0 bytes spill loads
  ptxas info    : Used 168 registers, used 1 barriers, 460 bytes cmem[0]
  ptxas info    : Compile time = 267.714 ms
  ptxas info    : Compiling entry function '_Z19flash_bwd_dq_kernelI23Flash_bwd_kernel_traitsILi128ELi64ELi64ELi8EN7cutlass6half_tE19Flash_kernel_traitsILi128ELi64ELi64ELi8ES2_EELb1ELb1EEvPS2_S6_S6_PfS7_S6_S6_PiS8_iiiiiiifi' for 'sm_75'
  ptxas info    : Function properties for _Z19flash_bwd_dq_kernelI23Flash_bwd_kernel_traitsILi128ELi64ELi64ELi8EN7cutlass6half_tE19Flash_kernel_traitsILi128ELi64ELi64ELi8ES2_EELb1ELb1EEvPS2_S6_S6_PfS7_S6_S6_PiS8_iiiiiiifi
      0 bytes stack frame, 0 bytes spill stores, 0 bytes spill loads
  ptxas info    : Used 166 registers, used 1 barriers, 460 bytes cmem[0]
  ptxas info    : Compile time = 238.414 ms
  ptxas info    : Compiling entry function '_Z25flash_bwd_dot_do_o_kernelI23Flash_bwd_kernel_traitsILi128ELi64ELi64ELi8EN7cutlass6half_tE19Flash_kernel_traitsILi128ELi64ELi64ELi8ES2_EELb1EEvPS2_S6_PfPiiiiii' for 'sm_75'
  ptxas info    : Function properties for _Z25flash_bwd_dot_do_o_kernelI23Flash_bwd_kernel_traitsILi128ELi64ELi64ELi8EN7cutlass6half_tE19Flash_kernel_traitsILi128ELi64ELi64ELi8ES2_EELb1EEvPS2_S6_PfPiiiiii
      0 bytes stack frame, 0 bytes spill stores, 0 bytes spill loads
  ptxas info    : Used 20 registers, used 0 barriers, 404 bytes cmem[0]
  ptxas info    : Compile time = 4.046 ms
  [3/13] /usr/local/cuda/bin/nvcc -MD -MF /tmp/track3-flash-attention-turing/build/temp.linux-x86_64-cpython-313/csrc/flash_attn/src/flash_bwd_hdim128_fp16_sm75.o.d -I/tmp/track3-flash-attention-turing/csrc/flash_attn -I/tmp/track3-flash-attention-turing/csrc/flash_attn/src -I/tmp/track3-flash-attention-turing/csrc/cutlass/include -I/tmp/track3-flash-attention-turing/csrc/cutlass/tools/util/include -I/usr/local/lib/python3.13/dist-packages/torch/include -I/usr/local/lib/python3.13/dist-packages/torch/include/torch/csrc/api/include -I/usr/local/cuda/include -I/usr/include/python3.13 -c -c /tmp/track3-flash-attention-turing/csrc/flash_attn/src/flash_bwd_hdim128_fp16_sm75.cu -o /tmp/track3-flash-attention-turing/build/temp.linux-x86_64-cpython-313/csrc/flash_attn/src/flash_bwd_hdim128_fp16_sm75.o -D__CUDA_NO_HALF_OPERATORS__ -D__CUDA_NO_HALF_CONVERSIONS__ -D__CUDA_NO_BFLOAT16_CONVERSIONS__ -D__CUDA_NO_HALF2_OPERATORS__ --expt-relaxed-constexpr --compiler-options ''"'"'-fPIC'"'"'' -std=c++17 --expt-relaxed-constexpr -arch=sm_75 -O3 --use_fast_math --ptxas-options=-v -lineinfo -DTORCH_API_INCLUDE_EXTENSION_H -DTORCH_EXTENSION_NAME=flash_attn_turing
  ptxas info    : 13 bytes gmem, 104 bytes cmem[4]
  ptxas info    : Compiling entry function '_Z22flash_bwd_dk_dv_kernelI23Flash_bwd_kernel_traitsILi128ELi64ELi64ELi8EN7cutlass6half_tE19Flash_kernel_traitsILi128ELi64ELi64ELi8ES2_EELb0ELb0EEvPS2_S6_S6_PfS7_S6_S6_S6_PiS8_iiiiiiifi' for 'sm_75'
  ptxas info    : Function properties for _Z22flash_bwd_dk_dv_kernelI23Flash_bwd_kernel_traitsILi128ELi64ELi64ELi8EN7cutlass6half_tE19Flash_kernel_traitsILi128ELi64ELi64ELi8ES2_EELb0ELb0EEvPS2_S6_S6_PfS7_S6_S6_S6_PiS8_iiiiiiifi
      0 bytes stack frame, 0 bytes spill stores, 0 bytes spill loads
  ptxas info    : Used 196 registers, used 1 barriers, 468 bytes cmem[0]
  ptxas info    : Compile time = 226.787 ms
  ptxas info    : Compiling entry function '_Z22flash_bwd_dk_dv_kernelI23Flash_bwd_kernel_traitsILi128ELi64ELi64ELi8EN7cutlass6half_tE19Flash_kernel_traitsILi128ELi64ELi64ELi8ES2_EELb0ELb1EEvPS2_S6_S6_PfS7_S6_S6_S6_PiS8_iiiiiiifi' for 'sm_75'
  ptxas info    : Function properties for _Z22flash_bwd_dk_dv_kernelI23Flash_bwd_kernel_traitsILi128ELi64ELi64ELi8EN7cutlass6half_tE19Flash_kernel_traitsILi128ELi64ELi64ELi8ES2_EELb0ELb1EEvPS2_S6_S6_PfS7_S6_S6_S6_PiS8_iiiiiiifi
      0 bytes stack frame, 0 bytes spill stores, 0 bytes spill loads
  ptxas info    : Used 206 registers, used 1 barriers, 468 bytes cmem[0]
  ptxas info    : Compile time = 201.863 ms
  ptxas info    : Compiling entry function '_Z19flash_bwd_dq_kernelI23Flash_bwd_kernel_traitsILi128ELi64ELi64ELi8EN7cutlass6half_tE19Flash_kernel_traitsILi128ELi64ELi64ELi8ES2_EELb0ELb0EEvPS2_S6_S6_PfS7_S6_S6_PiS8_iiiiiiifi' for 'sm_75'
  ptxas info    : Function properties for _Z19flash_bwd_dq_kernelI23Flash_bwd_kernel_traitsILi128ELi64ELi64ELi8EN7cutlass6half_tE19Flash_kernel_traitsILi128ELi64ELi64ELi8ES2_EELb0ELb0EEvPS2_S6_S6_PfS7_S6_S6_PiS8_iiiiiiifi
      0 bytes stack frame, 0 bytes spill stores, 0 bytes spill loads
  ptxas info    : Used 155 registers, used 1 barriers, 460 bytes cmem[0]
  ptxas info    : Compile time = 251.766 ms
  ptxas info    : Compiling entry function '_Z19flash_bwd_dq_kernelI23Flash_bwd_kernel_traitsILi128ELi64ELi64ELi8EN7cutlass6half_tE19Flash_kernel_traitsILi128ELi64ELi64ELi8ES2_EELb0ELb1EEvPS2_S6_S6_PfS7_S6_S6_PiS8_iiiiiiifi' for 'sm_75'
  ptxas info    : Function properties for _Z19flash_bwd_dq_kernelI23Flash_bwd_kernel_traitsILi128ELi64ELi64ELi8EN7cutlass6half_tE19Flash_kernel_traitsILi128ELi64ELi64ELi8ES2_EELb0ELb1EEvPS2_S6_S6_PfS7_S6_S6_PiS8_iiiiiiifi
      0 bytes stack frame, 0 bytes spill stores, 0 bytes spill loads
  ptxas info    : Used 157 registers, used 1 barriers, 460 bytes cmem[0]
  ptxas info    : Compile time = 245.058 ms
  ptxas info    : Compiling entry function '_Z25flash_bwd_dot_do_o_kernelI23Flash_bwd_kernel_traitsILi128ELi64ELi64ELi8EN7cutlass6half_tE19Flash_kernel_traitsILi128ELi64ELi64ELi8ES2_EELb0EEvPS2_S6_PfPiiiiii' for 'sm_75'
  ptxas info    : Function properties for _Z25flash_bwd_dot_do_o_kernelI23Flash_bwd_kernel_traitsILi128ELi64ELi64ELi8EN7cutlass6half_tE19Flash_kernel_traitsILi128ELi64ELi64ELi8ES2_EELb0EEvPS2_S6_PfPiiiiii
      0 bytes stack frame, 0 bytes spill stores, 0 bytes spill loads
  ptxas info    : Used 20 registers, used 0 barriers, 404 bytes cmem[0]
  ptxas info    : Compile time = 4.065 ms
  [4/13] /usr/local/cuda/bin/nvcc -MD -MF /tmp/track3-flash-attention-turing/build/temp.linux-x86_64-cpython-313/csrc/flash_attn/src/flash_bwd_hdim64_fp16_causal_sm75.o.d -I/tmp/track3-flash-attention-turing/csrc/flash_attn -I/tmp/track3-flash-attention-turing/csrc/flash_attn/src -I/tmp/track3-flash-attention-turing/csrc/cutlass/include -I/tmp/track3-flash-attention-turing/csrc/cutlass/tools/util/include -I/usr/local/lib/python3.13/dist-packages/torch/include -I/usr/local/lib/python3.13/dist-packages/torch/include/torch/csrc/api/include -I/usr/local/cuda/include -I/usr/include/python3.13 -c -c /tmp/track3-flash-attention-turing/csrc/flash_attn/src/flash_bwd_hdim64_fp16_causal_sm75.cu -o /tmp/track3-flash-attention-turing/build/temp.linux-x86_64-cpython-313/csrc/flash_attn/src/flash_bwd_hdim64_fp16_causal_sm75.o -D__CUDA_NO_HALF_OPERATORS__ -D__CUDA_NO_HALF_CONVERSIONS__ -D__CUDA_NO_BFLOAT16_CONVERSIONS__ -D__CUDA_NO_HALF2_OPERATORS__ --expt-relaxed-constexpr --compiler-options ''"'"'-fPIC'"'"'' -std=c++17 --expt-relaxed-constexpr -arch=sm_75 -O3 --use_fast_math --ptxas-options=-v -lineinfo -DTORCH_API_INCLUDE_EXTENSION_H -DTORCH_EXTENSION_NAME=flash_attn_turing
  ptxas info    : 13 bytes gmem, 104 bytes cmem[4]
  ptxas info    : Compiling entry function '_Z22flash_bwd_dk_dv_kernelI23Flash_bwd_kernel_traitsILi64ELi64ELi64ELi8EN7cutlass6half_tE19Flash_kernel_traitsILi64ELi64ELi64ELi8ES2_EELb1ELb0EEvPS2_S6_S6_PfS7_S6_S6_S6_PiS8_iiiiiiifi' for 'sm_75'
  ptxas info    : Function properties for _Z22flash_bwd_dk_dv_kernelI23Flash_bwd_kernel_traitsILi64ELi64ELi64ELi8EN7cutlass6half_tE19Flash_kernel_traitsILi64ELi64ELi64ELi8ES2_EELb1ELb0EEvPS2_S6_S6_PfS7_S6_S6_S6_PiS8_iiiiiiifi
      0 bytes stack frame, 0 bytes spill stores, 0 bytes spill loads
  ptxas info    : Used 168 registers, used 1 barriers, 468 bytes cmem[0]
  ptxas info    : Compile time = 261.385 ms
  ptxas info    : Compiling entry function '_Z22flash_bwd_dk_dv_kernelI23Flash_bwd_kernel_traitsILi64ELi64ELi64ELi8EN7cutlass6half_tE19Flash_kernel_traitsILi64ELi64ELi64ELi8ES2_EELb1ELb1EEvPS2_S6_S6_PfS7_S6_S6_S6_PiS8_iiiiiiifi' for 'sm_75'
  ptxas info    : Function properties for _Z22flash_bwd_dk_dv_kernelI23Flash_bwd_kernel_traitsILi64ELi64ELi64ELi8EN7cutlass6half_tE19Flash_kernel_traitsILi64ELi64ELi64ELi8ES2_EELb1ELb1EEvPS2_S6_S6_PfS7_S6_S6_S6_PiS8_iiiiiiifi
      0 bytes stack frame, 0 bytes spill stores, 0 bytes spill loads
  ptxas info    : Used 168 registers, used 1 barriers, 468 bytes cmem[0]
  ptxas info    : Compile time = 226.719 ms
  ptxas info    : Compiling entry function '_Z19flash_bwd_dq_kernelI23Flash_bwd_kernel_traitsILi64ELi64ELi64ELi8EN7cutlass6half_tE19Flash_kernel_traitsILi64ELi64ELi64ELi8ES2_EELb1ELb0EEvPS2_S6_S6_PfS7_S6_S6_PiS8_iiiiiiifi' for 'sm_75'
  ptxas info    : Function properties for _Z19flash_bwd_dq_kernelI23Flash_bwd_kernel_traitsILi64ELi64ELi64ELi8EN7cutlass6half_tE19Flash_kernel_traitsILi64ELi64ELi64ELi8ES2_EELb1ELb0EEvPS2_S6_S6_PfS7_S6_S6_PiS8_iiiiiiifi
      0 bytes stack frame, 0 bytes spill stores, 0 bytes spill loads
  ptxas info    : Used 128 registers, used 1 barriers, 460 bytes cmem[0]
  ptxas info    : Compile time = 187.438 ms
  ptxas info    : Compiling entry function '_Z19flash_bwd_dq_kernelI23Flash_bwd_kernel_traitsILi64ELi64ELi64ELi8EN7cutlass6half_tE19Flash_kernel_traitsILi64ELi64ELi64ELi8ES2_EELb1ELb1EEvPS2_S6_S6_PfS7_S6_S6_PiS8_iiiiiiifi' for 'sm_75'
  ptxas info    : Function properties for _Z19flash_bwd_dq_kernelI23Flash_bwd_kernel_traitsILi64ELi64ELi64ELi8EN7cutlass6half_tE19Flash_kernel_traitsILi64ELi64ELi64ELi8ES2_EELb1ELb1EEvPS2_S6_S6_PfS7_S6_S6_PiS8_iiiiiiifi
      0 bytes stack frame, 0 bytes spill stores, 0 bytes spill loads
  ptxas info    : Used 147 registers, used 1 barriers, 460 bytes cmem[0]
  ptxas info    : Compile time = 171.388 ms
  ptxas info    : Compiling entry function '_Z25flash_bwd_dot_do_o_kernelI23Flash_bwd_kernel_traitsILi64ELi64ELi64ELi8EN7cutlass6half_tE19Flash_kernel_traitsILi64ELi64ELi64ELi8ES2_EELb1EEvPS2_S6_PfPiiiiii' for 'sm_75'
  ptxas info    : Function properties for _Z25flash_bwd_dot_do_o_kernelI23Flash_bwd_kernel_traitsILi64ELi64ELi64ELi8EN7cutlass6half_tE19Flash_kernel_traitsILi64ELi64ELi64ELi8ES2_EELb1EEvPS2_S6_PfPiiiiii
      0 bytes stack frame, 0 bytes spill stores, 0 bytes spill loads
  ptxas info    : Used 16 registers, used 0 barriers, 404 bytes cmem[0]
  ptxas info    : Compile time = 3.733 ms
  [5/13] /usr/local/cuda/bin/nvcc -MD -MF /tmp/track3-flash-attention-turing/build/temp.linux-x86_64-cpython-313/csrc/flash_attn/src/flash_bwd_hdim64_fp16_sm75.o.d -I/tmp/track3-flash-attention-turing/csrc/flash_attn -I/tmp/track3-flash-attention-turing/csrc/flash_attn/src -I/tmp/track3-flash-attention-turing/csrc/cutlass/include -I/tmp/track3-flash-attention-turing/csrc/cutlass/tools/util/include -I/usr/local/lib/python3.13/dist-packages/torch/include -I/usr/local/lib/python3.13/dist-packages/torch/include/torch/csrc/api/include -I/usr/local/cuda/include -I/usr/include/python3.13 -c -c /tmp/track3-flash-attention-turing/csrc/flash_attn/src/flash_bwd_hdim64_fp16_sm75.cu -o /tmp/track3-flash-attention-turing/build/temp.linux-x86_64-cpython-313/csrc/flash_attn/src/flash_bwd_hdim64_fp16_sm75.o -D__CUDA_NO_HALF_OPERATORS__ -D__CUDA_NO_HALF_CONVERSIONS__ -D__CUDA_NO_BFLOAT16_CONVERSIONS__ -D__CUDA_NO_HALF2_OPERATORS__ --expt-relaxed-constexpr --compiler-options ''"'"'-fPIC'"'"'' -std=c++17 --expt-relaxed-constexpr -arch=sm_75 -O3 --use_fast_math --ptxas-options=-v -lineinfo -DTORCH_API_INCLUDE_EXTENSION_H -DTORCH_EXTENSION_NAME=flash_attn_turing
  ptxas info    : 13 bytes gmem, 104 bytes cmem[4]
  ptxas info    : Compiling entry function '_Z22flash_bwd_dk_dv_kernelI23Flash_bwd_kernel_traitsILi64ELi64ELi64ELi8EN7cutlass6half_tE19Flash_kernel_traitsILi64ELi64ELi64ELi8ES2_EELb0ELb0EEvPS2_S6_S6_PfS7_S6_S6_S6_PiS8_iiiiiiifi' for 'sm_75'
  ptxas info    : Function properties for _Z22flash_bwd_dk_dv_kernelI23Flash_bwd_kernel_traitsILi64ELi64ELi64ELi8EN7cutlass6half_tE19Flash_kernel_traitsILi64ELi64ELi64ELi8ES2_EELb0ELb0EEvPS2_S6_S6_PfS7_S6_S6_S6_PiS8_iiiiiiifi
      0 bytes stack frame, 0 bytes spill stores, 0 bytes spill loads
  ptxas info    : Used 168 registers, used 1 barriers, 468 bytes cmem[0]
  ptxas info    : Compile time = 162.938 ms
  ptxas info    : Compiling entry function '_Z22flash_bwd_dk_dv_kernelI23Flash_bwd_kernel_traitsILi64ELi64ELi64ELi8EN7cutlass6half_tE19Flash_kernel_traitsILi64ELi64ELi64ELi8ES2_EELb0ELb1EEvPS2_S6_S6_PfS7_S6_S6_S6_PiS8_iiiiiiifi' for 'sm_75'
  ptxas info    : Function properties for _Z22flash_bwd_dk_dv_kernelI23Flash_bwd_kernel_traitsILi64ELi64ELi64ELi8EN7cutlass6half_tE19Flash_kernel_traitsILi64ELi64ELi64ELi8ES2_EELb0ELb1EEvPS2_S6_S6_PfS7_S6_S6_S6_PiS8_iiiiiiifi
      0 bytes stack frame, 0 bytes spill stores, 0 bytes spill loads
  ptxas info    : Used 168 registers, used 1 barriers, 468 bytes cmem[0]
  ptxas info    : Compile time = 144.712 ms
  ptxas info    : Compiling entry function '_Z19flash_bwd_dq_kernelI23Flash_bwd_kernel_traitsILi64ELi64ELi64ELi8EN7cutlass6half_tE19Flash_kernel_traitsILi64ELi64ELi64ELi8ES2_EELb0ELb0EEvPS2_S6_S6_PfS7_S6_S6_PiS8_iiiiiiifi' for 'sm_75'
  ptxas info    : Function properties for _Z19flash_bwd_dq_kernelI23Flash_bwd_kernel_traitsILi64ELi64ELi64ELi8EN7cutlass6half_tE19Flash_kernel_traitsILi64ELi64ELi64ELi8ES2_EELb0ELb0EEvPS2_S6_S6_PfS7_S6_S6_PiS8_iiiiiiifi
      0 bytes stack frame, 0 bytes spill stores, 0 bytes spill loads
  ptxas info    : Used 150 registers, used 1 barriers, 460 bytes cmem[0]
  ptxas info    : Compile time = 173.760 ms
  ptxas info    : Compiling entry function '_Z19flash_bwd_dq_kernelI23Flash_bwd_kernel_traitsILi64ELi64ELi64ELi8EN7cutlass6half_tE19Flash_kernel_traitsILi64ELi64ELi64ELi8ES2_EELb0ELb1EEvPS2_S6_S6_PfS7_S6_S6_PiS8_iiiiiiifi' for 'sm_75'
  ptxas info    : Function properties for _Z19flash_bwd_dq_kernelI23Flash_bwd_kernel_traitsILi64ELi64ELi64ELi8EN7cutlass6half_tE19Flash_kernel_traitsILi64ELi64ELi64ELi8ES2_EELb0ELb1EEvPS2_S6_S6_PfS7_S6_S6_PiS8_iiiiiiifi
      0 bytes stack frame, 0 bytes spill stores, 0 bytes spill loads
  ptxas info    : Used 150 registers, used 1 barriers, 460 bytes cmem[0]
  ptxas info    : Compile time = 162.496 ms
  ptxas info    : Compiling entry function '_Z25flash_bwd_dot_do_o_kernelI23Flash_bwd_kernel_traitsILi64ELi64ELi64ELi8EN7cutlass6half_tE19Flash_kernel_traitsILi64ELi64ELi64ELi8ES2_EELb0EEvPS2_S6_PfPiiiiii' for 'sm_75'
  ptxas info    : Function properties for _Z25flash_bwd_dot_do_o_kernelI23Flash_bwd_kernel_traitsILi64ELi64ELi64ELi8EN7cutlass6half_tE19Flash_kernel_traitsILi64ELi64ELi64ELi8ES2_EELb0EEvPS2_S6_PfPiiiiii
      0 bytes stack frame, 0 bytes spill stores, 0 bytes spill loads
  ptxas info    : Used 16 registers, used 0 barriers, 404 bytes cmem[0]
  ptxas info    : Compile time = 3.856 ms
  [6/13] /usr/local/cuda/bin/nvcc -MD -MF /tmp/track3-flash-attention-turing/build/temp.linux-x86_64-cpython-313/csrc/flash_attn/src/flash_bwd_hdim96_fp16_causal_sm75.o.d -I/tmp/track3-flash-attention-turing/csrc/flash_attn -I/tmp/track3-flash-attention-turing/csrc/flash_attn/src -I/tmp/track3-flash-attention-turing/csrc/cutlass/include -I/tmp/track3-flash-attention-turing/csrc/cutlass/tools/util/include -I/usr/local/lib/python3.13/dist-packages/torch/include -I/usr/local/lib/python3.13/dist-packages/torch/include/torch/csrc/api/include -I/usr/local/cuda/include -I/usr/include/python3.13 -c -c /tmp/track3-flash-attention-turing/csrc/flash_attn/src/flash_bwd_hdim96_fp16_causal_sm75.cu -o /tmp/track3-flash-attention-turing/build/temp.linux-x86_64-cpython-313/csrc/flash_attn/src/flash_bwd_hdim96_fp16_causal_sm75.o -D__CUDA_NO_HALF_OPERATORS__ -D__CUDA_NO_HALF_CONVERSIONS__ -D__CUDA_NO_BFLOAT16_CONVERSIONS__ -D__CUDA_NO_HALF2_OPERATORS__ --expt-relaxed-constexpr --compiler-options ''"'"'-fPIC'"'"'' -std=c++17 --expt-relaxed-constexpr -arch=sm_75 -O3 --use_fast_math --ptxas-options=-v -lineinfo -DTORCH_API_INCLUDE_EXTENSION_H -DTORCH_EXTENSION_NAME=flash_attn_turing
  ptxas info    : 13 bytes gmem, 104 bytes cmem[4]
  ptxas info    : Compiling entry function '_Z22flash_bwd_dk_dv_kernelI23Flash_bwd_kernel_traitsILi96ELi64ELi64ELi8EN7cutlass6half_tE19Flash_kernel_traitsILi96ELi64ELi64ELi8ES2_EELb1ELb0EEvPS2_S6_S6_PfS7_S6_S6_S6_PiS8_iiiiiiifi' for 'sm_75'
  ptxas info    : Function properties for _Z22flash_bwd_dk_dv_kernelI23Flash_bwd_kernel_traitsILi96ELi64ELi64ELi8EN7cutlass6half_tE19Flash_kernel_traitsILi96ELi64ELi64ELi8ES2_EELb1ELb0EEvPS2_S6_S6_PfS7_S6_S6_S6_PiS8_iiiiiiifi
      0 bytes stack frame, 0 bytes spill stores, 0 bytes spill loads
  ptxas info    : Used 169 registers, used 1 barriers, 468 bytes cmem[0]
  ptxas info    : Compile time = 349.444 ms
  ptxas info    : Compiling entry function '_Z22flash_bwd_dk_dv_kernelI23Flash_bwd_kernel_traitsILi96ELi64ELi64ELi8EN7cutlass6half_tE19Flash_kernel_traitsILi96ELi64ELi64ELi8ES2_EELb1ELb1EEvPS2_S6_S6_PfS7_S6_S6_S6_PiS8_iiiiiiifi' for 'sm_75'
  ptxas info    : Function properties for _Z22flash_bwd_dk_dv_kernelI23Flash_bwd_kernel_traitsILi96ELi64ELi64ELi8EN7cutlass6half_tE19Flash_kernel_traitsILi96ELi64ELi64ELi8ES2_EELb1ELb1EEvPS2_S6_S6_PfS7_S6_S6_S6_PiS8_iiiiiiifi
      0 bytes stack frame, 0 bytes spill stores, 0 bytes spill loads
  ptxas info    : Used 168 registers, used 1 barriers, 468 bytes cmem[0]
  ptxas info    : Compile time = 276.934 ms
  ptxas info    : Compiling entry function '_Z19flash_bwd_dq_kernelI23Flash_bwd_kernel_traitsILi96ELi64ELi64ELi8EN7cutlass6half_tE19Flash_kernel_traitsILi96ELi64ELi64ELi8ES2_EELb1ELb0EEvPS2_S6_S6_PfS7_S6_S6_PiS8_iiiiiiifi' for 'sm_75'
  ptxas info    : Function properties for _Z19flash_bwd_dq_kernelI23Flash_bwd_kernel_traitsILi96ELi64ELi64ELi8EN7cutlass6half_tE19Flash_kernel_traitsILi96ELi64ELi64ELi8ES2_EELb1ELb0EEvPS2_S6_S6_PfS7_S6_S6_PiS8_iiiiiiifi
      0 bytes stack frame, 0 bytes spill stores, 0 bytes spill loads
  ptxas info    : Used 142 registers, used 1 barriers, 460 bytes cmem[0]
  ptxas info    : Compile time = 214.524 ms
  ptxas info    : Compiling entry function '_Z19flash_bwd_dq_kernelI23Flash_bwd_kernel_traitsILi96ELi64ELi64ELi8EN7cutlass6half_tE19Flash_kernel_traitsILi96ELi64ELi64ELi8ES2_EELb1ELb1EEvPS2_S6_S6_PfS7_S6_S6_PiS8_iiiiiiifi' for 'sm_75'
  ptxas info    : Function properties for _Z19flash_bwd_dq_kernelI23Flash_bwd_kernel_traitsILi96ELi64ELi64ELi8EN7cutlass6half_tE19Flash_kernel_traitsILi96ELi64ELi64ELi8ES2_EELb1ELb1EEvPS2_S6_S6_PfS7_S6_S6_PiS8_iiiiiiifi
      0 bytes stack frame, 0 bytes spill stores, 0 bytes spill loads
  ptxas info    : Used 149 registers, used 1 barriers, 460 bytes cmem[0]
  ptxas info    : Compile time = 207.246 ms
  ptxas info    : Compiling entry function '_Z25flash_bwd_dot_do_o_kernelI23Flash_bwd_kernel_traitsILi96ELi64ELi64ELi8EN7cutlass6half_tE19Flash_kernel_traitsILi96ELi64ELi64ELi8ES2_EELb1EEvPS2_S6_PfPiiiiii' for 'sm_75'
  ptxas info    : Function properties for _Z25flash_bwd_dot_do_o_kernelI23Flash_bwd_kernel_traitsILi96ELi64ELi64ELi8EN7cutlass6half_tE19Flash_kernel_traitsILi96ELi64ELi64ELi8ES2_EELb1EEvPS2_S6_PfPiiiiii
      0 bytes stack frame, 0 bytes spill stores, 0 bytes spill loads
  ptxas info    : Used 18 registers, used 0 barriers, 404 bytes cmem[0]
  ptxas info    : Compile time = 4.136 ms
  [7/13] /usr/local/cuda/bin/nvcc -MD -MF /tmp/track3-flash-attention-turing/build/temp.linux-x86_64-cpython-313/csrc/flash_attn/src/flash_bwd_hdim96_fp16_sm75.o.d -I/tmp/track3-flash-attention-turing/csrc/flash_attn -I/tmp/track3-flash-attention-turing/csrc/flash_attn/src -I/tmp/track3-flash-attention-turing/csrc/cutlass/include -I/tmp/track3-flash-attention-turing/csrc/cutlass/tools/util/include -I/usr/local/lib/python3.13/dist-packages/torch/include -I/usr/local/lib/python3.13/dist-packages/torch/include/torch/csrc/api/include -I/usr/local/cuda/include -I/usr/include/python3.13 -c -c /tmp/track3-flash-attention-turing/csrc/flash_attn/src/flash_bwd_hdim96_fp16_sm75.cu -o /tmp/track3-flash-attention-turing/build/temp.linux-x86_64-cpython-313/csrc/flash_attn/src/flash_bwd_hdim96_fp16_sm75.o -D__CUDA_NO_HALF_OPERATORS__ -D__CUDA_NO_HALF_CONVERSIONS__ -D__CUDA_NO_BFLOAT16_CONVERSIONS__ -D__CUDA_NO_HALF2_OPERATORS__ --expt-relaxed-constexpr --compiler-options ''"'"'-fPIC'"'"'' -std=c++17 --expt-relaxed-constexpr -arch=sm_75 -O3 --use_fast_math --ptxas-options=-v -lineinfo -DTORCH_API_INCLUDE_EXTENSION_H -DTORCH_EXTENSION_NAME=flash_attn_turing
  ptxas info    : 13 bytes gmem, 104 bytes cmem[4]
  ptxas info    : Compiling entry function '_Z22flash_bwd_dk_dv_kernelI23Flash_bwd_kernel_traitsILi96ELi64ELi64ELi8EN7cutlass6half_tE19Flash_kernel_traitsILi96ELi64ELi64ELi8ES2_EELb0ELb0EEvPS2_S6_S6_PfS7_S6_S6_S6_PiS8_iiiiiiifi' for 'sm_75'
  ptxas info    : Function properties for _Z22flash_bwd_dk_dv_kernelI23Flash_bwd_kernel_traitsILi96ELi64ELi64ELi8EN7cutlass6half_tE19Flash_kernel_traitsILi96ELi64ELi64ELi8ES2_EELb0ELb0EEvPS2_S6_S6_PfS7_S6_S6_S6_PiS8_iiiiiiifi
      0 bytes stack frame, 0 bytes spill stores, 0 bytes spill loads
  ptxas info    : Used 168 registers, used 1 barriers, 468 bytes cmem[0]
  ptxas info    : Compile time = 195.422 ms
  ptxas info    : Compiling entry function '_Z22flash_bwd_dk_dv_kernelI23Flash_bwd_kernel_traitsILi96ELi64ELi64ELi8EN7cutlass6half_tE19Flash_kernel_traitsILi96ELi64ELi64ELi8ES2_EELb0ELb1EEvPS2_S6_S6_PfS7_S6_S6_S6_PiS8_iiiiiiifi' for 'sm_75'
  ptxas info    : Function properties for _Z22flash_bwd_dk_dv_kernelI23Flash_bwd_kernel_traitsILi96ELi64ELi64ELi8EN7cutlass6half_tE19Flash_kernel_traitsILi96ELi64ELi64ELi8ES2_EELb0ELb1EEvPS2_S6_S6_PfS7_S6_S6_S6_PiS8_iiiiiiifi
      0 bytes stack frame, 0 bytes spill stores, 0 bytes spill loads
  ptxas info    : Used 168 registers, used 1 barriers, 468 bytes cmem[0]
  ptxas info    : Compile time = 189.739 ms
  ptxas info    : Compiling entry function '_Z19flash_bwd_dq_kernelI23Flash_bwd_kernel_traitsILi96ELi64ELi64ELi8EN7cutlass6half_tE19Flash_kernel_traitsILi96ELi64ELi64ELi8ES2_EELb0ELb0EEvPS2_S6_S6_PfS7_S6_S6_PiS8_iiiiiiifi' for 'sm_75'
  ptxas info    : Function properties for _Z19flash_bwd_dq_kernelI23Flash_bwd_kernel_traitsILi96ELi64ELi64ELi8EN7cutlass6half_tE19Flash_kernel_traitsILi96ELi64ELi64ELi8ES2_EELb0ELb0EEvPS2_S6_S6_PfS7_S6_S6_PiS8_iiiiiiifi
      0 bytes stack frame, 0 bytes spill stores, 0 bytes spill loads
  ptxas info    : Used 143 registers, used 1 barriers, 460 bytes cmem[0]
  ptxas info    : Compile time = 211.740 ms
  ptxas info    : Compiling entry function '_Z19flash_bwd_dq_kernelI23Flash_bwd_kernel_traitsILi96ELi64ELi64ELi8EN7cutlass6half_tE19Flash_kernel_traitsILi96ELi64ELi64ELi8ES2_EELb0ELb1EEvPS2_S6_S6_PfS7_S6_S6_PiS8_iiiiiiifi' for 'sm_75'
  ptxas info    : Function properties for _Z19flash_bwd_dq_kernelI23Flash_bwd_kernel_traitsILi96ELi64ELi64ELi8EN7cutlass6half_tE19Flash_kernel_traitsILi96ELi64ELi64ELi8ES2_EELb0ELb1EEvPS2_S6_S6_PfS7_S6_S6_PiS8_iiiiiiifi
      0 bytes stack frame, 0 bytes spill stores, 0 bytes spill loads
  ptxas info    : Used 154 registers, used 1 barriers, 460 bytes cmem[0]
  ptxas info    : Compile time = 200.530 ms
  ptxas info    : Compiling entry function '_Z25flash_bwd_dot_do_o_kernelI23Flash_bwd_kernel_traitsILi96ELi64ELi64ELi8EN7cutlass6half_tE19Flash_kernel_traitsILi96ELi64ELi64ELi8ES2_EELb0EEvPS2_S6_PfPiiiiii' for 'sm_75'
  ptxas info    : Function properties for _Z25flash_bwd_dot_do_o_kernelI23Flash_bwd_kernel_traitsILi96ELi64ELi64ELi8EN7cutlass6half_tE19Flash_kernel_traitsILi96ELi64ELi64ELi8ES2_EELb0EEvPS2_S6_PfPiiiiii
      0 bytes stack frame, 0 bytes spill stores, 0 bytes spill loads
  ptxas info    : Used 18 registers, used 0 barriers, 404 bytes cmem[0]
  ptxas info    : Compile time = 3.920 ms
  [8/13] /usr/local/cuda/bin/nvcc -MD -MF /tmp/track3-flash-attention-turing/build/temp.linux-x86_64-cpython-313/csrc/flash_attn/src/flash_fwd_hdim128_fp16_causal_sm75.o.d -I/tmp/track3-flash-attention-turing/csrc/flash_attn -I/tmp/track3-flash-attention-turing/csrc/flash_attn/src -I/tmp/track3-flash-attention-turing/csrc/cutlass/include -I/tmp/track3-flash-attention-turing/csrc/cutlass/tools/util/include -I/usr/local/lib/python3.13/dist-packages/torch/include -I/usr/local/lib/python3.13/dist-packages/torch/include/torch/csrc/api/include -I/usr/local/cuda/include -I/usr/include/python3.13 -c -c /tmp/track3-flash-attention-turing/csrc/flash_attn/src/flash_fwd_hdim128_fp16_causal_sm75.cu -o /tmp/track3-flash-attention-turing/build/temp.linux-x86_64-cpython-313/csrc/flash_attn/src/flash_fwd_hdim128_fp16_causal_sm75.o -D__CUDA_NO_HALF_OPERATORS__ -D__CUDA_NO_HALF_CONVERSIONS__ -D__CUDA_NO_BFLOAT16_CONVERSIONS__ -D__CUDA_NO_HALF2_OPERATORS__ --expt-relaxed-constexpr --compiler-options ''"'"'-fPIC'"'"'' -std=c++17 --expt-relaxed-constexpr -arch=sm_75 -O3 --use_fast_math --ptxas-options=-v -lineinfo -DTORCH_API_INCLUDE_EXTENSION_H -DTORCH_EXTENSION_NAME=flash_attn_turing
  ptxas info    : 13 bytes gmem, 104 bytes cmem[4]
  ptxas info    : Compiling entry function '_Z16flash_fwd_kernelI23Flash_fwd_kernel_traitsILi128ELi128ELi64ELi8EN7cutlass6half_tE19Flash_kernel_traitsILi128ELi128ELi64ELi8ES2_EELb1ELb0EEvPS2_S6_S6_S6_PfPiS8_iiiiiiifi' for 'sm_75'
  ptxas info    : Function properties for _Z16flash_fwd_kernelI23Flash_fwd_kernel_traitsILi128ELi128ELi64ELi8EN7cutlass6half_tE19Flash_kernel_traitsILi128ELi128ELi64ELi8ES2_EELb1ELb0EEvPS2_S6_S6_S6_PfPiS8_iiiiiiifi
      0 bytes stack frame, 0 bytes spill stores, 0 bytes spill loads
  ptxas info    : Used 228 registers, used 1 barriers, 444 bytes cmem[0]
  ptxas info    : Compile time = 508.558 ms
  ptxas info    : Compiling entry function '_Z16flash_fwd_kernelI23Flash_fwd_kernel_traitsILi128ELi128ELi64ELi8EN7cutlass6half_tE19Flash_kernel_traitsILi128ELi128ELi64ELi8ES2_EELb1ELb1EEvPS2_S6_S6_S6_PfPiS8_iiiiiiifi' for 'sm_75'
  ptxas info    : Function properties for _Z16flash_fwd_kernelI23Flash_fwd_kernel_traitsILi128ELi128ELi64ELi8EN7cutlass6half_tE19Flash_kernel_traitsILi128ELi128ELi64ELi8ES2_EELb1ELb1EEvPS2_S6_S6_S6_PfPiS8_iiiiiiifi
      0 bytes stack frame, 0 bytes spill stores, 0 bytes spill loads
  ptxas info    : Used 242 registers, used 1 barriers, 444 bytes cmem[0]
  ptxas info    : Compile time = 474.866 ms
  [9/13] /usr/local/cuda/bin/nvcc -MD -MF /tmp/track3-flash-attention-turing/build/temp.linux-x86_64-cpython-313/csrc/flash_attn/src/flash_fwd_hdim128_fp16_sm75.o.d -I/tmp/track3-flash-attention-turing/csrc/flash_attn -I/tmp/track3-flash-attention-turing/csrc/flash_attn/src -I/tmp/track3-flash-attention-turing/csrc/cutlass/include -I/tmp/track3-flash-attention-turing/csrc/cutlass/tools/util/include -I/usr/local/lib/python3.13/dist-packages/torch/include -I/usr/local/lib/python3.13/dist-packages/torch/include/torch/csrc/api/include -I/usr/local/cuda/include -I/usr/include/python3.13 -c -c /tmp/track3-flash-attention-turing/csrc/flash_attn/src/flash_fwd_hdim128_fp16_sm75.cu -o /tmp/track3-flash-attention-turing/build/temp.linux-x86_64-cpython-313/csrc/flash_attn/src/flash_fwd_hdim128_fp16_sm75.o -D__CUDA_NO_HALF_OPERATORS__ -D__CUDA_NO_HALF_CONVERSIONS__ -D__CUDA_NO_BFLOAT16_CONVERSIONS__ -D__CUDA_NO_HALF2_OPERATORS__ --expt-relaxed-constexpr --compiler-options ''"'"'-fPIC'"'"'' -std=c++17 --expt-relaxed-constexpr -arch=sm_75 -O3 --use_fast_math --ptxas-options=-v -lineinfo -DTORCH_API_INCLUDE_EXTENSION_H -DTORCH_EXTENSION_NAME=flash_attn_turing
  ptxas info    : 13 bytes gmem, 104 bytes cmem[4]
  ptxas info    : Compiling entry function '_Z16flash_fwd_kernelI23Flash_fwd_kernel_traitsILi128ELi128ELi64ELi8EN7cutlass6half_tE19Flash_kernel_traitsILi128ELi128ELi64ELi8ES2_EELb0ELb0EEvPS2_S6_S6_S6_PfPiS8_iiiiiiifi' for 'sm_75'
  ptxas info    : Function properties for _Z16flash_fwd_kernelI23Flash_fwd_kernel_traitsILi128ELi128ELi64ELi8EN7cutlass6half_tE19Flash_kernel_traitsILi128ELi128ELi64ELi8ES2_EELb0ELb0EEvPS2_S6_S6_S6_PfPiS8_iiiiiiifi
      0 bytes stack frame, 0 bytes spill stores, 0 bytes spill loads
  ptxas info    : Used 210 registers, used 1 barriers, 444 bytes cmem[0]
  ptxas info    : Compile time = 412.942 ms
  ptxas info    : Compiling entry function '_Z16flash_fwd_kernelI23Flash_fwd_kernel_traitsILi128ELi128ELi64ELi8EN7cutlass6half_tE19Flash_kernel_traitsILi128ELi128ELi64ELi8ES2_EELb0ELb1EEvPS2_S6_S6_S6_PfPiS8_iiiiiiifi' for 'sm_75'
  ptxas info    : Function properties for _Z16flash_fwd_kernelI23Flash_fwd_kernel_traitsILi128ELi128ELi64ELi8EN7cutlass6half_tE19Flash_kernel_traitsILi128ELi128ELi64ELi8ES2_EELb0ELb1EEvPS2_S6_S6_S6_PfPiS8_iiiiiiifi
      0 bytes stack frame, 0 bytes spill stores, 0 bytes spill loads
  ptxas info    : Used 222 registers, used 1 barriers, 444 bytes cmem[0]
  ptxas info    : Compile time = 399.744 ms
  [10/13] /usr/local/cuda/bin/nvcc -MD -MF /tmp/track3-flash-attention-turing/build/temp.linux-x86_64-cpython-313/csrc/flash_attn/src/flash_fwd_hdim64_fp16_causal_sm75.o.d -I/tmp/track3-flash-attention-turing/csrc/flash_attn -I/tmp/track3-flash-attention-turing/csrc/flash_attn/src -I/tmp/track3-flash-attention-turing/csrc/cutlass/include -I/tmp/track3-flash-attention-turing/csrc/cutlass/tools/util/include -I/usr/local/lib/python3.13/dist-packages/torch/include -I/usr/local/lib/python3.13/dist-packages/torch/include/torch/csrc/api/include -I/usr/local/cuda/include -I/usr/include/python3.13 -c -c /tmp/track3-flash-attention-turing/csrc/flash_attn/src/flash_fwd_hdim64_fp16_causal_sm75.cu -o /tmp/track3-flash-attention-turing/build/temp.linux-x86_64-cpython-313/csrc/flash_attn/src/flash_fwd_hdim64_fp16_causal_sm75.o -D__CUDA_NO_HALF_OPERATORS__ -D__CUDA_NO_HALF_CONVERSIONS__ -D__CUDA_NO_BFLOAT16_CONVERSIONS__ -D__CUDA_NO_HALF2_OPERATORS__ --expt-relaxed-constexpr --compiler-options ''"'"'-fPIC'"'"'' -std=c++17 --expt-relaxed-constexpr -arch=sm_75 -O3 --use_fast_math --ptxas-options=-v -lineinfo -DTORCH_API_INCLUDE_EXTENSION_H -DTORCH_EXTENSION_NAME=flash_attn_turing
  ptxas info    : 13 bytes gmem, 104 bytes cmem[4]
  ptxas info    : Compiling entry function '_Z16flash_fwd_kernelI23Flash_fwd_kernel_traitsILi64ELi128ELi128ELi8EN7cutlass6half_tE19Flash_kernel_traitsILi64ELi128ELi128ELi8ES2_EELb1ELb0EEvPS2_S6_S6_S6_PfPiS8_iiiiiiifi' for 'sm_75'
  ptxas info    : Function properties for _Z16flash_fwd_kernelI23Flash_fwd_kernel_traitsILi64ELi128ELi128ELi8EN7cutlass6half_tE19Flash_kernel_traitsILi64ELi128ELi128ELi8ES2_EELb1ELb0EEvPS2_S6_S6_S6_PfPiS8_iiiiiiifi
      0 bytes stack frame, 0 bytes spill stores, 0 bytes spill loads
  ptxas info    : Used 254 registers, used 1 barriers, 444 bytes cmem[0]
  ptxas info    : Compile time = 566.765 ms
  ptxas info    : Compiling entry function '_Z16flash_fwd_kernelI23Flash_fwd_kernel_traitsILi64ELi128ELi128ELi8EN7cutlass6half_tE19Flash_kernel_traitsILi64ELi128ELi128ELi8ES2_EELb1ELb1EEvPS2_S6_S6_S6_PfPiS8_iiiiiiifi' for 'sm_75'
  ptxas info    : Function properties for _Z16flash_fwd_kernelI23Flash_fwd_kernel_traitsILi64ELi128ELi128ELi8EN7cutlass6half_tE19Flash_kernel_traitsILi64ELi128ELi128ELi8ES2_EELb1ELb1EEvPS2_S6_S6_S6_PfPiS8_iiiiiiifi
      0 bytes stack frame, 0 bytes spill stores, 0 bytes spill loads
  ptxas info    : Used 254 registers, used 1 barriers, 444 bytes cmem[0]
  ptxas info    : Compile time = 522.528 ms
  [11/13] /usr/local/cuda/bin/nvcc -MD -MF /tmp/track3-flash-attention-turing/build/temp.linux-x86_64-cpython-313/csrc/flash_attn/src/flash_fwd_hdim64_fp16_sm75.o.d -I/tmp/track3-flash-attention-turing/csrc/flash_attn -I/tmp/track3-flash-attention-turing/csrc/flash_attn/src -I/tmp/track3-flash-attention-turing/csrc/cutlass/include -I/tmp/track3-flash-attention-turing/csrc/cutlass/tools/util/include -I/usr/local/lib/python3.13/dist-packages/torch/include -I/usr/local/lib/python3.13/dist-packages/torch/include/torch/csrc/api/include -I/usr/local/cuda/include -I/usr/include/python3.13 -c -c /tmp/track3-flash-attention-turing/csrc/flash_attn/src/flash_fwd_hdim64_fp16_sm75.cu -o /tmp/track3-flash-attention-turing/build/temp.linux-x86_64-cpython-313/csrc/flash_attn/src/flash_fwd_hdim64_fp16_sm75.o -D__CUDA_NO_HALF_OPERATORS__ -D__CUDA_NO_HALF_CONVERSIONS__ -D__CUDA_NO_BFLOAT16_CONVERSIONS__ -D__CUDA_NO_HALF2_OPERATORS__ --expt-relaxed-constexpr --compiler-options ''"'"'-fPIC'"'"'' -std=c++17 --expt-relaxed-constexpr -arch=sm_75 -O3 --use_fast_math --ptxas-options=-v -lineinfo -DTORCH_API_INCLUDE_EXTENSION_H -DTORCH_EXTENSION_NAME=flash_attn_turing
  ptxas info    : 13 bytes gmem, 104 bytes cmem[4]
  ptxas info    : Compiling entry function '_Z16flash_fwd_kernelI23Flash_fwd_kernel_traitsILi64ELi128ELi128ELi8EN7cutlass6half_tE19Flash_kernel_traitsILi64ELi128ELi128ELi8ES2_EELb0ELb0EEvPS2_S6_S6_S6_PfPiS8_iiiiiiifi' for 'sm_75'
  ptxas info    : Function properties for _Z16flash_fwd_kernelI23Flash_fwd_kernel_traitsILi64ELi128ELi128ELi8EN7cutlass6half_tE19Flash_kernel_traitsILi64ELi128ELi128ELi8ES2_EELb0ELb0EEvPS2_S6_S6_S6_PfPiS8_iiiiiiifi
      0 bytes stack frame, 0 bytes spill stores, 0 bytes spill loads
  ptxas info    : Used 238 registers, used 1 barriers, 444 bytes cmem[0]
  ptxas info    : Compile time = 461.707 ms
  ptxas info    : Compiling entry function '_Z16flash_fwd_kernelI23Flash_fwd_kernel_traitsILi64ELi128ELi128ELi8EN7cutlass6half_tE19Flash_kernel_traitsILi64ELi128ELi128ELi8ES2_EELb0ELb1EEvPS2_S6_S6_S6_PfPiS8_iiiiiiifi' for 'sm_75'
  ptxas info    : Function properties for _Z16flash_fwd_kernelI23Flash_fwd_kernel_traitsILi64ELi128ELi128ELi8EN7cutlass6half_tE19Flash_kernel_traitsILi64ELi128ELi128ELi8ES2_EELb0ELb1EEvPS2_S6_S6_S6_PfPiS8_iiiiiiifi
      0 bytes stack frame, 0 bytes spill stores, 0 bytes spill loads
  ptxas info    : Used 236 registers, used 1 barriers, 444 bytes cmem[0]
  ptxas info    : Compile time = 440.662 ms
  [12/13] /usr/local/cuda/bin/nvcc -MD -MF /tmp/track3-flash-attention-turing/build/temp.linux-x86_64-cpython-313/csrc/flash_attn/src/flash_fwd_hdim96_fp16_causal_sm75.o.d -I/tmp/track3-flash-attention-turing/csrc/flash_attn -I/tmp/track3-flash-attention-turing/csrc/flash_attn/src -I/tmp/track3-flash-attention-turing/csrc/cutlass/include -I/tmp/track3-flash-attention-turing/csrc/cutlass/tools/util/include -I/usr/local/lib/python3.13/dist-packages/torch/include -I/usr/local/lib/python3.13/dist-packages/torch/include/torch/csrc/api/include -I/usr/local/cuda/include -I/usr/include/python3.13 -c -c /tmp/track3-flash-attention-turing/csrc/flash_attn/src/flash_fwd_hdim96_fp16_causal_sm75.cu -o /tmp/track3-flash-attention-turing/build/temp.linux-x86_64-cpython-313/csrc/flash_attn/src/flash_fwd_hdim96_fp16_causal_sm75.o -D__CUDA_NO_HALF_OPERATORS__ -D__CUDA_NO_HALF_CONVERSIONS__ -D__CUDA_NO_BFLOAT16_CONVERSIONS__ -D__CUDA_NO_HALF2_OPERATORS__ --expt-relaxed-constexpr --compiler-options ''"'"'-fPIC'"'"'' -std=c++17 --expt-relaxed-constexpr -arch=sm_75 -O3 --use_fast_math --ptxas-options=-v -lineinfo -DTORCH_API_INCLUDE_EXTENSION_H -DTORCH_EXTENSION_NAME=flash_attn_turing
  ptxas info    : 13 bytes gmem, 104 bytes cmem[4]
  ptxas info    : Compiling entry function '_Z16flash_fwd_kernelI23Flash_fwd_kernel_traitsILi96ELi128ELi64ELi8EN7cutlass6half_tE19Flash_kernel_traitsILi96ELi128ELi64ELi8ES2_EELb1ELb0EEvPS2_S6_S6_S6_PfPiS8_iiiiiiifi' for 'sm_75'
  ptxas info    : Function properties for _Z16flash_fwd_kernelI23Flash_fwd_kernel_traitsILi96ELi128ELi64ELi8EN7cutlass6half_tE19Flash_kernel_traitsILi96ELi128ELi64ELi8ES2_EELb1ELb0EEvPS2_S6_S6_S6_PfPiS8_iiiiiiifi
      0 bytes stack frame, 0 bytes spill stores, 0 bytes spill loads
  ptxas info    : Used 220 registers, used 1 barriers, 444 bytes cmem[0]
  ptxas info    : Compile time = 398.511 ms
  ptxas info    : Compiling entry function '_Z16flash_fwd_kernelI23Flash_fwd_kernel_traitsILi96ELi128ELi64ELi8EN7cutlass6half_tE19Flash_kernel_traitsILi96ELi128ELi64ELi8ES2_EELb1ELb1EEvPS2_S6_S6_S6_PfPiS8_iiiiiiifi' for 'sm_75'
  ptxas info    : Function properties for _Z16flash_fwd_kernelI23Flash_fwd_kernel_traitsILi96ELi128ELi64ELi8EN7cutlass6half_tE19Flash_kernel_traitsILi96ELi128ELi64ELi8ES2_EELb1ELb1EEvPS2_S6_S6_S6_PfPiS8_iiiiiiifi
      0 bytes stack frame, 0 bytes spill stores, 0 bytes spill loads
  ptxas info    : Used 216 registers, used 1 barriers, 444 bytes cmem[0]
  ptxas info    : Compile time = 369.316 ms
  [13/13] /usr/local/cuda/bin/nvcc -MD -MF /tmp/track3-flash-attention-turing/build/temp.linux-x86_64-cpython-313/csrc/flash_attn/src/flash_fwd_hdim96_fp16_sm75.o.d -I/tmp/track3-flash-attention-turing/csrc/flash_attn -I/tmp/track3-flash-attention-turing/csrc/flash_attn/src -I/tmp/track3-flash-attention-turing/csrc/cutlass/include -I/tmp/track3-flash-attention-turing/csrc/cutlass/tools/util/include -I/usr/local/lib/python3.13/dist-packages/torch/include -I/usr/local/lib/python3.13/dist-packages/torch/include/torch/csrc/api/include -I/usr/local/cuda/include -I/usr/include/python3.13 -c -c /tmp/track3-flash-attention-turing/csrc/flash_attn/src/flash_fwd_hdim96_fp16_sm75.cu -o /tmp/track3-flash-attention-turing/build/temp.linux-x86_64-cpython-313/csrc/flash_attn/src/flash_fwd_hdim96_fp16_sm75.o -D__CUDA_NO_HALF_OPERATORS__ -D__CUDA_NO_HALF_CONVERSIONS__ -D__CUDA_NO_BFLOAT16_CONVERSIONS__ -D__CUDA_NO_HALF2_OPERATORS__ --expt-relaxed-constexpr --compiler-options ''"'"'-fPIC'"'"'' -std=c++17 --expt-relaxed-constexpr -arch=sm_75 -O3 --use_fast_math --ptxas-options=-v -lineinfo -DTORCH_API_INCLUDE_EXTENSION_H -DTORCH_EXTENSION_NAME=flash_attn_turing
  ptxas info    : 13 bytes gmem, 104 bytes cmem[4]
  ptxas info    : Compiling entry function '_Z16flash_fwd_kernelI23Flash_fwd_kernel_traitsILi96ELi128ELi64ELi8EN7cutlass6half_tE19Flash_kernel_traitsILi96ELi128ELi64ELi8ES2_EELb0ELb0EEvPS2_S6_S6_S6_PfPiS8_iiiiiiifi' for 'sm_75'
  ptxas info    : Function properties for _Z16flash_fwd_kernelI23Flash_fwd_kernel_traitsILi96ELi128ELi64ELi8EN7cutlass6half_tE19Flash_kernel_traitsILi96ELi128ELi64ELi8ES2_EELb0ELb0EEvPS2_S6_S6_S6_PfPiS8_iiiiiiifi
      0 bytes stack frame, 0 bytes spill stores, 0 bytes spill loads
  ptxas info    : Used 182 registers, used 1 barriers, 444 bytes cmem[0]
  ptxas info    : Compile time = 334.812 ms
  ptxas info    : Compiling entry function '_Z16flash_fwd_kernelI23Flash_fwd_kernel_traitsILi96ELi128ELi64ELi8EN7cutlass6half_tE19Flash_kernel_traitsILi96ELi128ELi64ELi8ES2_EELb0ELb1EEvPS2_S6_S6_S6_PfPiS8_iiiiiiifi' for 'sm_75'
  ptxas info    : Function properties for _Z16flash_fwd_kernelI23Flash_fwd_kernel_traitsILi96ELi128ELi64ELi8EN7cutlass6half_tE19Flash_kernel_traitsILi96ELi128ELi64ELi8ES2_EELb0ELb1EEvPS2_S6_S6_S6_PfPiS8_iiiiiiifi
      0 bytes stack frame, 0 bytes spill stores, 0 bytes spill loads
  ptxas info    : Used 182 registers, used 1 barriers, 444 bytes cmem[0]
  ptxas info    : Compile time = 321.849 ms
  creating build/lib.linux-x86_64-cpython-313
  x86_64-linux-gnu-g++ -fno-strict-overflow -Wsign-compare -DNDEBUG -g -O2 -Wall -g -fno-omit-frame-pointer -mno-omit-leaf-frame-pointer -fstack-protector-strong -fstack-clash-protection -Wformat -Werror=format-security -fcf-protection -g -fwrapv -O2 -shared -Wl,-O1 -Wl,-Bsymbolic-functions -Wl,-Bsymbolic-functions -g -fwrapv -O2 /tmp/track3-flash-attention-turing/build/temp.linux-x86_64-cpython-313/csrc/flash_attn/flash_api.o /tmp/track3-flash-attention-turing/build/temp.linux-x86_64-cpython-313/csrc/flash_attn/src/flash_bwd_hdim128_fp16_causal_sm75.o /tmp/track3-flash-attention-turing/build/temp.linux-x86_64-cpython-313/csrc/flash_attn/src/flash_bwd_hdim128_fp16_sm75.o /tmp/track3-flash-attention-turing/build/temp.linux-x86_64-cpython-313/csrc/flash_attn/src/flash_bwd_hdim64_fp16_causal_sm75.o /tmp/track3-flash-attention-turing/build/temp.linux-x86_64-cpython-313/csrc/flash_attn/src/flash_bwd_hdim64_fp16_sm75.o /tmp/track3-flash-attention-turing/build/temp.linux-x86_64-cpython-313/csrc/flash_attn/src/flash_bwd_hdim96_fp16_causal_sm75.o /tmp/track3-flash-attention-turing/build/temp.linux-x86_64-cpython-313/csrc/flash_attn/src/flash_bwd_hdim96_fp16_sm75.o /tmp/track3-flash-attention-turing/build/temp.linux-x86_64-cpython-313/csrc/flash_attn/src/flash_fwd_hdim128_fp16_causal_sm75.o /tmp/track3-flash-attention-turing/build/temp.linux-x86_64-cpython-313/csrc/flash_attn/src/flash_fwd_hdim128_fp16_sm75.o /tmp/track3-flash-attention-turing/build/temp.linux-x86_64-cpython-313/csrc/flash_attn/src/flash_fwd_hdim64_fp16_causal_sm75.o /tmp/track3-flash-attention-turing/build/temp.linux-x86_64-cpython-313/csrc/flash_attn/src/flash_fwd_hdim64_fp16_sm75.o /tmp/track3-flash-attention-turing/build/temp.linux-x86_64-cpython-313/csrc/flash_attn/src/flash_fwd_hdim96_fp16_causal_sm75.o /tmp/track3-flash-attention-turing/build/temp.linux-x86_64-cpython-313/csrc/flash_attn/src/flash_fwd_hdim96_fp16_sm75.o -L/usr/local/lib/python3.13/dist-packages/torch/lib -L/usr/local/cuda/lib64 -L/usr/lib/x86_64-linux-gnu -lc10 -ltorch -ltorch_cpu -ltorch_python -lcudart -lc10_cuda -ltorch_cuda -o build/lib.linux-x86_64-cpython-313/flash_attn_turing.cpython-313-x86_64-linux-gnu.so
  /usr/local/lib/python3.13/dist-packages/setuptools/_distutils/cmd.py:90: SetuptoolsDeprecationWarning: setup.py install is deprecated.
  !!

          ********************************************************************************
          Please avoid running ``setup.py`` directly.
          Instead, use pypa/build, pypa/installer or other
          standards-based tools.

          This deprecation is overdue, please update your project and remove deprecated
          calls to avoid build errors in the future.

          See https://blog.ganssle.io/articles/2021/10/setup-py-deprecated.html for details.
          ********************************************************************************

  !!
    self.initialize_options()
  installing to build/bdist.linux-x86_64/wheel
  running install
  running install_lib
  creating build/bdist.linux-x86_64/wheel
  copying build/lib.linux-x86_64-cpython-313/flash_attn_turing.cpython-313-x86_64-linux-gnu.so -> build/bdist.linux-x86_64/wheel/.
  running install_egg_info
  running egg_info
  creating flash_attn_turing.egg-info
  writing flash_attn_turing.egg-info/PKG-INFO
  writing dependency_links to flash_attn_turing.egg-info/dependency_links.txt
  writing requirements to flash_attn_turing.egg-info/requires.txt
  writing top-level names to flash_attn_turing.egg-info/top_level.txt
  writing manifest file 'flash_attn_turing.egg-info/SOURCES.txt'
  reading manifest file 'flash_attn_turing.egg-info/SOURCES.txt'
  writing manifest file 'flash_attn_turing.egg-info/SOURCES.txt'
  Copying flash_attn_turing.egg-info to build/bdist.linux-x86_64/wheel/./flash_attn_turing-0.0.0-py3.13.egg-info
  running install_scripts
  creating build/bdist.linux-x86_64/wheel/flash_attn_turing-0.0.0.dist-info/WHEEL
  creating '/tmp/pip-wheel-ec1m79qh/flash_attn_turing-0.0.0-cp313-cp313-linux_x86_64.whl' and adding 'build/bdist.linux-x86_64/wheel' to it
  adding 'flash_attn_turing.cpython-313-x86_64-linux-gnu.so'
  adding 'flash_attn_turing-0.0.0.dist-info/METADATA'
  adding 'flash_attn_turing-0.0.0.dist-info/WHEEL'
  adding 'flash_attn_turing-0.0.0.dist-info/top_level.txt'
  adding 'flash_attn_turing-0.0.0.dist-info/RECORD'
  removing build/bdist.linux-x86_64/wheel
  Building wheel for flash_attn_turing (setup.py): finished with status 'done'
  Created wheel for flash_attn_turing: filename=flash_attn_turing-0.0.0-cp313-cp313-linux_x86_64.whl size=5944653 sha256=f273feda1e90b8e744c967854a15d19fcfdbf0a001e6441512c22eaa3bc808cf
  Stored in directory: /root/.cache/pip/wheels/b4/4b/4c/b7efb261a36df0a998a9527b35c1011982e90eae99b66f6ca9
Successfully built flash_attn_turing
Installing collected packages: flash_attn_turing
Successfully installed flash_attn_turing-0.0.0
