NEXT_START {"torch": "2.11.0+cu128", "cuda": "12.8", "gpu": "Tesla T4", "capability": [7, 5], "source_manifest": {"kernels/attention.py": "f65b905597692f0789309fb387abca767a7d0ea200318f81c28b819e3a923304", "kernels/cublaslt_backend.py": "90f93b31d2b3271070387aff5b0759ad3a2c28fc2b1074ab0b7cc24101019983", "kernels/cublaslt_probe.cpp": "47b5e88ed20e07cd77fef18a62331369a15102950590ea3f8cd7b954cb9a4360", "kernels/fp16x3.py": "562120439ad396ec323eebcf5091ee7ffb7a55429f0d663524a72ae8a576b4b8", "kernels/fp16x3_int8.py": "8ec131f4d9d19fa95560eb3c5ea03d7a00258293d49b2dd246abee08d01b1c01", "kernels/fused_layernorm.py": "bb7c11420cff1f47fddc9723fdfd189007f0adabf6a0b8d427bb7d4f5a69df32", "kernels/turing_attention.py": "0ce4cfba82fc8ce839d0a1b729baaebb2dc4772d2ce69d4da3173fff6b9887ee", "scripts/benchmark_next.py": "f4d6b6cd874ee4779e73a0940a5d88820fd3264b78031e699fbc591695149c23", "scripts/build_kaggle_selfcontained.py": "856dbb610b27a90513790f78c9104f28b475c42073e3c374dd7cd3263f5f76e4", "torch_transformer_benchmark.py": "5529c96a80799b51f68092e1444a30b17994554dffdf52da98ba701489a7f36e", "user_optimized.py": "d5523d070a97391544e2d01e88bc07b6dabce892f74387be83cbb58e5ceac6ff"}, "reference_revision": "46154d19ceeba0c50af2588a0247ce43b56c0465"}
Cloning into '/tmp/track3-flash-attention-turing'...
Note: switching to '9ef98fcb506bb1e2fe3cece50935e2935bf6b124'.

You are in 'detached HEAD' state. You can look around, make experimental
changes and commit them, and you can discard any commits you make in this
state without impacting any branches by switching back to a branch.

If you want to create a new branch to retain commits you create, you may
do so (now or later) by using -c with the switch command. Example:

  git switch -c <new-branch-name>

Or undo this operation with:

  git switch -

Turn off this advice by setting config variable advice.detachedHead to false

HEAD is now at 9ef98fc added support for headdim = 96 (#26)
Submodule 'csrc/cutlass' (https://github.com/NVIDIA/cutlass) registered for path 'csrc/cutlass'
Cloning into '/tmp/track3-flash-attention-turing/csrc/cutlass'...
From https://github.com/NVIDIA/cutlass
 * branch            df18f5e4f5de76bed8be1de8e4c245f2f5ec3020 -> FETCH_HEAD
Submodule path 'csrc/cutlass': checked out 'df18f5e4f5de76bed8be1de8e4c245f2f5ec3020'
e time = 508.558 ms
  ptxas info    : Compiling entry function '_Z16flash_fwd_kernelI23Flash_fwd_kernel_traitsILi128ELi128ELi64ELi8EN7cutlass6half_tE19Flash_kernel_traitsILi128ELi128ELi64ELi8ES2_EELb1ELb1EEvPS2_S6_S6_S6_PfPiS8_iiiiiiifi' for 'sm_75'
  ptxas info    : Function properties for _Z16flash_fwd_kernelI23Flash_fwd_kernel_traitsILi128ELi128ELi64ELi8EN7cutlass6half_tE19Flash_kernel_traitsILi128ELi128ELi64ELi8ES2_EELb1ELb1EEvPS2_S6_S6_S6_PfPiS8_iiiiiiifi
      0 bytes stack frame, 0 bytes spill stores, 0 bytes spill loads
  ptxas info    : Used 242 registers, used 1 barriers, 444 bytes cmem[0]
  ptxas info    : Compile time = 474.866 ms
  [9/13] /usr/local/cuda/bin/nvcc -MD -MF /tmp/track3-flash-attention-turing/build/temp.linux-x86_64-cpython-313/csrc/flash_attn/src/flash_fwd_hdim128_fp16_sm75.o.d -I/tmp/track3-flash-attention-turing/csrc/flash_attn -I/tmp/track3-flash-attention-turing/csrc/flash_attn/src -I/tmp/track3-flash-attention-turing/csrc/cutlass/include -I/tmp/track3-flash-attention-turing/csrc/cutlass/tools/util/include -I/usr/local/lib/python3.13/dist-packages/torch/include -I/usr/local/lib/python3.13/dist-packages/torch/include/torch/csrc/api/include -I/usr/local/cuda/include -I/usr/include/python3.13 -c -c /tmp/track3-flash-attention-turing/csrc/flash_attn/src/flash_fwd_hdim128_fp16_sm75.cu -o /tmp/track3-flash-attention-turing/build/temp.linux-x86_64-cpython-313/csrc/flash_attn/src/flash_fwd_hdim128_fp16_sm75.o -D__CUDA_NO_HALF_OPERATORS__ -D__CUDA_NO_HALF_CONVERSIONS__ -D__CUDA_NO_BFLOAT16_CONVERSIONS__ -D__CUDA_NO_HALF2_OPERATORS__ --expt-relaxed-constexpr --compiler-options ''"'"'-fPIC'"'"'' -std=c++17 --expt-relaxed-constexpr -arch=sm_75 -O3 --use_fast_math --ptxas-options=-v -lineinfo -DTORCH_API_INCLUDE_EXTENSION_H -DTORCH_EXTENSION_NAME=flash_attn_turing
  ptxas info    : 13 bytes gmem, 104 bytes cmem[4]
  ptxas info    : Compiling entry function '_Z16flash_fwd_kernelI23Flash_fwd_kernel_traitsILi128ELi128ELi64ELi8EN7cutlass6half_tE19Flash_kernel_traitsILi128ELi128ELi64ELi8ES2_EELb0ELb0EEvPS2_S6_S6_S6_PfPiS8_iiiiiiifi' for 'sm_75'
  ptxas info    : Function properties for _Z16flash_fwd_kernelI23Flash_fwd_kernel_traitsILi128ELi128ELi64ELi8EN7cutlass6half_tE19Flash_kernel_traitsILi128ELi128ELi64ELi8ES2_EELb0ELb0EEvPS2_S6_S6_S6_PfPiS8_iiiiiiifi
      0 bytes stack frame, 0 bytes spill stores, 0 bytes spill loads
  ptxas info    : Used 210 registers, used 1 barriers, 444 bytes cmem[0]
  ptxas info    : Compile time = 412.942 ms
  ptxas info    : Compiling entry function '_Z16flash_fwd_kernelI23Flash_fwd_kernel_traitsILi128ELi128ELi64ELi8EN7cutlass6half_tE19Flash_kernel_traitsILi128ELi128ELi64ELi8ES2_EELb0ELb1EEvPS2_S6_S6_S6_PfPiS8_iiiiiiifi' for 'sm_75'
  ptxas info    : Function properties for _Z16flash_fwd_kernelI23Flash_fwd_kernel_traitsILi128ELi128ELi64ELi8EN7cutlass6half_tE19Flash_kernel_traitsILi128ELi128ELi64ELi8ES2_EELb0ELb1EEvPS2_S6_S6_S6_PfPiS8_iiiiiiifi
      0 bytes stack frame, 0 bytes spill stores, 0 bytes spill loads
  ptxas info    : Used 222 registers, used 1 barriers, 444 bytes cmem[0]
  ptxas info    : Compile time = 399.744 ms
  [10/13] /usr/local/cuda/bin/nvcc -MD -MF /tmp/track3-flash-attention-turing/build/temp.linux-x86_64-cpython-313/csrc/flash_attn/src/flash_fwd_hdim64_fp16_causal_sm75.o.d -I/tmp/track3-flash-attention-turing/csrc/flash_attn -I/tmp/track3-flash-attention-turing/csrc/flash_attn/src -I/tmp/track3-flash-attention-turing/csrc/cutlass/include -I/tmp/track3-flash-attention-turing/csrc/cutlass/tools/util/include -I/usr/local/lib/python3.13/dist-packages/torch/include -I/usr/local/lib/python3.13/dist-packages/torch/include/torch/csrc/api/include -I/usr/local/cuda/include -I/usr/include/python3.13 -c -c /tmp/track3-flash-attention-turing/csrc/flash_attn/src/flash_fwd_hdim64_fp16_causal_sm75.cu -o /tmp/track3-flash-attention-turing/build/temp.linux-x86_64-cpython-313/csrc/flash_attn/src/flash_fwd_hdim64_fp16_causal_sm75.o -D__CUDA_NO_HALF_OPERATORS__ -D__CUDA_NO_HALF_CONVERSIONS__ -D__CUDA_NO_BFLOAT16_CONVERSIONS__ -D__CUDA_NO_HALF2_OPERATORS__ --expt-relaxed-constexpr --compiler-options ''"'"'-fPIC'"'"'' -std=c++17 --expt-relaxed-constexpr -arch=sm_75 -O3 --use_fast_math --ptxas-options=-v -lineinfo -DTORCH_API_INCLUDE_EXTENSION_H -DTORCH_EXTENSION_NAME=flash_attn_turing
  ptxas info    : 13 bytes gmem, 104 bytes cmem[4]
  ptxas info    : Compiling entry function '_Z16flash_fwd_kernelI23Flash_fwd_kernel_traitsILi64ELi128ELi128ELi8EN7cutlass6half_tE19Flash_kernel_traitsILi64ELi128ELi128ELi8ES2_EELb1ELb0EEvPS2_S6_S6_S6_PfPiS8_iiiiiiifi' for 'sm_75'
  ptxas info    : Function properties for _Z16flash_fwd_kernelI23Flash_fwd_kernel_traitsILi64ELi128ELi128ELi8EN7cutlass6half_tE19Flash_kernel_traitsILi64ELi128ELi128ELi8ES2_EELb1ELb0EEvPS2_S6_S6_S6_PfPiS8_iiiiiiifi
      0 bytes stack frame, 0 bytes spill stores, 0 bytes spill loads
  ptxas info    : Used 254 registers, used 1 barriers, 444 bytes cmem[0]
  ptxas info    : Compile time = 566.765 ms
  ptxas info    : Compiling entry function '_Z16flash_fwd_kernelI23Flash_fwd_kernel_traitsILi64ELi128ELi128ELi8EN7cutlass6half_tE19Flash_kernel_traitsILi64ELi128ELi128ELi8ES2_EELb1ELb1EEvPS2_S6_S6_S6_PfPiS8_iiiiiiifi' for 'sm_75'
  ptxas info    : Function properties for _Z16flash_fwd_kernelI23Flash_fwd_kernel_traitsILi64ELi128ELi128ELi8EN7cutlass6half_tE19Flash_kernel_traitsILi64ELi128ELi128ELi8ES2_EELb1ELb1EEvPS2_S6_S6_S6_PfPiS8_iiiiiiifi
      0 bytes stack frame, 0 bytes spill stores, 0 bytes spill loads
  ptxas info    : Used 254 registers, used 1 barriers, 444 bytes cmem[0]
  ptxas info    : Compile time = 522.528 ms
  [11/13] /usr/local/cuda/bin/nvcc -MD -MF /tmp/track3-flash-attention-turing/build/temp.linux-x86_64-cpython-313/csrc/flash_attn/src/flash_fwd_hdim64_fp16_sm75.o.d -I/tmp/track3-flash-attention-turing/csrc/flash_attn -I/tmp/track3-flash-attention-turing/csrc/flash_attn/src -I/tmp/track3-flash-attention-turing/csrc/cutlass/include -I/tmp/track3-flash-attention-turing/csrc/cutlass/tools/util/include -I/usr/local/lib/python3.13/dist-packages/torch/include -I/usr/local/lib/python3.13/dist-packages/torch/include/torch/csrc/api/include -I/usr/local/cuda/include -I/usr/include/python3.13 -c -c /tmp/track3-flash-attention-turing/csrc/flash_attn/src/flash_fwd_hdim64_fp16_sm75.cu -o /tmp/track3-flash-attention-turing/build/temp.linux-x86_64-cpython-313/csrc/flash_attn/src/flash_fwd_hdim64_fp16_sm75.o -D__CUDA_NO_HALF_OPERATORS__ -D__CUDA_NO_HALF_CONVERSIONS__ -D__CUDA_NO_BFLOAT16_CONVERSIONS__ -D__CUDA_NO_HALF2_OPERATORS__ --expt-relaxed-constexpr --compiler-options ''"'"'-fPIC'"'"'' -std=c++17 --expt-relaxed-constexpr -arch=sm_75 -O3 --use_fast_math --ptxas-options=-v -lineinfo -DTORCH_API_INCLUDE_EXTENSION_H -DTORCH_EXTENSION_NAME=flash_attn_turing
  ptxas info    : 13 bytes gmem, 104 bytes cmem[4]
  ptxas info    : Compiling entry function '_Z16flash_fwd_kernelI23Flash_fwd_kernel_traitsILi64ELi128ELi128ELi8EN7cutlass6half_tE19Flash_kernel_traitsILi64ELi128ELi128ELi8ES2_EELb0ELb0EEvPS2_S6_S6_S6_PfPiS8_iiiiiiifi' for 'sm_75'
  ptxas info    : Function properties for _Z16flash_fwd_kernelI23Flash_fwd_kernel_traitsILi64ELi128ELi128ELi8EN7cutlass6half_tE19Flash_kernel_traitsILi64ELi128ELi128ELi8ES2_EELb0ELb0EEvPS2_S6_S6_S6_PfPiS8_iiiiiiifi
      0 bytes stack frame, 0 bytes spill stores, 0 bytes spill loads
  ptxas info    : Used 238 registers, used 1 barriers, 444 bytes cmem[0]
  ptxas info    : Compile time = 461.707 ms
  ptxas info    : Compiling entry function '_Z16flash_fwd_kernelI23Flash_fwd_kernel_traitsILi64ELi128ELi128ELi8EN7cutlass6half_tE19Flash_kernel_traitsILi64ELi128ELi128ELi8ES2_EELb0ELb1EEvPS2_S6_S6_S6_PfPiS8_iiiiiiifi' for 'sm_75'
  ptxas info    : Function properties for _Z16flash_fwd_kernelI23Flash_fwd_kernel_traitsILi64ELi128ELi128ELi8EN7cutlass6half_tE19Flash_kernel_traitsILi64ELi128ELi128ELi8ES2_EELb0ELb1EEvPS2_S6_S6_S6_PfPiS8_iiiiiiifi
      0 bytes stack frame, 0 bytes spill stores, 0 bytes spill loads
  ptxas info    : Used 236 registers, used 1 barriers, 444 bytes cmem[0]
  ptxas info    : Compile time = 440.662 ms
  [12/13] /usr/local/cuda/bin/nvcc -MD -MF /tmp/track3-flash-attention-turing/build/temp.linux-x86_64-cpython-313/csrc/flash_attn/src/flash_fwd_hdim96_fp16_causal_sm75.o.d -I/tmp/track3-flash-attention-turing/csrc/flash_attn -I/tmp/track3-flash-attention-turing/csrc/flash_attn/src -I/tmp/track3-flash-attention-turing/csrc/cutlass/include -I/tmp/track3-flash-attention-turing/csrc/cutlass/tools/util/include -I/usr/local/lib/python3.13/dist-packages/torch/include -I/usr/local/lib/python3.13/dist-packages/torch/include/torch/csrc/api/include -I/usr/local/cuda/include -I/usr/include/python3.13 -c -c /tmp/track3-flash-attention-turing/csrc/flash_attn/src/flash_fwd_hdim96_fp16_causal_sm75.cu -o /tmp/track3-flash-attention-turing/build/temp.linux-x86_64-cpython-313/csrc/flash_attn/src/flash_fwd_hdim96_fp16_causal_sm75.o -D__CUDA_NO_HALF_OPERATORS__ -D__CUDA_NO_HALF_CONVERSIONS__ -D__CUDA_NO_BFLOAT16_CONVERSIONS__ -D__CUDA_NO_HALF2_OPERATORS__ --expt-relaxed-constexpr --compiler-options ''"'"'-fPIC'"'"'' -std=c++17 --expt-relaxed-constexpr -arch=sm_75 -O3 --use_fast_math --ptxas-options=-v -lineinfo -DTORCH_API_INCLUDE_EXTENSION_H -DTORCH_EXTENSION_NAME=flash_attn_turing
  ptxas info    : 13 bytes gmem, 104 bytes cmem[4]
  ptxas info    : Compiling entry function '_Z16flash_fwd_kernelI23Flash_fwd_kernel_traitsILi96ELi128ELi64ELi8EN7cutlass6half_tE19Flash_kernel_traitsILi96ELi128ELi64ELi8ES2_EELb1ELb0EEvPS2_S6_S6_S6_PfPiS8_iiiiiiifi' for 'sm_75'
  ptxas info    : Function properties for _Z16flash_fwd_kernelI23Flash_fwd_kernel_traitsILi96ELi128ELi64ELi8EN7cutlass6half_tE19Flash_kernel_traitsILi96ELi128ELi64ELi8ES2_EELb1ELb0EEvPS2_S6_S6_S6_PfPiS8_iiiiiiifi
      0 bytes stack frame, 0 bytes spill stores, 0 bytes spill loads
  ptxas info    : Used 220 registers, used 1 barriers, 444 bytes cmem[0]
  ptxas info    : Compile time = 398.511 ms
  ptxas info    : Compiling entry function '_Z16flash_fwd_kernelI23Flash_fwd_kernel_traitsILi96ELi128ELi64ELi8EN7cutlass6half_tE19Flash_kernel_traitsILi96ELi128ELi64ELi8ES2_EELb1ELb1EEvPS2_S6_S6_S6_PfPiS8_iiiiiiifi' for 'sm_75'
  ptxas info    : Function properties for _Z16flash_fwd_kernelI23Flash_fwd_kernel_traitsILi96ELi128ELi64ELi8EN7cutlass6half_tE19Flash_kernel_traitsILi96ELi128ELi64ELi8ES2_EELb1ELb1EEvPS2_S6_S6_S6_PfPiS8_iiiiiiifi
      0 bytes stack frame, 0 bytes spill stores, 0 bytes spill loads
  ptxas info    : Used 216 registers, used 1 barriers, 444 bytes cmem[0]
  ptxas info    : Compile time = 369.316 ms
  [13/13] /usr/local/cuda/bin/nvcc -MD -MF /tmp/track3-flash-attention-turing/build/temp.linux-x86_64-cpython-313/csrc/flash_attn/src/flash_fwd_hdim96_fp16_sm75.o.d -I/tmp/track3-flash-attention-turing/csrc/flash_attn -I/tmp/track3-flash-attention-turing/csrc/flash_attn/src -I/tmp/track3-flash-attention-turing/csrc/cutlass/include -I/tmp/track3-flash-attention-turing/csrc/cutlass/tools/util/include -I/usr/local/lib/python3.13/dist-packages/torch/include -I/usr/local/lib/python3.13/dist-packages/torch/include/torch/csrc/api/include -I/usr/local/cuda/include -I/usr/include/python3.13 -c -c /tmp/track3-flash-attention-turing/csrc/flash_attn/src/flash_fwd_hdim96_fp16_sm75.cu -o /tmp/track3-flash-attention-turing/build/temp.linux-x86_64-cpython-313/csrc/flash_attn/src/flash_fwd_hdim96_fp16_sm75.o -D__CUDA_NO_HALF_OPERATORS__ -D__CUDA_NO_HALF_CONVERSIONS__ -D__CUDA_NO_BFLOAT16_CONVERSIONS__ -D__CUDA_NO_HALF2_OPERATORS__ --expt-relaxed-constexpr --compiler-options ''"'"'-fPIC'"'"'' -std=c++17 --expt-relaxed-constexpr -arch=sm_75 -O3 --use_fast_math --ptxas-options=-v -lineinfo -DTORCH_API_INCLUDE_EXTENSION_H -DTORCH_EXTENSION_NAME=flash_attn_turing
  ptxas info    : 13 bytes gmem, 104 bytes cmem[4]
  ptxas info    : Compiling entry function '_Z16flash_fwd_kernelI23Flash_fwd_kernel_traitsILi96ELi128ELi64ELi8EN7cutlass6half_tE19Flash_kernel_traitsILi96ELi128ELi64ELi8ES2_EELb0ELb0EEvPS2_S6_S6_S6_PfPiS8_iiiiiiifi' for 'sm_75'
  ptxas info    : Function properties for _Z16flash_fwd_kernelI23Flash_fwd_kernel_traitsILi96ELi128ELi64ELi8EN7cutlass6half_tE19Flash_kernel_traitsILi96ELi128ELi64ELi8ES2_EELb0ELb0EEvPS2_S6_S6_S6_PfPiS8_iiiiiiifi
      0 bytes stack frame, 0 bytes spill stores, 0 bytes spill loads
  ptxas info    : Used 182 registers, used 1 barriers, 444 bytes cmem[0]
  ptxas info    : Compile time = 334.812 ms
  ptxas info    : Compiling entry function '_Z16flash_fwd_kernelI23Flash_fwd_kernel_traitsILi96ELi128ELi64ELi8EN7cutlass6half_tE19Flash_kernel_traitsILi96ELi128ELi64ELi8ES2_EELb0ELb1EEvPS2_S6_S6_S6_PfPiS8_iiiiiiifi' for 'sm_75'
  ptxas info    : Function properties for _Z16flash_fwd_kernelI23Flash_fwd_kernel_traitsILi96ELi128ELi64ELi8EN7cutlass6half_tE19Flash_kernel_traitsILi96ELi128ELi64ELi8ES2_EELb0ELb1EEvPS2_S6_S6_S6_PfPiS8_iiiiiiifi
      0 bytes stack frame, 0 bytes spill stores, 0 bytes spill loads
  ptxas info    : Used 182 registers, used 1 barriers, 444 bytes cmem[0]
  ptxas info    : Compile time = 321.849 ms
  creating build/lib.linux-x86_64-cpython-313
  x86_64-linux-gnu-g++ -fno-strict-overflow -Wsign-compare -DNDEBUG -g -O2 -Wall -g -fno-omit-frame-pointer -mno-omit-leaf-frame-pointer -fstack-protector-strong -fstack-clash-protection -Wformat -Werror=format-security -fcf-protection -g -fwrapv -O2 -shared -Wl,-O1 -Wl,-Bsymbolic-functions -Wl,-Bsymbolic-functions -g -fwrapv -O2 /tmp/track3-flash-attention-turing/build/temp.linux-x86_64-cpython-313/csrc/flash_attn/flash_api.o /tmp/track3-flash-attention-turing/build/temp.linux-x86_64-cpython-313/csrc/flash_attn/src/flash_bwd_hdim128_fp16_causal_sm75.o /tmp/track3-flash-attention-turing/build/temp.linux-x86_64-cpython-313/csrc/flash_attn/src/flash_bwd_hdim128_fp16_sm75.o /tmp/track3-flash-attention-turing/build/temp.linux-x86_64-cpython-313/csrc/flash_attn/src/flash_bwd_hdim64_fp16_causal_sm75.o /tmp/track3-flash-attention-turing/build/temp.linux-x86_64-cpython-313/csrc/flash_attn/src/flash_bwd_hdim64_fp16_sm75.o /tmp/track3-flash-attention-turing/build/temp.linux-x86_64-cpython-313/csrc/flash_attn/src/flash_bwd_hdim96_fp16_causal_sm75.o /tmp/track3-flash-attention-turing/build/temp.linux-x86_64-cpython-313/csrc/flash_attn/src/flash_bwd_hdim96_fp16_sm75.o /tmp/track3-flash-attention-turing/build/temp.linux-x86_64-cpython-313/csrc/flash_attn/src/flash_fwd_hdim128_fp16_causal_sm75.o /tmp/track3-flash-attention-turing/build/temp.linux-x86_64-cpython-313/csrc/flash_attn/src/flash_fwd_hdim128_fp16_sm75.o /tmp/track3-flash-attention-turing/build/temp.linux-x86_64-cpython-313/csrc/flash_attn/src/flash_fwd_hdim64_fp16_causal_sm75.o /tmp/track3-flash-attention-turing/build/temp.linux-x86_64-cpython-313/csrc/flash_attn/src/flash_fwd_hdim64_fp16_sm75.o /tmp/track3-flash-attention-turing/build/temp.linux-x86_64-cpython-313/csrc/flash_attn/src/flash_fwd_hdim96_fp16_causal_sm75.o /tmp/track3-flash-attention-turing/build/temp.linux-x86_64-cpython-313/csrc/flash_attn/src/flash_fwd_hdim96_fp16_sm75.o -L/usr/local/lib/python3.13/dist-packages/torch/lib -L/usr/local/cuda/lib64 -L/usr/lib/x86_64-linux-gnu -lc10 -ltorch -ltorch_cpu -ltorch_python -lcudart -lc10_cuda -ltorch_cuda -o build/lib.linux-x86_64-cpython-313/flash_attn_turing.cpython-313-x86_64-linux-gnu.so
  /usr/local/lib/python3.13/dist-packages/setuptools/_distutils/cmd.py:90: SetuptoolsDeprecationWarning: setup.py install is deprecated.
  !!

          ********************************************************************************
          Please avoid running ``setup.py`` directly.
          Instead, use pypa/build, pypa/installer or other
          standards-based tools.

          This deprecation is overdue, please update your project and remove deprecated
          calls to avoid build errors in the future.

          See https://blog.ganssle.io/articles/2021/10/setup-py-deprecated.html for details.
          ********************************************************************************

  !!
    self.initialize_options()
  installing to build/bdist.linux-x86_64/wheel
  running install
  running install_lib
  creating build/bdist.linux-x86_64/wheel
  copying build/lib.linux-x86_64-cpython-313/flash_attn_turing.cpython-313-x86_64-linux-gnu.so -> build/bdist.linux-x86_64/wheel/.
  running install_egg_info
  running egg_info
  creating flash_attn_turing.egg-info
  writing flash_attn_turing.egg-info/PKG-INFO
  writing dependency_links to flash_attn_turing.egg-info/dependency_links.txt
  writing requirements to flash_attn_turing.egg-info/requires.txt
  writing top-level names to flash_attn_turing.egg-info/top_level.txt
  writing manifest file 'flash_attn_turing.egg-info/SOURCES.txt'
  reading manifest file 'flash_attn_turing.egg-info/SOURCES.txt'
  writing manifest file 'flash_attn_turing.egg-info/SOURCES.txt'
  Copying flash_attn_turing.egg-info to build/bdist.linux-x86_64/wheel/./flash_attn_turing-0.0.0-py3.13.egg-info
  running install_scripts
  creating build/bdist.linux-x86_64/wheel/flash_attn_turing-0.0.0.dist-info/WHEEL
  creating '/tmp/pip-wheel-ec1m79qh/flash_attn_turing-0.0.0-cp313-cp313-linux_x86_64.whl' and adding 'build/bdist.linux-x86_64/wheel' to it
  adding 'flash_attn_turing.cpython-313-x86_64-linux-gnu.so'
  adding 'flash_attn_turing-0.0.0.dist-info/METADATA'
  adding 'flash_attn_turing-0.0.0.dist-info/WHEEL'
  adding 'flash_attn_turing-0.0.0.dist-info/top_level.txt'
  adding 'flash_attn_turing-0.0.0.dist-info/RECORD'
  removing build/bdist.linux-x86_64/wheel
  Building wheel for flash_attn_turing (setup.py): finished with status 'done'
  Created wheel for flash_attn_turing: filename=flash_attn_turing-0.0.0-cp313-cp313-linux_x86_64.whl size=5944653 sha256=f273feda1e90b8e744c967854a15d19fcfdbf0a001e6441512c22eaa3bc808cf
  Stored in directory: /root/.cache/pip/wheels/b4/4b/4c/b7efb261a36df0a998a9527b35c1011982e90eae99b66f6ca9
Successfully built flash_attn_turing
Installing collected packages: flash_attn_turing
Successfully installed flash_attn_turing-0.0.0

NEXT_FLASH {"metadata": {"torch": "2.11.0+cu128", "cuda": "12.8", "gpu": "Tesla T4", "capability": [7, 5], "source_manifest": {"kernels/attention.py": "f65b905597692f0789309fb387abca767a7d0ea200318f81c28b819e3a923304", "kernels/cublaslt_backend.py": "90f93b31d2b3271070387aff5b0759ad3a2c28fc2b1074ab0b7cc24101019983", "kernels/cublaslt_probe.cpp": "47b5e88ed20e07cd77fef18a62331369a15102950590ea3f8cd7b954cb9a4360", "kernels/fp16x3.py": "562120439ad396ec323eebcf5091ee7ffb7a55429f0d663524a72ae8a576b4b8", "kernels/fp16x3_int8.py": "8ec131f4d9d19fa95560eb3c5ea03d7a00258293d49b2dd246abee08d01b1c01", "kernels/fused_layernorm.py": "bb7c11420cff1f47fddc9723fdfd189007f0adabf6a0b8d427bb7d4f5a69df32", "kernels/turing_attention.py": "0ce4cfba82fc8ce839d0a1b729baaebb2dc4772d2ce69d4da3173fff6b9887ee", "scripts/benchmark_next.py": "f4d6b6cd874ee4779e73a0940a5d88820fd3264b78031e699fbc591695149c23", "scripts/build_kaggle_selfcontained.py": "856dbb610b27a90513790f78c9104f28b475c42073e3c374dd7cd3263f5f76e4", "torch_transformer_benchmark.py": "5529c96a80799b51f68092e1444a30b17994554dffdf52da98ba701489a7f36e", "user_optimized.py": "d5523d070a97391544e2d01e88bc07b6dabce892f74387be83cbb58e5ceac6ff"}, "reference_revision": "46154d19ceeba0c50af2588a0247ce43b56c0465"}, "results": {"external_revision": "9ef98fcb506bb1e2fe3cece50935e2935bf6b124", "implementation": "production_adapter", "external_repository": "https://github.com/ssiu/flash-attention-turing", "license_note": "no top-level LICENSE at pinned revision; fetched only for private experiment, not vendored", "attention": [], "full": {}, "production_adapter_contracts": [{"head_dim": 64, "seed": 0, "max_abs": 0.00048828125, "failed": 0}, {"head_dim": 64, "seed": 1, "max_abs": 0.00048828125, "failed": 0}, {"head_dim": 64, "seed": 2, "max_abs": 0.00048828125, "failed": 0}, {"head_dim": 96, "seed": 0, "max_abs": 0.00048828125, "failed": 0}, {"head_dim": 96, "seed": 1, "max_abs": 0.00048828125, "failed": 0}, {"head_dim": 96, "seed": 2, "max_abs": 0.00048828125, "failed": 0}, {"head_dim": 128, "seed": 0, "max_abs": 0.00048828125, "failed": 0}, {"head_dim": 128, "seed": 1, "max_abs": 0.00048828125, "failed": 0}, {"head_dim": 128, "seed": 2, "max_abs": 0.00048828125, "failed": 0}]}}
[user_optimized] T3_LINEAR: fp16x3 path unavailable on this device/dtype; using fp32
FLASH_FULL_PROGRESS {"round": 0, "model": "sdpa", "seconds": 188.12317222299998}
NEXT_FLASH {"metadata": {"torch": "2.11.0+cu128", "cuda": "12.8", "gpu": "Tesla T4", "capability": [7, 5], "source_manifest": {"kernels/attention.py": "f65b905597692f0789309fb387abca767a7d0ea200318f81c28b819e3a923304", "kernels/cublaslt_backend.py": "90f93b31d2b3271070387aff5b0759ad3a2c28fc2b1074ab0b7cc24101019983", "kernels/cublaslt_probe.cpp": "47b5e88ed20e07cd77fef18a62331369a15102950590ea3f8cd7b954cb9a4360", "kernels/fp16x3.py": "562120439ad396ec323eebcf5091ee7ffb7a55429f0d663524a72ae8a576b4b8", "kernels/fp16x3_int8.py": "8ec131f4d9d19fa95560eb3c5ea03d7a00258293d49b2dd246abee08d01b1c01", "kernels/fused_layernorm.py": "bb7c11420cff1f47fddc9723fdfd189007f0adabf6a0b8d427bb7d4f5a69df32", "kernels/turing_attention.py": "0ce4cfba82fc8ce839d0a1b729baaebb2dc4772d2ce69d4da3173fff6b9887ee", "scripts/benchmark_next.py": "f4d6b6cd874ee4779e73a0940a5d88820fd3264b78031e699fbc591695149c23", "scripts/build_kaggle_selfcontained.py": "856dbb610b27a90513790f78c9104f28b475c42073e3c374dd7cd3263f5f76e4", "torch_transformer_benchmark.py": "5529c96a80799b51f68092e1444a30b17994554dffdf52da98ba701489a7f36e", "user_optimized.py": "d5523d070a97391544e2d01e88bc07b6dabce892f74387be83cbb58e5ceac6ff"}, "reference_revision": "46154d19ceeba0c50af2588a0247ce43b56c0465"}, "results": {"external_revision": "9ef98fcb506bb1e2fe3cece50935e2935bf6b124", "implementation": "production_adapter", "external_repository": "https://github.com/ssiu/flash-attention-turing", "license_note": "no top-level LICENSE at pinned revision; fetched only for private experiment, not vendored", "attention": [], "full": {"sdpa": {"warmup_seconds": 188.12317222299998, "round_seconds": [], "peak_bytes": []}, "flash": {"warmup_seconds": null, "round_seconds": [], "peak_bytes": []}}, "production_adapter_contracts": [{"head_dim": 64, "seed": 0, "max_abs": 0.00048828125, "failed": 0}, {"head_dim": 64, "seed": 1, "max_abs": 0.00048828125, "failed": 0}, {"head_dim": 64, "seed": 2, "max_abs": 0.00048828125, "failed": 0}, {"head_dim": 96, "seed": 0, "max_abs": 0.00048828125, "failed": 0}, {"head_dim": 96, "seed": 1, "max_abs": 0.00048828125, "failed": 0}, {"head_dim": 96, "seed": 2, "max_abs": 0.00048828125, "failed": 0}, {"head_dim": 128, "seed": 0, "max_abs": 0.00048828125, "failed": 0}, {"head_dim": 128, "seed": 1, "max_abs": 0.00048828125, "failed": 0}, {"head_dim": 128, "seed": 2, "max_abs": 0.00048828125, "failed": 0}], "contracts": "PASS (strided QKV, unsupported heads, fp32, non-default stream)", "counters": {"flash": 0, "fallback": 2}, "production_adapter_calls": 9}}
[user_optimized] T3_LINEAR: fp16x3 path unavailable on this device/dtype; using fp32
FLASH_FULL_PROGRESS {"round": 0, "model": "flash", "seconds": 120.26325956699998}
[warning] dtype mismatch: baseline=torch.float32, optimized=torch.float16
NEXT_FLASH {"metadata": {"torch": "2.11.0+cu128", "cuda": "12.8", "gpu": "Tesla T4", "capability": [7, 5], "source_manifest": {"kernels/attention.py": "f65b905597692f0789309fb387abca767a7d0ea200318f81c28b819e3a923304", "kernels/cublaslt_backend.py": "90f93b31d2b3271070387aff5b0759ad3a2c28fc2b1074ab0b7cc24101019983", "kernels/cublaslt_probe.cpp": "47b5e88ed20e07cd77fef18a62331369a15102950590ea3f8cd7b954cb9a4360", "kernels/fp16x3.py": "562120439ad396ec323eebcf5091ee7ffb7a55429f0d663524a72ae8a576b4b8", "kernels/fp16x3_int8.py": "8ec131f4d9d19fa95560eb3c5ea03d7a00258293d49b2dd246abee08d01b1c01", "kernels/fused_layernorm.py": "bb7c11420cff1f47fddc9723fdfd189007f0adabf6a0b8d427bb7d4f5a69df32", "kernels/turing_attention.py": "0ce4cfba82fc8ce839d0a1b729baaebb2dc4772d2ce69d4da3173fff6b9887ee", "scripts/benchmark_next.py": "f4d6b6cd874ee4779e73a0940a5d88820fd3264b78031e699fbc591695149c23", "scripts/build_kaggle_selfcontained.py": "856dbb610b27a90513790f78c9104f28b475c42073e3c374dd7cd3263f5f76e4", "torch_transformer_benchmark.py": "5529c96a80799b51f68092e1444a30b17994554dffdf52da98ba701489a7f36e", "user_optimized.py": "d5523d070a97391544e2d01e88bc07b6dabce892f74387be83cbb58e5ceac6ff"}, "reference_revision": "46154d19ceeba0c50af2588a0247ce43b56c0465"}, "results": {"external_revision": "9ef98fcb506bb1e2fe3cece50935e2935bf6b124", "implementation": "production_adapter", "external_repository": "https://github.com/ssiu/flash-attention-turing", "license_note": "no top-level LICENSE at pinned revision; fetched only for private experiment, not vendored", "attention": [], "full": {"sdpa": {"warmup_seconds": 188.12317222299998, "round_seconds": [], "peak_bytes": []}, "flash": {"warmup_seconds": 120.26325956699998, "round_seconds": [], "peak_bytes": []}}, "production_adapter_contracts": [{"head_dim": 64, "seed": 0, "max_abs": 0.00048828125, "failed": 0}, {"head_dim": 64, "seed": 1, "max_abs": 0.00048828125, "failed": 0}, {"head_dim": 64, "seed": 2, "max_abs": 0.00048828125, "failed": 0}, {"head_dim": 96, "seed": 0, "max_abs": 0.00048828125, "failed": 0}, {"head_dim": 96, "seed": 1, "max_abs": 0.00048828125, "failed": 0}, {"head_dim": 96, "seed": 2, "max_abs": 0.00048828125, "failed": 0}, {"head_dim": 128, "seed": 0, "max_abs": 0.00048828125, "failed": 0}, {"head_dim": 128, "seed": 1, "max_abs": 0.00048828125, "failed": 0}, {"head_dim": 128, "seed": 2, "max_abs": 0.00048828125, "failed": 0}], "contracts": "PASS (strided QKV, unsupported heads, fp32, non-default stream)", "counters": {"flash": 0, "fallback": 2}, "production_adapter_calls": 73, "full_equivalence": {"failed": 0, "max_abs": 0.0078125, "elements": 3276800000, "reference": "native-fp16 SDPA model, not original full fp32"}, "fp32_causal_prefix": {"tokens": 512, "batches": 1, "max_abs": 0.005517482757568359, "failed": 0}}}
NEXT_FLASH {"metadata": {"torch": "2.11.0+cu128", "cuda": "12.8", "gpu": "Tesla T4", "capability": [7, 5], "source_manifest": {"kernels/attention.py": "f65b905597692f0789309fb387abca767a7d0ea200318f81c28b819e3a923304", "kernels/cublaslt_backend.py": "90f93b31d2b3271070387aff5b0759ad3a2c28fc2b1074ab0b7cc24101019983", "kernels/cublaslt_probe.cpp": "47b5e88ed20e07cd77fef18a62331369a15102950590ea3f8cd7b954cb9a4360", "kernels/fp16x3.py": "562120439ad396ec323eebcf5091ee7ffb7a55429f0d663524a72ae8a576b4b8", "kernels/fp16x3_int8.py": "8ec131f4d9d19fa95560eb3c5ea03d7a00258293d49b2dd246abee08d01b1c01", "kernels/fused_layernorm.py": "bb7c11420cff1f47fddc9723fdfd189007f0adabf6a0b8d427bb7d4f5a69df32", "kernels/turing_attention.py": "0ce4cfba82fc8ce839d0a1b729baaebb2dc4772d2ce69d4da3173fff6b9887ee", "scripts/benchmark_next.py": "f4d6b6cd874ee4779e73a0940a5d88820fd3264b78031e699fbc591695149c23", "scripts/build_kaggle_selfcontained.py": "856dbb610b27a90513790f78c9104f28b475c42073e3c374dd7cd3263f5f76e4", "torch_transformer_benchmark.py": "5529c96a80799b51f68092e1444a30b17994554dffdf52da98ba701489a7f36e", "user_optimized.py": "d5523d070a97391544e2d01e88bc07b6dabce892f74387be83cbb58e5ceac6ff"}, "reference_revision": "46154d19ceeba0c50af2588a0247ce43b56c0465"}, "results": {"external_revision": "9ef98fcb506bb1e2fe3cece50935e2935bf6b124", "implementation": "production_adapter", "external_repository": "https://github.com/ssiu/flash-attention-turing", "license_note": "no top-level LICENSE at pinned revision; fetched only for private experiment, not vendored", "attention": [], "full": {"sdpa": {"warmup_seconds": 188.12317222299998, "round_seconds": [], "peak_bytes": []}, "flash": {"warmup_seconds": 120.26325956699998, "round_seconds": [], "peak_bytes": []}}, "production_adapter_contracts": [{"head_dim": 64, "seed": 0, "max_abs": 0.00048828125, "failed": 0}, {"head_dim": 64, "seed": 1, "max_abs": 0.00048828125, "failed": 0}, {"head_dim": 64, "seed": 2, "max_abs": 0.00048828125, "failed": 0}, {"head_dim": 96, "seed": 0, "max_abs": 0.00048828125, "failed": 0}, {"head_dim": 96, "seed": 1, "max_abs": 0.00048828125, "failed": 0}, {"head_dim": 96, "seed": 2, "max_abs": 0.00048828125, "failed": 0}, {"head_dim": 128, "seed": 0, "max_abs": 0.00048828125, "failed": 0}, {"head_dim": 128, "seed": 1, "max_abs": 0.00048828125, "failed": 0}, {"head_dim": 128, "seed": 2, "max_abs": 0.00048828125, "failed": 0}], "contracts": "PASS (strided QKV, unsupported heads, fp32, non-default stream)", "counters": {"flash": 0, "fallback": 2}, "production_adapter_calls": 73, "full_equivalence": {"failed": 0, "max_abs": 0.0078125, "elements": 3276800000, "reference": "native-fp16 SDPA model, not original full fp32"}, "fp32_causal_prefix": {"tokens": 512, "batches": 1, "max_abs": 0.005517482757568359, "failed": 0}, "verification_only": "cold pair only, not a steady-state performance claim"}}
/usr/local/lib/python3.13/dist-packages/mistune.py:435: SyntaxWarning: invalid escape sequence '\|'
  cells[i][c] = re.sub('\\\\\|', '|', cell)
/usr/local/lib/python3.13/dist-packages/nbconvert/filters/filter_links.py:36: SyntaxWarning: invalid escape sequence '\_'
  text = re.sub(r'_', '\_', text) # Escape underscores in display text
[NbConvertApp] Converting notebook __script__.ipynb to html
[NbConvertApp] Writing 1143761 bytes to __results__.html
