[{"stream_name":"stdout","time":18.042951424,"data":"[user_optimized] fp16x3 GEMMs off: activations may reach 5.66e+05 (fp16 range is 65504); using fp32 SGEMM\n"}
,{"stream_name":"stdout","time":18.044936531,"data":"RUNTIME_CONTRACTS: PASS (CUDA graph, masks, weights, range, owned outputs)\n"}
,{"stream_name":"stdout","time":18.150654296,"data":"RUNTIME_METADATA {\"reference_revision\": \"6a52565d25dd0455a0425b1d7a8f79039267c4db\", \"current_source_sha256\": \"3cd97e0c098b47776b5cb4a42c542dad2f4280a09eede64316d76053a263906e\", \"torch\": \"2.11.0+cu128\", \"cuda\": \"12.8\", \"gpu\": \"Tesla T4\", \"timing\": \"official benchmark_once, interleaved three-model order\", \"repeats\": 50, \"rounds\": 9, \"accuracy_trials\": 3}\n"}
,{"stream_name":"stdout","time":32.467991049,"data":"RUNTIME_RESULT {\"shape\": 2, \"status\": \"PASS\", \"reference_ms\": 3.016256093978882, \"previous_ms\": 0.43827199935913086, \"current_ms\": 0.38092800974845886, \"previous_speedup\": 6.882155598325795, \"current_speedup\": 7.91817880751439, \"improvement\": 1.1505376032824113, \"previous_wall_ms\": 0.39856779999922765, \"current_wall_ms\": 0.3613787999995566, \"max_abs\": 1.6689300537109375e-06}\n"}
,{"stream_name":"stdout","time":32.468024115,"data":"RUNTIME_MODES {\"previous\": {\"graph\": true, \"compiled\": false, \"tune\": [4.224671840667725, 1.1135679483413696, 0.5980479717254639]}, \"current\": {\"graph\": true, \"compiled\": false, \"tune\": [4.009119987487793, 1.1045119762420654, 0.5898560285568237]}}\n"}
,{"stream_name":"stdout","time":40.405218104,"data":"RUNTIME_RESULT {\"shape\": 3, \"status\": \"PASS\", \"reference_ms\": 3.084351897239685, \"previous_ms\": 0.41121600568294525, \"current_ms\": 0.35920000076293945, \"previous_speedup\": 7.50056382683162, \"current_speedup\": 8.586725753587231, \"improvement\": 1.144810703812706, \"previous_wall_ms\": 0.41049999999813735, \"current_wall_ms\": 0.37330440000005183, \"max_abs\": 1.430511474609375e-06}\n"}
,{"stream_name":"stdout","time":40.405279786,"data":"RUNTIME_MODES {\"previous\": {\"graph\": true, \"compiled\": false, \"tune\": [4.154816150665283, 2.136575937271118, 0.8789119720458984]}, \"current\": {\"graph\": true, \"compiled\": false, \"tune\": [3.7739200592041016, 2.1216320991516113, 0.8703680038452148]}}\n"}
,{"stream_name":"stdout","time":222.447767003,"data":"RUNTIME_RESULT {\"shape\": 8, \"status\": \"PASS\", \"reference_ms\": 156.29505157470703, \"previous_ms\": 99.90817642211914, \"current_ms\": 100.8768310546875, \"previous_speedup\": 1.5643869918548943, \"current_speedup\": 1.5493652005184038, \"improvement\": 0.9903976500605651, \"previous_wall_ms\": 100.82760689999759, \"current_wall_ms\": 100.85906040000054, \"max_abs\": 9.953975677490234e-06}\n"}
,{"stream_name":"stdout","time":222.447818803,"data":"RUNTIME_MODES {\"previous\": {\"graph\": true, \"compiled\": false, \"tune\": [83.46419525146484, 113.42793273925781, 62.03395080566406]}, \"current\": {\"graph\": true, \"compiled\": false, \"tune\": [84.32418823242188, 117.42489624023438, 65.35539245605469]}}\n"}
,{"stream_name":"stdout","time":229.616187691,"data":"RUNTIME_RESULT {\"shape\": 12, \"status\": \"PASS\", \"reference_ms\": 3.018671989440918, \"previous_ms\": 0.9783520102500916, \"current_ms\": 1.0022239685058594, \"previous_speedup\": 3.0854661285658, \"current_speedup\": 3.0119734553357667, \"improvement\": 0.9761810144180081, \"previous_wall_ms\": 1.0916054999995595, \"current_wall_ms\": 1.061040900003718, \"max_abs\": 2.1457672119140625e-06}\n"}
,{"stream_name":"stdout","time":229.616224807,"data":"RUNTIME_MODES {\"previous\": {\"graph\": true, \"compiled\": false, \"tune\": [3.677824020385742, 5.509535789489746, 1.7965760231018066]}, \"current\": {\"graph\": true, \"compiled\": false, \"tune\": [3.6775999069213867, 4.315199851989746, 1.4438400268554688]}}\n"}
,{"stream_name":"stderr","time":231.224732951,"data":"W1009 02:13:08.199000 7 torch/_inductor/utils.py:1731] [0/4] Not enough SMs to use max_autotune_gemm mode\n"}
,{"stream_name":"stdout","time":235.044896235,"data":"PADDING_RESULT {\"case\": \"padded_4x512x128\", \"status\": \"PASS\", \"previous_ms\": 2.293007969856262, \"current_ms\": 2.2317919731140137, \"improvement\": 1.0274290782831492, \"previous_peak_extra_bytes\": 1048576, \"current_peak_extra_bytes\": 8192000}\n"}
,{"stream_name":"stdout","time":235.290235793,"data":"PADDING_RESULT {\"case\": \"sparse_2x32768x128\", \"status\": \"PASS\", \"valid_per_row\": 1024, \"max_abs\": 1.430511474609375e-06, \"peak_extra_bytes\": 93520384, \"old_dense_bias_bytes\": 8589934592, \"reference\": \"same weights, compact valid tokens, original order\"}\n"}
,{"stream_name":"stdout","time":235.290430692,"data":"RUNTIME_SUMMARY {\"shapes\": 4, \"all_passed\": true, \"median_previous_speedup\": 4.983810863445798, \"median_current_speedup\": 5.465076131425079, \"median_improvement\": 1.0676041769366356}\n"}
,{"stream_name":"stderr","time":241.0488361,"data":"/usr/local/lib/python3.13/dist-packages/mistune.py:435: SyntaxWarning: invalid escape sequence '\\|'\n"}
,{"stream_name":"stderr","time":241.048879887,"data":"  cells[i][c] = re.sub('\\\\\\\\\\|', '|', cell)\n"}
,{"stream_name":"stderr","time":241.279393438,"data":"/usr/local/lib/python3.13/dist-packages/nbconvert/filters/filter_links.py:36: SyntaxWarning: invalid escape sequence '\\_'\n"}
,{"stream_name":"stderr","time":241.27942088,"data":"  text = re.sub(r'_', '\\_', text) # Escape underscores in display text\n"}
,{"stream_name":"stderr","time":242.031078328,"data":"[NbConvertApp] Converting notebook __script__.ipynb to html\n"}
,{"stream_name":"stderr","time":243.714941236,"data":"[NbConvertApp] Writing 1092546 bytes to __results__.html\n"}
]