=== ENV ===
gpu Tesla T4 | torch 2.10.0+cu128 | cuda 12.8 | cc (7, 5)
fingerprint[start]: 300 MHz, 1590 MHz, 405 MHz, 51, 10.26 W, 0x0000000000000001 / 300 MHz, 1590 MHz, 405 MHz, 52, 10.16 W, 0x0000000000000001 | sgemm 4096^2 34.39 ms = 4.0 TFLOPS
sdpa backend probe  (head_dim -> which backends can run, is_causal=True)
/kaggle/src/script.py:3032: UserWarning: Memory efficient kernel not used because: (Triggered internally at /pytorch/aten/src/ATen/native/transformers/cuda/sdp_utils.cpp:960.)
  F.scaled_dot_product_attention(q, q, q, is_causal=True)
/kaggle/src/script.py:3032: UserWarning: Memory Efficient attention has been runtime disabled. (Triggered internally at /pytorch/aten/src/ATen/native/transformers/sdp_utils_cpp.h:552.)
  F.scaled_dot_product_attention(q, q, q, is_causal=True)
/kaggle/src/script.py:3032: UserWarning: Flash attention kernel not used because: (Triggered internally at /pytorch/aten/src/ATen/native/transformers/cuda/sdp_utils.cpp:962.)
  F.scaled_dot_product_attention(q, q, q, is_causal=True)
/kaggle/src/script.py:3032: UserWarning: Flash attention only supports gpu architectures in the range [sm80, sm121]. Attempting to run on a sm 7.5 gpu. (Triggered internally at /pytorch/aten/src/ATen/native/transformers/cuda/sdp_utils.cpp:339.)
  F.scaled_dot_product_attention(q, q, q, is_causal=True)
/kaggle/src/script.py:3032: UserWarning: cuDNN attention kernel not used because: (Triggered internally at /pytorch/aten/src/ATen/native/transformers/cuda/sdp_utils.cpp:964.)
  F.scaled_dot_product_attention(q, q, q, is_causal=True)
/kaggle/src/script.py:3032: UserWarning: cuDNN attention has been runtime disabled. (Triggered internally at /pytorch/aten/src/ATen/native/transformers/cuda/sdp_utils.cpp:680.)
  F.scaled_dot_product_attention(q, q, q, is_causal=True)
  PROBE float32  hd=   8  flash=no   efficient=yes  math=yes
  PROBE float32  hd=  32  flash=no   efficient=yes  math=yes
  PROBE float32  hd=  64  flash=no   efficient=yes  math=yes
  PROBE float32  hd= 128  flash=no   efficient=yes  math=yes
  PROBE float32  hd= 256  flash=no   efficient=yes  math=yes
  PROBE float16  hd=   8  flash=no   efficient=yes  math=yes
  PROBE float16  hd=  32  flash=no   efficient=yes  math=yes
  PROBE float16  hd=  64  flash=no   efficient=yes  math=yes
  PROBE float16  hd= 128  flash=no   efficient=yes  math=yes
  PROBE float16  hd= 256  flash=no   efficient=yes  math=yes
  shapes -> head_dim: D=128,H=4 -> 32 | D=32,H=4 -> 8 | D=1024,H=4 -> 256 | D=128,H=1 -> 128 | D=128,H=2 -> 64 | D=128,H=16 -> 8 | shape14 D=1024,H=16 -> 64

##### SHAPE 1 : B=64 D=128 H=4 S=128 L=4 F=128 #####
autotune: eager=5.9674ms compiled=5.6730ms graph=5.8532ms -> compiled
linear: fp16x3 (forced)
PASS max_abs=1.91e-06 max_rel=0.437 | baseline=9.6563ms optimized=3.9772ms | speedup=2.428x

##### SHAPE 2 : B=1 D=128 H=4 S=128 L=4 F=128 #####
autotune: eager=3.0085ms compiled=0.7619ms graph=0.6815ms -> graph
linear: fp16x3 (forced)
PASS max_abs=1.19e-06 max_rel=0.00962 | baseline=2.9183ms optimized=0.7577ms | speedup=3.852x

##### SHAPE 3 : B=4 D=128 H=4 S=128 L=4 F=128 #####
autotune: eager=3.1007ms compiled=1.0221ms graph=0.9188ms -> graph
linear: fp16x3 (forced)
PASS max_abs=1.19e-06 max_rel=0.0547 | baseline=2.9383ms optimized=0.8005ms | speedup=3.671x

##### SHAPE 4 : B=16 D=128 H=4 S=128 L=4 F=128 #####
autotune: eager=2.9803ms compiled=2.0702ms graph=1.9855ms -> graph
linear: fp16x3 (forced)
PASS max_abs=1.67e-06 max_rel=0.553 | baseline=2.8836ms optimized=1.1813ms | speedup=2.441x

##### SHAPE 5 : B=128 D=128 H=4 S=128 L=4 F=128 #####
autotune: eager=8.1084ms compiled=7.5540ms graph=7.9946ms -> compiled
linear: fp16x3 (forced)
PASS max_abs=1.55e-06 max_rel=2.67 | baseline=18.7859ms optimized=7.7393ms | speedup=2.427x

##### SHAPE 6 : B=10000 D=128 H=4 S=128 L=4 F=128 #####
linear: fp16x3 (forced)
PASS max_abs=2.86e-06 max_rel=2.1e+05 | baseline=1563.0553ms optimized=685.8996ms | speedup=2.279x

##### SHAPE 7 : B=64 D=32 H=4 S=128 L=4 F=32 #####
autotune: eager=2.9881ms compiled=2.7775ms graph=2.7081ms -> graph
linear: fp16x3 (forced)
PASS max_abs=1.19e-06 max_rel=1.5 | baseline=6.4960ms optimized=1.5630ms | speedup=4.156x

##### SHAPE 8 : B=64 D=1024 H=4 S=128 L=4 F=1024 #####
autotune: eager=94.2020ms compiled=94.5211ms graph=95.9544ms -> eager
linear: fp16x3 (forced)
PASS max_abs=9.54e-06 max_rel=42.1 | baseline=155.1452ms optimized=99.4263ms | speedup=1.560x

##### SHAPE 9 : B=64 D=128 H=1 S=128 L=4 F=128 #####
autotune: eager=5.2589ms compiled=4.9193ms graph=5.1450ms -> compiled
linear: fp16x3 (forced)
PASS max_abs=1.67e-06 max_rel=0.304 | baseline=6.6806ms optimized=4.0368ms | speedup=1.655x

##### SHAPE 10 : B=64 D=128 H=2 S=128 L=4 F=128 #####
autotune: eager=5.3064ms compiled=5.0048ms graph=5.2245ms -> compiled
linear: fp16x3 (forced)
PASS max_abs=1.67e-06 max_rel=1.67 | baseline=8.3533ms optimized=4.0569ms | speedup=2.059x

##### SHAPE 11 : B=64 D=128 H=16 S=128 L=4 F=128 #####
autotune: eager=7.8319ms compiled=7.5388ms graph=7.7270ms -> compiled
linear: fp16x3 (forced)
PASS max_abs=1.91e-06 max_rel=1.16 | baseline=22.8704ms optimized=6.2321ms | speedup=3.670x

##### SHAPE 12 : B=64 D=128 H=4 S=32 L=4 F=128 #####
autotune: eager=2.9768ms compiled=2.0767ms graph=2.0132ms -> graph
linear: fp16x3 (forced)
PASS max_abs=1.43e-06 max_rel=0.188 | baseline=3.1457ms optimized=1.2291ms | speedup=2.559x

##### SHAPE 13 : B=64 D=128 H=4 S=1024 L=4 F=128 #####
linear: fp16x3 (forced)
PASS max_abs=1.91e-06 max_rel=8 | baseline=346.1468ms optimized=67.1928ms | speedup=5.152x

##### SHAPE 14 : optimized-only (baseline infeasible ~20.5 TB) #####
skipped for this T3_ONLY selector

=================== SUMMARY (copy from here) ===================
shape,pass,max_abs,max_rel,baseline_ms,opt_ms,speedup,note
1,PASS,1.9073486328125e-06,0.4374999403953552,9.6563,3.9772,2.428,
2,PASS,1.1920928955078125e-06,0.009615234099328518,2.9183,0.7577,3.852,
3,PASS,1.1920928955078125e-06,0.0546557679772377,2.9383,0.8005,3.671,
4,PASS,1.6689300537109375e-06,0.5526314973831177,2.8836,1.1813,2.441,
5,PASS,1.5497207641601562e-06,2.6666669845581055,18.7859,7.7393,2.427,
6,PASS,2.86102294921875e-06,209502.359375,1563.0553,685.8996,2.279,
7,PASS,1.1920928955078125e-06,1.5,6.4960,1.5630,4.156,
8,PASS,9.5367431640625e-06,42.136383056640625,155.1452,99.4263,1.560,
9,PASS,1.6689300537109375e-06,0.30446186661720276,6.6806,4.0368,1.655,
10,PASS,1.6689300537109375e-06,1.6666667461395264,8.3533,4.0569,2.059,
11,PASS,1.9073486328125e-06,1.159999966621399,22.8704,6.2321,3.670,
12,PASS,1.430511474609375e-06,0.1881188154220581,3.1457,1.2291,2.559,
13,PASS,1.9073486328125e-06,8.000000953674316,346.1468,67.1928,5.152,
# median_speedup=2.441x min=1.560x max=5.152x over 13 PASS shapes
=================== END SUMMARY ===================
fingerprint[end]: 585 MHz, 1590 MHz, 5000 MHz, 77, 33.96 W, 0x0000000000000000 / 300 MHz, 1590 MHz, 405 MHz, 37, 9.27 W, 0x0000000000000001 | sgemm 4096^2 44.80 ms = 3.1 TFLOPS
/usr/local/lib/python3.12/dist-packages/mistune.py:435: SyntaxWarning: invalid escape sequence '\|'
  cells[i][c] = re.sub('\\\\\|', '|', cell)
/usr/local/lib/python3.12/dist-packages/nbconvert/filters/filter_links.py:36: SyntaxWarning: invalid escape sequence '\_'
  text = re.sub(r'_', '\_', text) # Escape underscores in display text
[NbConvertApp] Converting notebook __script__.ipynb to html
[NbConvertApp] Writing 1120430 bytes to __results__.html
