=== ENV ===
gpu Tesla T4 | torch 2.10.0+cu128 | cuda 12.8 | cc (7, 5)
fingerprint[start]: 300 MHz, 1590 MHz, 405 MHz, 46, 10.31 W, 0x0000000000000001 / 300 MHz, 1590 MHz, 405 MHz, 44, 10.01 W, 0x0000000000000001 | sgemm 4096^2 33.15 ms = 4.1 TFLOPS
sdpa backend probe  (head_dim -> which backends can run, is_causal=True)
/kaggle/src/script.py:3032: UserWarning: Memory efficient kernel not used because: (Triggered internally at /pytorch/aten/src/ATen/native/transformers/cuda/sdp_utils.cpp:960.)
  F.scaled_dot_product_attention(q, q, q, is_causal=True)
/kaggle/src/script.py:3032: UserWarning: Memory Efficient attention has been runtime disabled. (Triggered internally at /pytorch/aten/src/ATen/native/transformers/sdp_utils_cpp.h:552.)
  F.scaled_dot_product_attention(q, q, q, is_causal=True)
/kaggle/src/script.py:3032: UserWarning: Flash attention kernel not used because: (Triggered internally at /pytorch/aten/src/ATen/native/transformers/cuda/sdp_utils.cpp:962.)
  F.scaled_dot_product_attention(q, q, q, is_causal=True)
/kaggle/src/script.py:3032: UserWarning: Flash attention only supports gpu architectures in the range [sm80, sm121]. Attempting to run on a sm 7.5 gpu. (Triggered internally at /pytorch/aten/src/ATen/native/transformers/cuda/sdp_utils.cpp:339.)
  F.scaled_dot_product_attention(q, q, q, is_causal=True)
/kaggle/src/script.py:3032: UserWarning: cuDNN attention kernel not used because: (Triggered internally at /pytorch/aten/src/ATen/native/transformers/cuda/sdp_utils.cpp:964.)
  F.scaled_dot_product_attention(q, q, q, is_causal=True)
/kaggle/src/script.py:3032: UserWarning: cuDNN attention has been runtime disabled. (Triggered internally at /pytorch/aten/src/ATen/native/transformers/cuda/sdp_utils.cpp:680.)
  F.scaled_dot_product_attention(q, q, q, is_causal=True)
  PROBE float32  hd=   8  flash=no   efficient=yes  math=yes
  PROBE float32  hd=  32  flash=no   efficient=yes  math=yes
  PROBE float32  hd=  64  flash=no   efficient=yes  math=yes
  PROBE float32  hd= 128  flash=no   efficient=yes  math=yes
  PROBE float32  hd= 256  flash=no   efficient=yes  math=yes
  PROBE float16  hd=   8  flash=no   efficient=yes  math=yes
  PROBE float16  hd=  32  flash=no   efficient=yes  math=yes
  PROBE float16  hd=  64  flash=no   efficient=yes  math=yes
  PROBE float16  hd= 128  flash=no   efficient=yes  math=yes
  PROBE float16  hd= 256  flash=no   efficient=yes  math=yes
  shapes -> head_dim: D=128,H=4 -> 32 | D=32,H=4 -> 8 | D=1024,H=4 -> 256 | D=128,H=1 -> 128 | D=128,H=2 -> 64 | D=128,H=16 -> 8 | shape14 D=1024,H=16 -> 64

##### SHAPE 1 : B=64 D=128 H=4 S=128 L=4 F=128 #####
autotune: eager=5.9597ms compiled=5.6582ms graph=5.8538ms -> compiled
linear: fp16x3 (forced)
PASS max_abs=1.91e-06 max_rel=0.437 | baseline=9.6338ms optimized=3.9193ms | speedup=2.458x

##### SHAPE 2 : B=1 D=128 H=4 S=128 L=4 F=128 #####
autotune: eager=3.0802ms compiled=0.7660ms graph=0.6765ms -> graph
linear: fp16x3 (forced)
PASS max_abs=1.19e-06 max_rel=0.00962 | baseline=2.9589ms optimized=0.7319ms | speedup=4.043x

##### SHAPE 3 : B=4 D=128 H=4 S=128 L=4 F=128 #####
autotune: eager=3.0390ms compiled=1.0260ms graph=0.9232ms -> graph
linear: fp16x3 (forced)
PASS max_abs=1.19e-06 max_rel=0.0547 | baseline=3.0709ms optimized=0.8663ms | speedup=3.545x

##### SHAPE 4 : B=16 D=128 H=4 S=128 L=4 F=128 #####
autotune: eager=2.9683ms compiled=2.0767ms graph=1.9927ms -> graph
linear: fp16x3 (forced)
PASS max_abs=1.67e-06 max_rel=0.553 | baseline=3.0724ms optimized=1.1841ms | speedup=2.595x

##### SHAPE 5 : B=128 D=128 H=4 S=128 L=4 F=128 #####
autotune: eager=8.0510ms compiled=7.5325ms graph=8.0713ms -> compiled
linear: fp16x3 (forced)
PASS max_abs=1.55e-06 max_rel=2.67 | baseline=18.6638ms optimized=7.6595ms | speedup=2.437x

##### SHAPE 6 : B=10000 D=128 H=4 S=128 L=4 F=128 #####
linear: fp16x3 (forced)
PASS max_abs=2.86e-06 max_rel=2.1e+05 | baseline=1503.5865ms optimized=631.4509ms | speedup=2.381x

##### SHAPE 7 : B=64 D=32 H=4 S=128 L=4 F=32 #####
autotune: eager=3.0521ms compiled=2.7259ms graph=2.6613ms -> graph
linear: fp16x3 (forced)
PASS max_abs=1.19e-06 max_rel=1.5 | baseline=6.4136ms optimized=1.6015ms | speedup=4.005x

##### SHAPE 8 : B=64 D=1024 H=4 S=128 L=4 F=1024 #####
autotune: eager=85.7378ms compiled=87.0184ms graph=86.3724ms -> eager
linear: fp16x3 (forced)
PASS max_abs=9.54e-06 max_rel=42.1 | baseline=141.8999ms optimized=91.7952ms | speedup=1.546x

##### SHAPE 9 : B=64 D=128 H=1 S=128 L=4 F=128 #####
autotune: eager=5.1752ms compiled=4.8538ms graph=5.0613ms -> compiled
linear: fp16x3 (forced)
PASS max_abs=1.67e-06 max_rel=0.304 | baseline=6.7988ms optimized=4.0079ms | speedup=1.696x

##### SHAPE 10 : B=64 D=128 H=2 S=128 L=4 F=128 #####
autotune: eager=4.7372ms compiled=4.1206ms graph=4.3117ms -> compiled
linear: fp16x3 (forced)
PASS max_abs=1.67e-06 max_rel=1.67 | baseline=8.2555ms optimized=3.9711ms | speedup=2.079x

##### SHAPE 11 : B=64 D=128 H=16 S=128 L=4 F=128 #####
autotune: eager=8.3292ms compiled=7.9862ms graph=8.1550ms -> compiled
linear: fp16x3 (forced)
PASS max_abs=1.91e-06 max_rel=1.16 | baseline=22.7922ms optimized=6.2273ms | speedup=3.660x

##### SHAPE 12 : B=64 D=128 H=4 S=32 L=4 F=128 #####
autotune: eager=3.0044ms compiled=2.0355ms graph=1.9744ms -> graph
linear: fp16x3 (forced)
PASS max_abs=1.43e-06 max_rel=0.188 | baseline=3.0900ms optimized=1.2361ms | speedup=2.500x

##### SHAPE 13 : B=64 D=128 H=4 S=1024 L=4 F=128 #####
linear: fp16x3 (forced)
PASS max_abs=1.91e-06 max_rel=8 | baseline=323.6226ms optimized=66.6852ms | speedup=4.853x

##### SHAPE 14 : optimized-only (baseline infeasible ~20.5 TB) #####
skipped for this T3_ONLY selector

=================== SUMMARY (copy from here) ===================
shape,pass,max_abs,max_rel,baseline_ms,opt_ms,speedup,note
1,PASS,1.9073486328125e-06,0.4374999403953552,9.6338,3.9193,2.458,
2,PASS,1.1920928955078125e-06,0.009615234099328518,2.9589,0.7319,4.043,
3,PASS,1.1920928955078125e-06,0.0546557679772377,3.0709,0.8663,3.545,
4,PASS,1.6689300537109375e-06,0.5526314973831177,3.0724,1.1841,2.595,
5,PASS,1.5497207641601562e-06,2.6666669845581055,18.6638,7.6595,2.437,
6,PASS,2.86102294921875e-06,209502.359375,1503.5865,631.4509,2.381,
7,PASS,1.1920928955078125e-06,1.5,6.4136,1.6015,4.005,
8,PASS,9.5367431640625e-06,42.136383056640625,141.8999,91.7952,1.546,
9,PASS,1.6689300537109375e-06,0.30446186661720276,6.7988,4.0079,1.696,
10,PASS,1.6689300537109375e-06,1.6666667461395264,8.2555,3.9711,2.079,
11,PASS,1.9073486328125e-06,1.159999966621399,22.7922,6.2273,3.660,
12,PASS,1.430511474609375e-06,0.1881188154220581,3.0900,1.2361,2.500,
13,PASS,1.9073486328125e-06,8.000000953674316,323.6226,66.6852,4.853,
# median_speedup=2.500x min=1.546x max=4.853x over 13 PASS shapes
=================== END SUMMARY ===================
fingerprint[end]: 585 MHz, 1590 MHz, 5000 MHz, 77, 33.37 W, 0x0000000000000000 / 300 MHz, 1590 MHz, 405 MHz, 38, 9.83 W, 0x0000000000000001 | sgemm 4096^2 40.79 ms = 3.4 TFLOPS
/usr/local/lib/python3.12/dist-packages/mistune.py:435: SyntaxWarning: invalid escape sequence '\|'
  cells[i][c] = re.sub('\\\\\|', '|', cell)
/usr/local/lib/python3.12/dist-packages/nbconvert/filters/filter_links.py:36: SyntaxWarning: invalid escape sequence '\_'
  text = re.sub(r'_', '\_', text) # Escape underscores in display text
[NbConvertApp] Converting notebook __script__.ipynb to html
[NbConvertApp] Writing 1120430 bytes to __results__.html
