=== ENV ===
gpu Tesla T4 | torch 2.10.0+cu128 | cuda 12.8 | cc (7, 5)
fingerprint[start]: 300 MHz, 1590 MHz, 405 MHz, 43, 11.41 W, 0x0000000000000001 / 300 MHz, 1590 MHz, 405 MHz, 43, 10.81 W, 0x0000000000000001 | sgemm 4096^2 33.79 ms = 4.1 TFLOPS
sdpa backend probe  (head_dim -> which backends can run, is_causal=True)
/kaggle/src/script.py:2818: UserWarning: Memory efficient kernel not used because: (Triggered internally at /pytorch/aten/src/ATen/native/transformers/cuda/sdp_utils.cpp:960.)
  F.scaled_dot_product_attention(q, q, q, is_causal=True)
/kaggle/src/script.py:2818: UserWarning: Memory Efficient attention has been runtime disabled. (Triggered internally at /pytorch/aten/src/ATen/native/transformers/sdp_utils_cpp.h:552.)
  F.scaled_dot_product_attention(q, q, q, is_causal=True)
/kaggle/src/script.py:2818: UserWarning: Flash attention kernel not used because: (Triggered internally at /pytorch/aten/src/ATen/native/transformers/cuda/sdp_utils.cpp:962.)
  F.scaled_dot_product_attention(q, q, q, is_causal=True)
/kaggle/src/script.py:2818: UserWarning: Flash attention only supports gpu architectures in the range [sm80, sm121]. Attempting to run on a sm 7.5 gpu. (Triggered internally at /pytorch/aten/src/ATen/native/transformers/cuda/sdp_utils.cpp:339.)
  F.scaled_dot_product_attention(q, q, q, is_causal=True)
/kaggle/src/script.py:2818: UserWarning: cuDNN attention kernel not used because: (Triggered internally at /pytorch/aten/src/ATen/native/transformers/cuda/sdp_utils.cpp:964.)
  F.scaled_dot_product_attention(q, q, q, is_causal=True)
/kaggle/src/script.py:2818: UserWarning: cuDNN attention has been runtime disabled. (Triggered internally at /pytorch/aten/src/ATen/native/transformers/cuda/sdp_utils.cpp:680.)
  F.scaled_dot_product_attention(q, q, q, is_causal=True)
  PROBE float32  hd=   8  flash=no   efficient=yes  math=yes
  PROBE float32  hd=  32  flash=no   efficient=yes  math=yes
  PROBE float32  hd=  64  flash=no   efficient=yes  math=yes
  PROBE float32  hd= 128  flash=no   efficient=yes  math=yes
  PROBE float32  hd= 256  flash=no   efficient=yes  math=yes
  PROBE float16  hd=   8  flash=no   efficient=yes  math=yes
  PROBE float16  hd=  32  flash=no   efficient=yes  math=yes
  PROBE float16  hd=  64  flash=no   efficient=yes  math=yes
  PROBE float16  hd= 128  flash=no   efficient=yes  math=yes
  PROBE float16  hd= 256  flash=no   efficient=yes  math=yes
  shapes -> head_dim: D=128,H=4 -> 32 | D=32,H=4 -> 8 | D=1024,H=4 -> 256 | D=128,H=1 -> 128 | D=128,H=2 -> 64 | D=128,H=16 -> 8 | shape14 D=1024,H=16 -> 64

##### FP16x3 LINEAR BENCH #####
x3_available: True | triton ok: True | addmm bias epilogue: True | order=lhh splitk=1
fingerprint[x3-start]: 585 MHz, 1590 MHz, 5000 MHz, 45, 28.18 W, 0x0000000000000000 / 300 MHz, 1590 MHz, 405 MHz, 42, 10.22 W, 0x0000000000000001 | sgemm 4096^2 34.38 ms = 4.0 TFLOPS
lnk   1 M=8192     D=128   torch LN    0.145 ms @  58 GB/s | torch add+LN    0.193 | ln_split    0.173 @  61 GB/s | add_ln_split    0.188 @ 100 GB/s
site  1 qkv     M=8192     K=128   N=384   fp32    0.262 ms | x3    0.336 ms (split 0.147 @  72 GB/s + GEMM 0.197) | x0.78 | err 1.8e-06 -> 2.1e-06
site  1 out     M=8192     K=128   N=128   fp32    0.104 ms | x3    0.262 ms (split 0.151 @  69 GB/s + GEMM 0.111) | x0.40 | err 1.4e-06 -> 1.6e-06
site  1 ffn_in  M=8192     K=128   N=128   fp32    0.165 ms | x3    0.242 ms (split 0.148 @  71 GB/s + GEMM 0.115) | x0.68 | err 1.5e-06 -> 1.7e-06
site  1 ffn_out M=8192     K=128   N=128   fp32    0.127 ms | x3    0.264 ms (split 0.134 @  78 GB/s + GEMM 0.114) | x0.48 | err 8.3e-07 -> 1.3e-06
lnk   2 M=128      D=128   torch LN    0.030 ms @   4 GB/s | torch add+LN    0.043 | ln_split    0.135 @   1 GB/s | add_ln_split    0.178 @   2 GB/s
site  2 qkv     M=128      K=128   N=384   fp32    0.066 ms | x3    0.246 ms (split 0.140 @   1 GB/s + GEMM 0.088) | x0.27 | err 4.3e-07 -> 1.2e-06
site  2 out     M=128      K=128   N=128   fp32    0.047 ms | x3    0.240 ms (split 0.127 @   1 GB/s + GEMM 0.100) | x0.20 | err 3.7e-07 -> 1.4e-06
site  2 ffn_in  M=128      K=128   N=128   fp32    0.067 ms | x3    0.244 ms (split 0.138 @   1 GB/s + GEMM 0.084) | x0.28 | err 4.5e-07 -> 1.3e-06
site  2 ffn_out M=128      K=128   N=128   fp32    0.057 ms | x3    0.238 ms (split 0.127 @   1 GB/s + GEMM 0.100) | x0.24 | err 2.4e-07 -> 1.0e-06
lnk   3 M=512      D=128   torch LN    0.031 ms @  17 GB/s | torch add+LN    0.045 | ln_split    0.136 @   5 GB/s | add_ln_split    0.150 @   8 GB/s
site  3 qkv     M=512      K=128   N=384   fp32    0.067 ms | x3    0.230 ms (split 0.131 @   5 GB/s + GEMM 0.084) | x0.29 | err 1.4e-06 -> 9.2e-07
site  3 out     M=512      K=128   N=128   fp32    0.039 ms | x3    0.243 ms (split 0.137 @   5 GB/s + GEMM 0.084) | x0.16 | err 4.0e-07 -> 4.3e-07
site  3 ffn_in  M=512      K=128   N=128   fp32    0.061 ms | x3    0.246 ms (split 0.131 @   5 GB/s + GEMM 0.088) | x0.25 | err 5.1e-07 -> 5.9e-07
site  3 ffn_out M=512      K=128   N=128   fp32    0.055 ms | x3    0.233 ms (split 0.126 @   5 GB/s + GEMM 0.086) | x0.24 | err 3.1e-07 -> 3.6e-07
lnk   4 M=2048     D=128   torch LN    0.032 ms @  65 GB/s | torch add+LN    0.045 | ln_split    0.142 @  18 GB/s | add_ln_split    0.162 @  29 GB/s
site  4 qkv     M=2048     K=128   N=384   fp32    0.102 ms | x3    0.251 ms (split 0.154 @  17 GB/s + GEMM 0.094) | x0.41 | err 1.4e-06 -> 2.1e-06
site  4 out     M=2048     K=128   N=128   fp32    0.051 ms | x3    0.240 ms (split 0.147 @  18 GB/s + GEMM 0.099) | x0.21 | err 1.2e-06 -> 1.5e-06
site  4 ffn_in  M=2048     K=128   N=128   fp32    0.075 ms | x3    0.268 ms (split 0.135 @  19 GB/s + GEMM 0.094) | x0.28 | err 1.4e-06 -> 2.0e-06
site  4 ffn_out M=2048     K=128   N=128   fp32    0.065 ms | x3    0.271 ms (split 0.141 @  19 GB/s + GEMM 0.094) | x0.24 | err 8.0e-07 -> 1.5e-06
lnk   5 M=16384    D=128   torch LN    0.150 ms @ 112 GB/s | torch add+LN    0.253 | ln_split    0.203 @ 103 GB/s | add_ln_split    0.289 @ 131 GB/s
site  5 qkv     M=16384    K=128   N=384   fp32    0.451 ms | x3    0.477 ms (split 0.217 @  96 GB/s + GEMM 0.321) | x0.94 | err 1.8e-06 -> 2.0e-06
site  5 out     M=16384    K=128   N=128   fp32    0.184 ms | x3    0.328 ms (split 0.189 @ 111 GB/s + GEMM 0.193) | x0.56 | err 1.3e-06 -> 1.6e-06
site  5 ffn_in  M=16384    K=128   N=128   fp32    0.323 ms | x3    0.335 ms (split 0.188 @ 111 GB/s + GEMM 0.185) | x0.96 | err 1.3e-06 -> 2.0e-06
site  5 ffn_out M=16384    K=128   N=128   fp32    0.240 ms | x3    0.326 ms (split 0.186 @ 113 GB/s + GEMM 0.185) | x0.74 | err 9.7e-07 -> 1.1e-06
lnk   6 M=1280000  D=128   torch LN   12.912 ms @ 102 GB/s | torch add+LN   20.074 | ln_split   10.128 @ 162 GB/s | add_ln_split   13.103 @ 225 GB/s
site  6 qkv     M=1280000  K=128   N=384   fp32   49.912 ms | x3   35.582 ms (split 10.134 @ 162 GB/s + GEMM 25.248) | x1.40 | err 1.3e-06 -> 2.2e-06
site  6 out     M=1280000  K=128   N=128   fp32   15.147 ms | x3   17.643 ms (split 7.841 @ 209 GB/s + GEMM 10.297) | x0.86 | err 1.5e-06 -> 1.8e-06
site  6 ffn_in  M=1280000  K=128   N=128   fp32   27.808 ms | x3   20.805 ms (split 10.243 @ 160 GB/s + GEMM 10.337) | x1.34 | err 1.4e-06 -> 1.6e-06
site  6 ffn_out M=1280000  K=128   N=128   fp32   19.800 ms | x3   17.883 ms (split 7.833 @ 209 GB/s + GEMM 10.327) | x1.11 | err 8.9e-07 -> 1.2e-06
lnk   7 M=8192     D=32    torch LN    0.080 ms @  26 GB/s | torch add+LN    0.092 | ln_split    0.151 @  17 GB/s | add_ln_split    0.169 @  28 GB/s
site  7 qkv     M=8192     K=32    N=96    fp32    0.132 ms | x3    0.230 ms (split 0.127 @  21 GB/s + GEMM 0.096) | x0.58 | err 9.6e-07 -> 7.6e-07
site  7 out     M=8192     K=32    N=32    fp32    0.050 ms | x3    0.253 ms (split 0.125 @  21 GB/s + GEMM 0.088) | x0.20 | err 5.6e-07 -> 8.5e-07
site  7 ffn_in  M=8192     K=32    N=32    fp32    0.105 ms | x3    0.270 ms (split 0.121 @  22 GB/s + GEMM 0.086) | x0.39 | err 7.2e-07 -> 6.8e-07
site  7 ffn_out M=8192     K=32    N=32    fp32    0.065 ms | x3    0.258 ms (split 0.133 @  20 GB/s + GEMM 0.102) | x0.25 | err 4.3e-07 -> 4.5e-07
lnk   8 M=8192     D=1024  torch LN    0.313 ms @ 214 GB/s | torch add+LN    0.763 | ln_split    0.528 @ 159 GB/s | add_ln_split    0.829 @ 182 GB/s
site  8 qkv     M=8192     K=1024  N=3072  fp32   13.373 ms | x3    8.856 ms (split 0.522 @ 161 GB/s + GEMM 8.310) | x1.51 | err 5.8e-06 -> 1.0e-05
site  8 out     M=8192     K=1024  N=1024  fp32    2.994 ms | x3    1.917 ms (split 0.504 @ 167 GB/s + GEMM 1.483) | x1.56 | err 2.3e-06 -> 8.7e-06
site  8 ffn_in  M=8192     K=1024  N=1024  fp32    3.294 ms | x3    2.734 ms (split 0.503 @ 167 GB/s + GEMM 2.552) | x1.20 | err 2.4e-06 -> 1.1e-05
site  8 ffn_out M=8192     K=1024  N=1024  fp32    3.434 ms | x3    3.043 ms (split 0.498 @ 169 GB/s + GEMM 2.620) | x1.13 | err 1.5e-06 -> 5.4e-06
lnk  13 M=65536    D=128   torch LN    1.237 ms @  54 GB/s | torch add+LN    1.321 | ln_split    0.573 @ 146 GB/s | add_ln_split    0.785 @ 192 GB/s
site 13 qkv     M=65536    K=128   N=384   fp32    2.017 ms | x3    1.819 ms (split 0.651 @ 129 GB/s + GEMM 1.327) | x1.11 | err 1.6e-06 -> 2.1e-06
site 13 out     M=65536    K=128   N=128   fp32    0.726 ms | x3    0.981 ms (split 0.500 @ 168 GB/s + GEMM 0.544) | x0.74 | err 1.2e-06 -> 1.8e-06
site 13 ffn_in  M=65536    K=128   N=128   fp32    1.374 ms | x3    1.024 ms (split 0.549 @ 153 GB/s + GEMM 0.546) | x1.34 | err 1.3e-06 -> 1.5e-06
site 13 ffn_out M=65536    K=128   N=128   fp32    0.988 ms | x3    0.985 ms (split 0.487 @ 172 GB/s + GEMM 0.543) | x1.00 | err 8.2e-07 -> 1.3e-06
fingerprint[x3-end]: 1350 MHz, 1590 MHz, 5000 MHz, 51, 59.11 W, 0x0000000000000004 / 300 MHz, 1590 MHz, 405 MHz, 42, 10.22 W, 0x0000000000000001 | sgemm 4096^2 35.61 ms = 3.9 TFLOPS

##### SHAPE 1 : B=64 D=128 H=4 S=128 L=4 F=128 #####
autotune: eager=5.6572ms compiled=5.5675ms graph=5.6115ms -> compiled
linear: fp16x3 (forced)
PASS max_abs=2.03e-06 max_rel=0.617 | baseline=9.6646ms optimized=3.8599ms | speedup=2.504x

##### SHAPE 2 : B=1 D=128 H=4 S=128 L=4 F=128 #####
autotune: eager=3.2434ms compiled=0.7088ms graph=0.5877ms -> graph
linear: fp16x3 (forced)
PASS max_abs=1.61e-06 max_rel=0.106 | baseline=3.2181ms optimized=0.7431ms | speedup=4.331x

##### SHAPE 3 : B=4 D=128 H=4 S=128 L=4 F=128 #####
autotune: eager=3.2995ms compiled=1.0260ms graph=0.9092ms -> graph
linear: fp16x3 (forced)
PASS max_abs=1.19e-06 max_rel=0.0729 | baseline=3.2748ms optimized=0.8887ms | speedup=3.685x

##### SHAPE 4 : B=16 D=128 H=4 S=128 L=4 F=128 #####
autotune: eager=3.2116ms compiled=2.0284ms graph=1.9456ms -> graph
linear: fp16x3 (forced)
PASS max_abs=1.67e-06 max_rel=0.368 | baseline=3.2465ms optimized=1.1790ms | speedup=2.754x

##### SHAPE 5 : B=128 D=128 H=4 S=128 L=4 F=128 #####
autotune: eager=7.6802ms compiled=10.4286ms graph=7.5266ms -> graph
linear: fp16x3 (forced)
PASS max_abs=1.97e-06 max_rel=2 | baseline=18.8028ms optimized=7.7533ms | speedup=2.425x

##### SHAPE 6 : B=10000 D=128 H=4 S=128 L=4 F=128 #####
linear: fp16x3 (forced)
PASS max_abs=2.62e-06 max_rel=1.35e+05 | baseline=1560.4070ms optimized=767.6086ms | speedup=2.033x

##### SHAPE 7 : B=64 D=32 H=4 S=128 L=4 F=32 #####
autotune: eager=3.2679ms compiled=3.1658ms graph=2.4374ms -> graph
linear: fp16x3 (forced)
PASS max_abs=1.43e-06 max_rel=0.0596 | baseline=6.5263ms optimized=1.9043ms | speedup=3.427x

##### SHAPE 8 : B=64 D=1024 H=4 S=128 L=4 F=1024 #####
autotune: eager=103.9005ms compiled=103.1636ms graph=104.8310ms -> compiled
linear: fp16x3 (forced)
PASS max_abs=9.44e-06 max_rel=44.7 | baseline=162.7402ms optimized=112.1090ms | speedup=1.452x

##### SHAPE 9 : B=64 D=128 H=1 S=128 L=4 F=128 #####
autotune: eager=3.5875ms compiled=4.8354ms graph=4.9051ms -> eager
linear: fp16x3 (forced)
PASS max_abs=2.03e-06 max_rel=0.343 | baseline=6.9694ms optimized=4.4340ms | speedup=1.572x

##### SHAPE 10 : B=64 D=128 H=2 S=128 L=4 F=128 #####
autotune: eager=3.4027ms compiled=4.9275ms graph=4.6042ms -> eager
linear: fp16x3 (forced)
PASS max_abs=1.91e-06 max_rel=1.25 | baseline=8.4992ms optimized=4.3328ms | speedup=1.962x

##### SHAPE 11 : B=64 D=128 H=16 S=128 L=4 F=128 #####
autotune: eager=6.2977ms compiled=9.6768ms graph=6.3427ms -> eager
linear: fp16x3 (forced)
PASS max_abs=2.26e-06 max_rel=1.53 | baseline=23.2194ms optimized=6.4210ms | speedup=3.616x

##### SHAPE 12 : B=64 D=128 H=4 S=32 L=4 F=128 #####
autotune: eager=2.9491ms compiled=2.0480ms graph=1.9651ms -> graph
linear: fp16x3 (forced)
PASS max_abs=1.73e-06 max_rel=0.198 | baseline=3.1498ms optimized=1.2104ms | speedup=2.602x

##### SHAPE 13 : B=64 D=128 H=4 S=1024 L=4 F=128 #####
linear: fp16x3 (forced)
PASS max_abs=2.03e-06 max_rel=9.43 | baseline=372.9411ms optimized=68.6999ms | speedup=5.429x

##### SHAPE 14 : optimized-only (baseline infeasible ~20.5 TB) #####
skipped for this T3_ONLY selector

=================== SUMMARY (copy from here) ===================
shape,pass,max_abs,max_rel,baseline_ms,opt_ms,speedup,note
1,PASS,2.0265579223632812e-06,0.6170215606689453,9.6646,3.8599,2.504,
2,PASS,1.6093254089355469e-06,0.10576937347650528,3.2181,0.7431,4.331,
3,PASS,1.1920928955078125e-06,0.07287433743476868,3.2748,0.8887,3.685,
4,PASS,1.6689300537109375e-06,0.36842137575149536,3.2465,1.1790,2.754,
5,PASS,1.966021955013275e-06,2.000000238418579,18.8028,7.7533,2.425,
6,PASS,2.6226043701171875e-06,134680.109375,1560.4070,767.6086,2.033,
7,PASS,1.430511474609375e-06,0.05964459851384163,6.5263,1.9043,3.427,
8,PASS,9.43988561630249e-06,44.70457077026367,162.7402,112.1090,1.452,
9,PASS,2.0265579223632812e-06,0.3425196707248688,6.9694,4.4340,1.572,
10,PASS,1.9073486328125e-06,1.25,8.4992,4.3328,1.962,
11,PASS,2.2649765014648438e-06,1.533333420753479,23.2194,6.4210,3.616,
12,PASS,1.7285346984863281e-06,0.19801999628543854,3.1498,1.2104,2.602,
13,PASS,2.0265579223632812e-06,9.428572654724121,372.9411,68.6999,5.429,
# median_speedup=2.602x min=1.452x max=5.429x over 13 PASS shapes
=================== END SUMMARY ===================
fingerprint[end]: 585 MHz, 1590 MHz, 5000 MHz, 76, 34.83 W, 0x0000000000000000 / 300 MHz, 1590 MHz, 405 MHz, 37, 10.32 W, 0x0000000000000001 | sgemm 4096^2 46.73 ms = 2.9 TFLOPS
/usr/local/lib/python3.12/dist-packages/mistune.py:435: SyntaxWarning: invalid escape sequence '\|'
  cells[i][c] = re.sub('\\\\\|', '|', cell)
/usr/local/lib/python3.12/dist-packages/nbconvert/filters/filter_links.py:36: SyntaxWarning: invalid escape sequence '\_'
  text = re.sub(r'_', '\_', text) # Escape underscores in display text
[NbConvertApp] Converting notebook __script__.ipynb to html
[NbConvertApp] Writing 1036757 bytes to __results__.html
