=== ENV ===
gpu Tesla T4 | torch 2.10.0+cu128 | cuda 12.8 | cc (7, 5)
sdpa backend probe  (head_dim -> which backends can run, is_causal=True)
/kaggle/src/script.py:2070: UserWarning: Memory efficient kernel not used because: (Triggered internally at /pytorch/aten/src/ATen/native/transformers/cuda/sdp_utils.cpp:960.)
  F.scaled_dot_product_attention(q, q, q, is_causal=True)
/kaggle/src/script.py:2070: UserWarning: Memory Efficient attention has been runtime disabled. (Triggered internally at /pytorch/aten/src/ATen/native/transformers/sdp_utils_cpp.h:552.)
  F.scaled_dot_product_attention(q, q, q, is_causal=True)
/kaggle/src/script.py:2070: UserWarning: Flash attention kernel not used because: (Triggered internally at /pytorch/aten/src/ATen/native/transformers/cuda/sdp_utils.cpp:962.)
  F.scaled_dot_product_attention(q, q, q, is_causal=True)
/kaggle/src/script.py:2070: UserWarning: Flash attention only supports gpu architectures in the range [sm80, sm121]. Attempting to run on a sm 7.5 gpu. (Triggered internally at /pytorch/aten/src/ATen/native/transformers/cuda/sdp_utils.cpp:339.)
  F.scaled_dot_product_attention(q, q, q, is_causal=True)
/kaggle/src/script.py:2070: UserWarning: cuDNN attention kernel not used because: (Triggered internally at /pytorch/aten/src/ATen/native/transformers/cuda/sdp_utils.cpp:964.)
  F.scaled_dot_product_attention(q, q, q, is_causal=True)
/kaggle/src/script.py:2070: UserWarning: cuDNN attention has been runtime disabled. (Triggered internally at /pytorch/aten/src/ATen/native/transformers/cuda/sdp_utils.cpp:680.)
  F.scaled_dot_product_attention(q, q, q, is_causal=True)
  PROBE float32  hd=   8  flash=no   efficient=yes  math=yes
  PROBE float32  hd=  32  flash=no   efficient=yes  math=yes
  PROBE float32  hd=  64  flash=no   efficient=yes  math=yes
  PROBE float32  hd= 128  flash=no   efficient=yes  math=yes
  PROBE float32  hd= 256  flash=no   efficient=yes  math=yes
  PROBE float16  hd=   8  flash=no   efficient=yes  math=yes
  PROBE float16  hd=  32  flash=no   efficient=yes  math=yes
  PROBE float16  hd=  64  flash=no   efficient=yes  math=yes
  PROBE float16  hd= 128  flash=no   efficient=yes  math=yes
  PROBE float16  hd= 256  flash=no   efficient=yes  math=yes
  shapes -> head_dim: D=128,H=4 -> 32 | D=32,H=4 -> 8 | D=1024,H=4 -> 256 | D=128,H=1 -> 128 | D=128,H=2 -> 64 | D=128,H=16 -> 8 | shape14 D=1024,H=16 -> 64
mm(out_dtype=fp32) available: True

##### PROFILE SHAPE 1 : B=64 D=128 H=4 S=128 L=4 F=128 hd=32 #####
/usr/local/lib/python3.12/dist-packages/torch/profiler/profiler.py:217: UserWarning: Warning: Profiler clears events at the end of each cycle.Only events from the current cycle will be reported.To keep events across cycles, set acc_events=True.
  _warn_once(
eager forward, GPU time 8.071 ms/iter (7 distinct kernels):
      3.860 ms  47.8%  x24  volta_sgemm_128x64_tn
      2.045 ms  25.3%  x4   fmha_cutlassF_f32_aligned_64x64_rf_sm75(PyTorchMemEffAttention::AttentionKernel<float, c
      1.575 ms  19.5%  x9   void at::native::(anonymous namespace)::vectorized_layer_norm_kernel<float, float, false
      0.429 ms   5.3%  x8   void at::native::vectorized_elementwise_kernel<4, at::native::CUDAFunctor_add<float>, st
      0.148 ms   1.8%  x4   void at::native::vectorized_elementwise_kernel<4, at::native::GeluCUDAKernelImpl(at::Ten
      0.012 ms   0.2%  x1   void at::native::reduce_kernel<512, 1, at::native::ReduceOp<bool, at::native::func_wrapp
      0.002 ms   0.0%  x1   Memcpy DtoH (Device -> Pinned)
sdpa fp32 causal [64,4,128,32]: efficient 0.506 ms | math 1.198 ms | math/eff 2.37 | max|diff| 1.19e-06
linear q/k/v/o  M=8192 K=128 N=128: fp32 0.183 ms (1.4e-06) | fp16 0.117 ms (1.3e-03) | fp16x3 0.377 ms (5.9e-06; GEMM alone 0.105 ms) | fp32/fp16x3 0.48

##### PROFILE SHAPE 2 : B=1 D=128 H=4 S=128 L=4 F=128 hd=32 #####
eager forward, GPU time 0.684 ms/iter (7 distinct kernels):
      0.346 ms  50.6%  x24  volta_sgemm_32x32_sliced1x4_tn
      0.217 ms  31.7%  x4   fmha_cutlassF_f32_aligned_64x64_rf_sm75(PyTorchMemEffAttention::AttentionKernel<float, c
      0.074 ms  10.8%  x9   void at::native::(anonymous namespace)::vectorized_layer_norm_kernel<float, float, false
      0.025 ms   3.7%  x8   void at::native::vectorized_elementwise_kernel<4, at::native::CUDAFunctor_add<float>, st
      0.014 ms   2.0%  x4   void at::native::vectorized_elementwise_kernel<4, at::native::GeluCUDAKernelImpl(at::Ten
      0.007 ms   1.0%  x1   void at::native::reduce_kernel<512, 1, at::native::ReduceOp<bool, at::native::func_wrapp
      0.002 ms   0.2%  x1   Memcpy DtoH (Device -> Pinned)
sdpa fp32 causal [1,4,128,32]: efficient 0.085 ms | math 0.331 ms | math/eff 3.91 | max|diff| 6.26e-07
linear q/k/v/o  M=128 K=128 N=128: fp32 0.046 ms (3.3e-07) | fp16 0.106 ms (1.3e-03) | fp16x3 0.228 ms (3.8e-06; GEMM alone 0.050 ms) | fp32/fp16x3 0.20

##### PROFILE SHAPE 3 : B=4 D=128 H=4 S=128 L=4 F=128 hd=32 #####
eager forward, GPU time 1.024 ms/iter (7 distinct kernels):
      0.584 ms  57.0%  x24  volta_sgemm_32x32_sliced1x4_tn
      0.243 ms  23.8%  x4   fmha_cutlassF_f32_aligned_64x64_rf_sm75(PyTorchMemEffAttention::AttentionKernel<float, c
      0.138 ms  13.5%  x9   void at::native::(anonymous namespace)::vectorized_layer_norm_kernel<float, float, false
      0.033 ms   3.3%  x8   void at::native::vectorized_elementwise_kernel<4, at::native::CUDAFunctor_add<float>, st
      0.017 ms   1.6%  x4   void at::native::vectorized_elementwise_kernel<4, at::native::GeluCUDAKernelImpl(at::Ten
      0.008 ms   0.7%  x1   void at::native::reduce_kernel<512, 1, at::native::ReduceOp<bool, at::native::func_wrapp
      0.002 ms   0.2%  x1   Memcpy DtoH (Device -> Pinned)
sdpa fp32 causal [4,4,128,32]: efficient 0.087 ms | math 0.321 ms | math/eff 3.67 | max|diff| 8.34e-07
linear q/k/v/o  M=512 K=128 N=128: fp32 0.054 ms (5.1e-07) | fp16 0.110 ms (1.2e-03) | fp16x3 0.194 ms (1.2e-06; GEMM alone 0.050 ms) | fp32/fp16x3 0.28

##### PROFILE SHAPE 4 : B=16 D=128 H=4 S=128 L=4 F=128 hd=32 #####
eager forward, GPU time 2.469 ms/iter (7 distinct kernels):
      1.313 ms  53.2%  x24  volta_sgemm_128x64_tn
      0.639 ms  25.9%  x4   fmha_cutlassF_f32_aligned_64x64_rf_sm75(PyTorchMemEffAttention::AttentionKernel<float, c
      0.397 ms  16.1%  x9   void at::native::(anonymous namespace)::vectorized_layer_norm_kernel<float, float, false
      0.073 ms   2.9%  x8   void at::native::vectorized_elementwise_kernel<4, at::native::CUDAFunctor_add<float>, st
      0.035 ms   1.4%  x4   void at::native::vectorized_elementwise_kernel<4, at::native::GeluCUDAKernelImpl(at::Ten
      0.010 ms   0.4%  x1   void at::native::reduce_kernel<512, 1, at::native::ReduceOp<bool, at::native::func_wrapp
      0.002 ms   0.1%  x1   Memcpy DtoH (Device -> Pinned)
sdpa fp32 causal [16,4,128,32]: efficient 0.181 ms | math 0.460 ms | math/eff 2.54 | max|diff| 1.13e-06
linear q/k/v/o  M=2048 K=128 N=128: fp32 0.086 ms (1.7e-06) | fp16 0.109 ms (1.4e-03) | fp16x3 0.203 ms (5.7e-06; GEMM alone 0.062 ms) | fp32/fp16x3 0.42

##### PROFILE SHAPE 5 : B=128 D=128 H=4 S=128 L=4 F=128 hd=32 #####
eager forward, GPU time 13.997 ms/iter (7 distinct kernels):
      6.376 ms  45.5%  x24  volta_sgemm_128x64_tn
      3.613 ms  25.8%  x4   fmha_cutlassF_f32_aligned_64x64_rf_sm75(PyTorchMemEffAttention::AttentionKernel<float, c
      2.860 ms  20.4%  x9   void at::native::(anonymous namespace)::vectorized_layer_norm_kernel<float, float, false
      0.843 ms   6.0%  x8   void at::native::vectorized_elementwise_kernel<4, at::native::CUDAFunctor_add<float>, st
      0.289 ms   2.1%  x4   void at::native::vectorized_elementwise_kernel<4, at::native::GeluCUDAKernelImpl(at::Ten
      0.015 ms   0.1%  x1   void at::native::reduce_kernel<512, 1, at::native::ReduceOp<bool, at::native::func_wrapp
      0.002 ms   0.0%  x1   Memcpy DtoH (Device -> Pinned)
sdpa fp32 causal [128,4,128,32]: efficient 0.494 ms | math 1.875 ms | math/eff 3.80 | max|diff| 1.55e-06
linear q/k/v/o  M=16384 K=128 N=128: fp32 0.203 ms (1.4e-06) | fp16 0.135 ms (1.4e-03) | fp16x3 0.666 ms (6.0e-06; GEMM alone 0.145 ms) | fp32/fp16x3 0.30

##### PROFILE SHAPE 6 : B=10000 D=128 H=4 S=128 L=4 F=128 hd=32 #####
eager forward, GPU time 708.536 ms/iter (8 distinct kernels):
    310.306 ms  43.8%  x24  volta_sgemm_128x128_tn
    172.887 ms  24.4%  x4   fmha_cutlassF_f32_aligned_64x64_rf_sm75(PyTorchMemEffAttention::AttentionKernel<float, c
    139.104 ms  19.6%  x9   void at::native::(anonymous namespace)::vectorized_layer_norm_kernel<float, float, false
     64.078 ms   9.0%  x8   void at::native::vectorized_elementwise_kernel<4, at::native::CUDAFunctor_add<float>, st
     22.142 ms   3.1%  x4   void at::native::vectorized_elementwise_kernel<4, at::native::GeluCUDAKernelImpl(at::Ten
      0.016 ms   0.0%  x1   void at::native::reduce_kernel<512, 1, at::native::ReduceOp<bool, at::native::func_wrapp
      0.002 ms   0.0%  x1   Memcpy DtoH (Device -> Pinned)
      0.001 ms   0.0%  x1   Memset (Device)
sdpa fp32 causal [10000,4,128,32]: efficient 37.422 ms | math 138.812 ms | math/eff 3.71 | max|diff| 2.86e-06
linear q/k/v/o  M=1280000 K=128 N=128: fp32 15.229 ms (2.0e-06) | fp16 6.780 ms (1.6e-03) | fp16x3 48.500 ms (7.6e-06; GEMM alone 9.203 ms) | fp32/fp16x3 0.31

##### PROFILE SHAPE 7 : B=64 D=32 H=4 S=128 L=4 F=32 hd=8 #####
eager forward, GPU time 1.961 ms/iter (7 distinct kernels):
      0.651 ms  33.2%  x24  volta_sgemm_32x128_tn
      0.634 ms  32.3%  x4   fmha_cutlassF_f32_aligned_64x64_rf_sm75(PyTorchMemEffAttention::AttentionKernel<float, c
      0.584 ms  29.8%  x9   void at::native::(anonymous namespace)::vectorized_layer_norm_kernel<float, float, false
      0.058 ms   3.0%  x8   void at::native::vectorized_elementwise_kernel<4, at::native::CUDAFunctor_add<float>, st
      0.029 ms   1.5%  x4   void at::native::vectorized_elementwise_kernel<4, at::native::GeluCUDAKernelImpl(at::Ten
      0.005 ms   0.2%  x0   void at::native::reduce_kernel<512, 1, at::native::ReduceOp<bool, at::native::func_wrapp
      0.001 ms   0.1%  x1   Memcpy DtoH (Device -> Pinned)
sdpa fp32 causal [64,4,128,8]: efficient 0.183 ms | math 0.944 ms | math/eff 5.16 | max|diff| 1.01e-06
linear q/k/v/o  M=8192 K=32 N=32: fp32 0.054 ms (5.3e-07) | fp16 0.100 ms (1.2e-03) | fp16x3 0.206 ms (2.2e-06; GEMM alone 0.049 ms) | fp32/fp16x3 0.26

##### PROFILE SHAPE 8 : B=64 D=1024 H=4 S=128 L=4 F=1024 hd=256 #####
eager forward, GPU time 110.764 ms/iter (8 distinct kernels):
     98.186 ms  88.6%  x24  volta_sgemm_128x128_tn
      5.637 ms   5.1%  x4   fmha_cutlassF_f32_aligned_32x128_gmem_sm75(PyTorchMemEffAttention::AttentionKernel<float
      3.279 ms   3.0%  x8   void at::native::vectorized_elementwise_kernel<4, at::native::CUDAFunctor_add<float>, st
      2.497 ms   2.3%  x9   void at::native::(anonymous namespace)::vectorized_layer_norm_kernel<float, float, false
      1.121 ms   1.0%  x4   void at::native::vectorized_elementwise_kernel<4, at::native::GeluCUDAKernelImpl(at::Ten
      0.035 ms   0.0%  x24  Memset (Device)
      0.008 ms   0.0%  x0   void at::native::reduce_kernel<512, 1, at::native::ReduceOp<bool, at::native::func_wrapp
      0.002 ms   0.0%  x1   Memcpy DtoH (Device -> Pinned)
sdpa fp32 causal [64,4,128,256]: efficient 0.949 ms | math 2.389 ms | math/eff 2.52 | max|diff| 1.07e-06
linear q/k/v/o  M=8192 K=1024 N=1024: fp32 3.795 ms (2.6e-06) | fp16 0.900 ms (1.4e-03) | fp16x3 3.876 ms (3.1e-05; GEMM alone 1.832 ms) | fp32/fp16x3 0.98

##### PROFILE SHAPE 9 : B=64 D=128 H=1 S=128 L=4 F=128 hd=128 #####
eager forward, GPU time 3.967 ms/iter (7 distinct kernels):
      2.081 ms  52.5%  x24  volta_sgemm_128x64_tn
      0.716 ms  18.1%  x9   void at::native::(anonymous namespace)::vectorized_layer_norm_kernel<float, float, false
      0.592 ms  14.9%  x4   fmha_cutlassF_f32_aligned_32x128_rf_sm75(PyTorchMemEffAttention::AttentionKernel<float, 
      0.427 ms  10.8%  x8   void at::native::vectorized_elementwise_kernel<4, at::native::CUDAFunctor_add<float>, st
      0.144 ms   3.6%  x4   void at::native::vectorized_elementwise_kernel<4, at::native::GeluCUDAKernelImpl(at::Ten
      0.006 ms   0.1%  x0   void at::native::reduce_kernel<512, 1, at::native::ReduceOp<bool, at::native::func_wrapp
      0.001 ms   0.0%  x1   Memcpy DtoH (Device -> Pinned)
sdpa fp32 causal [64,1,128,128]: efficient 0.169 ms | math 0.441 ms | math/eff 2.61 | max|diff| 2.09e-06
linear q/k/v/o  M=8192 K=128 N=128: fp32 0.129 ms (1.2e-06) | fp16 0.099 ms (1.3e-03) | fp16x3 0.331 ms (5.7e-06; GEMM alone 0.078 ms) | fp32/fp16x3 0.39

##### PROFILE SHAPE 10 : B=64 D=128 H=2 S=128 L=4 F=128 hd=64 #####
eager forward, GPU time 3.931 ms/iter (7 distinct kernels):
      2.026 ms  51.5%  x24  volta_sgemm_128x64_tn
      0.701 ms  17.8%  x9   void at::native::(anonymous namespace)::vectorized_layer_norm_kernel<float, float, false
      0.631 ms  16.1%  x4   fmha_cutlassF_f32_aligned_64x64_rf_sm75(PyTorchMemEffAttention::AttentionKernel<float, c
      0.425 ms  10.8%  x8   void at::native::vectorized_elementwise_kernel<4, at::native::CUDAFunctor_add<float>, st
      0.141 ms   3.6%  x4   void at::native::vectorized_elementwise_kernel<4, at::native::GeluCUDAKernelImpl(at::Ten
      0.006 ms   0.1%  x0   void at::native::reduce_kernel<512, 1, at::native::ReduceOp<bool, at::native::func_wrapp
      0.001 ms   0.0%  x1   Memcpy DtoH (Device -> Pinned)
sdpa fp32 causal [64,2,128,64]: efficient 0.190 ms | math 0.775 ms | math/eff 4.07 | max|diff| 9.54e-07
linear q/k/v/o  M=8192 K=128 N=128: fp32 0.150 ms (1.1e-06) | fp16 0.111 ms (1.3e-03) | fp16x3 0.340 ms (6.8e-06; GEMM alone 0.119 ms) | fp32/fp16x3 0.44

##### PROFILE SHAPE 11 : B=64 D=128 H=16 S=128 L=4 F=128 hd=8 #####
eager forward, GPU time 6.303 ms/iter (7 distinct kernels):
      2.793 ms  44.3%  x4   fmha_cutlassF_f32_aligned_64x64_rf_sm75(PyTorchMemEffAttention::AttentionKernel<float, c
      2.186 ms  34.7%  x24  volta_sgemm_128x64_tn
      0.751 ms  11.9%  x9   void at::native::(anonymous namespace)::vectorized_layer_norm_kernel<float, float, false
      0.423 ms   6.7%  x8   void at::native::vectorized_elementwise_kernel<4, at::native::CUDAFunctor_add<float>, st
      0.143 ms   2.3%  x4   void at::native::vectorized_elementwise_kernel<4, at::native::GeluCUDAKernelImpl(at::Ten
      0.006 ms   0.1%  x0   void at::native::reduce_kernel<512, 1, at::native::ReduceOp<bool, at::native::func_wrapp
      0.001 ms   0.0%  x1   Memcpy DtoH (Device -> Pinned)
sdpa fp32 causal [64,16,128,8]: efficient 0.609 ms | math 3.290 ms | math/eff 5.40 | max|diff| 1.67e-06
linear q/k/v/o  M=8192 K=128 N=128: fp32 0.130 ms (1.3e-06) | fp16 0.109 ms (1.4e-03) | fp16x3 0.340 ms (6.5e-06; GEMM alone 0.082 ms) | fp32/fp16x3 0.38

##### PROFILE SHAPE 12 : B=64 D=128 H=4 S=32 L=4 F=128 hd=32 #####
eager forward, GPU time 1.228 ms/iter (7 distinct kernels):
      0.663 ms  54.0%  x24  volta_sgemm_128x64_tn
      0.296 ms  24.1%  x4   fmha_cutlassF_f32_aligned_64x64_rf_sm75(PyTorchMemEffAttention::AttentionKernel<float, c
      0.174 ms  14.2%  x9   void at::native::(anonymous namespace)::vectorized_layer_norm_kernel<float, float, false
      0.062 ms   5.0%  x8   void at::native::vectorized_elementwise_kernel<4, at::native::CUDAFunctor_add<float>, st
      0.028 ms   2.3%  x4   void at::native::vectorized_elementwise_kernel<4, at::native::GeluCUDAKernelImpl(at::Ten
      0.004 ms   0.3%  x0   void at::native::reduce_kernel<512, 1, at::native::ReduceOp<bool, at::native::func_wrapp
      0.001 ms   0.1%  x1   Memcpy DtoH (Device -> Pinned)
sdpa fp32 causal [64,4,32,32]: efficient 0.092 ms | math 0.290 ms | math/eff 3.16 | max|diff| 1.07e-06
linear q/k/v/o  M=2048 K=128 N=128: fp32 0.053 ms (1.1e-06) | fp16 0.100 ms (1.4e-03) | fp16x3 0.203 ms (4.7e-06; GEMM alone 0.048 ms) | fp32/fp16x3 0.26

##### PROFILE SHAPE 13 : B=64 D=128 H=4 S=1024 L=4 F=128 hd=32 #####
eager forward, GPU time 66.373 ms/iter (7 distinct kernels):
     40.153 ms  60.5%  x4   fmha_cutlassF_f32_aligned_64x64_rf_sm75(PyTorchMemEffAttention::AttentionKernel<float, c
     15.115 ms  22.8%  x24  volta_sgemm_128x64_tn
      6.626 ms  10.0%  x9   void at::native::(anonymous namespace)::vectorized_layer_norm_kernel<float, float, false
      3.323 ms   5.0%  x8   void at::native::vectorized_elementwise_kernel<4, at::native::CUDAFunctor_add<float>, st
      1.139 ms   1.7%  x4   void at::native::vectorized_elementwise_kernel<4, at::native::GeluCUDAKernelImpl(at::Ten
      0.017 ms   0.0%  x0   void at::native::reduce_kernel<512, 1, at::native::ReduceOp<bool, at::native::func_wrapp
      0.001 ms   0.0%  x1   Memcpy DtoH (Device -> Pinned)
sdpa fp32 causal [64,4,1024,32]: efficient 9.425 ms | math 52.422 ms | math/eff 5.56 | max|diff| 1.67e-06
linear q/k/v/o  M=65536 K=128 N=128: fp32 0.682 ms (1.4e-06) | fp16 0.386 ms (1.6e-03) | fp16x3 2.505 ms (6.7e-06; GEMM alone 0.446 ms) | fp32/fp16x3 0.27
/usr/local/lib/python3.12/dist-packages/mistune.py:435: SyntaxWarning: invalid escape sequence '\|'
  cells[i][c] = re.sub('\\\\\|', '|', cell)
/usr/local/lib/python3.12/dist-packages/nbconvert/filters/filter_links.py:36: SyntaxWarning: invalid escape sequence '\_'
  text = re.sub(r'_', '\_', text) # Escape underscores in display text
[NbConvertApp] Converting notebook __script__.ipynb to html
[NbConvertApp] Writing 776164 bytes to __results__.html
