[{"stream_name":"stdout","time":24.69114888,"data":"[user_optimized] fp16x3 GEMMs off: activations may reach 5.66e+05 (fp16 range is 65504); using fp32 SGEMM\n"}
,{"stream_name":"stdout","time":24.69286029,"data":"RUNTIME_CONTRACTS: PASS (CUDA graph, masks, weights, range, owned outputs)\n"}
,{"stream_name":"stdout","time":24.831493154,"data":"RUNTIME_METADATA {\"reference_revision\": \"6a52565d25dd0455a0425b1d7a8f79039267c4db\", \"torch\": \"2.11.0+cu128\", \"cuda\": \"12.8\", \"gpu\": \"Tesla T4\", \"timing\": \"official benchmark_once, interleaved three-model order\", \"repeats\": 50, \"rounds\": 3, \"accuracy_trials\": 3}\n"}
,{"stream_name":"stdout","time":42.962317913,"data":"RUNTIME_RESULT {\"shape\": 1, \"status\": \"PASS\", \"reference_ms\": 9.826800346374512, \"previous_ms\": 3.628320097923279, \"current_ms\": 3.58406400680542, \"previous_speedup\": 2.7083609166674742, \"current_speedup\": 2.7418038092275654, \"improvement\": 1.0123480191854346, \"previous_wall_ms\": 3.6693162999995366, \"current_wall_ms\": 3.615622800001006, \"max_abs\": 2.1457672119140625e-06}\n"}
,{"stream_name":"stdout","time":42.962364849,"data":"RUNTIME_MODES {\"previous\": {\"graph\": true, \"compiled\": false, \"tune\": [4.574975967407227, 10.859807968139648, 3.5508480072021484]}, \"current\": {\"graph\": true, \"compiled\": false, \"tune\": [4.608128070831299, 9.072640419006348, 3.2401280403137207]}}\n"}
,{"stream_name":"stdout","time":50.774887409,"data":"RUNTIME_RESULT {\"shape\": 2, \"status\": \"PASS\", \"reference_ms\": 3.3720799684524536, \"previous_ms\": 0.5771200060844421, \"current_ms\": 0.5139040052890778, \"previous_speedup\": 5.842944158756234, \"current_speedup\": 6.5616923272579175, \"improvement\": 1.1230113020033858, \"previous_wall_ms\": 0.413429200000337, \"current_wall_ms\": 0.37242870000113726, \"max_abs\": 1.6689300537109375e-06}\n"}
,{"stream_name":"stdout","time":50.774930131,"data":"RUNTIME_MODES {\"previous\": {\"graph\": true, \"compiled\": false, \"tune\": [4.261631965637207, 1.254080057144165, 0.6168000102043152]}, \"current\": {\"graph\": true, \"compiled\": false, \"tune\": [4.357823848724365, 1.259552001953125, 0.6079679727554321]}}\n"}
,{"stream_name":"stdout","time":56.988470566,"data":"RUNTIME_RESULT {\"shape\": 3, \"status\": \"PASS\", \"reference_ms\": 3.446784019470215, \"previous_ms\": 0.6910400092601776, \"current_ms\": 0.6316800117492676, \"previous_speedup\": 4.987821216256807, \"current_speedup\": 5.4565348837384855, \"improvement\": 1.09397162551737, \"previous_wall_ms\": 0.4336165999973218, \"current_wall_ms\": 0.390718599999218, \"max_abs\": 1.430511474609375e-06}\n"}
,{"stream_name":"stdout","time":56.988517942,"data":"RUNTIME_MODES {\"previous\": {\"graph\": true, \"compiled\": false, \"tune\": [4.2393598556518555, 2.270751953125, 0.8944640159606934]}, \"current\": {\"graph\": true, \"compiled\": false, \"tune\": [4.411808013916016, 2.2688639163970947, 0.8863999843597412]}}\n"}
,{"stream_name":"stdout","time":63.523120897,"data":"RUNTIME_RESULT {\"shape\": 4, \"status\": \"PASS\", \"reference_ms\": 3.4416799545288086, \"previous_ms\": 0.9537439942359924, \"current_ms\": 0.9330879747867584, \"previous_speedup\": 3.608599346710231, \"current_speedup\": 3.6884838809709737, \"improvement\": 1.02213726894718, \"previous_wall_ms\": 1.0323082000013528, \"current_wall_ms\": 0.9851478000030056, \"max_abs\": 1.9073486328125e-06}\n"}
,{"stream_name":"stdout","time":63.523183317,"data":"RUNTIME_MODES {\"previous\": {\"graph\": true, \"compiled\": false, \"tune\": [4.370368003845215, 5.665791988372803, 1.8174079656600952]}, \"current\": {\"graph\": true, \"compiled\": false, \"tune\": [4.406527996063232, 4.024320125579834, 1.327455997467041]}}\n"}
,{"stream_name":"stdout","time":71.910560469,"data":"RUNTIME_RESULT {\"shape\": 7, \"status\": \"PASS\", \"reference_ms\": 6.218847990036011, \"previous_ms\": 1.2759040594100952, \"current_ms\": 1.2144479751586914, \"previous_speedup\": 4.874071795736153, \"current_speedup\": 5.120719962683784, \"improvement\": 1.0506041308549041, \"previous_wall_ms\": 1.292547299999569, \"current_wall_ms\": 1.2518257000010635, \"max_abs\": 1.430511474609375e-06}\n"}
,{"stream_name":"stdout","time":71.910731133,"data":"RUNTIME_MODES {\"previous\": {\"graph\": true, \"compiled\": false, \"tune\": [4.5320000648498535, 6.230016231536865, 2.464031934738159]}, \"current\": {\"graph\": true, \"compiled\": false, \"tune\": [4.404352188110352, 5.335040092468262, 2.132159948348999]}}\n"}
,{"stream_name":"stdout","time":152.749497071,"data":"RUNTIME_RESULT {\"shape\": 8, \"status\": \"PASS\", \"reference_ms\": 171.71571350097656, \"previous_ms\": 101.73796844482422, \"current_ms\": 105.08338928222656, \"previous_speedup\": 1.687823298674413, \"current_speedup\": 1.634089980099452, \"improvement\": 0.9681641326925855, \"previous_wall_ms\": 110.09619229999998, \"current_wall_ms\": 109.59055449999937, \"max_abs\": 9.953975677490234e-06}\n"}
,{"stream_name":"stdout","time":152.749553668,"data":"RUNTIME_MODES {\"previous\": {\"graph\": true, \"compiled\": false, \"tune\": [87.9191665649414, 118.48294067382812, 65.8391342163086]}, \"current\": {\"graph\": true, \"compiled\": false, \"tune\": [89.49174499511719, 123.19798278808594, 67.11500549316406]}}\n"}
,{"stream_name":"stdout","time":165.466658475,"data":"RUNTIME_RESULT {\"shape\": 11, \"status\": \"PASS\", \"reference_ms\": 23.184271812438965, \"previous_ms\": 6.024480104446411, \"current_ms\": 5.971072196960449, \"previous_speedup\": 3.848343991596494, \"current_speedup\": 3.8827652802859807, \"improvement\": 1.008944441755896, \"previous_wall_ms\": 6.0403011000005336, \"current_wall_ms\": 5.990848999999798, \"max_abs\": 2.384185791015625e-06}\n"}
,{"stream_name":"stdout","time":165.466704355,"data":"RUNTIME_MODES {\"previous\": {\"graph\": true, \"compiled\": false, \"tune\": [6.201504230499268, 13.502079963684082, 5.893695831298828]}, \"current\": {\"graph\": true, \"compiled\": false, \"tune\": [5.793759822845459, 12.064064025878906, 5.427872180938721]}}\n"}
,{"stream_name":"stdout","time":172.436593754,"data":"RUNTIME_RESULT {\"shape\": 12, \"status\": \"PASS\", \"reference_ms\": 3.3783199787139893, \"previous_ms\": 1.0054720044136047, \"current_ms\": 1.002511978149414, \"previous_speedup\": 3.359934402832269, \"current_speedup\": 3.3698549766459602, \"improvement\": 1.0029526093739596, \"previous_wall_ms\": 1.0733295999955317, \"current_wall_ms\": 1.0753335999993396, \"max_abs\": 2.1457672119140625e-06}\n"}
,{"stream_name":"stdout","time":172.436646869,"data":"RUNTIME_MODES {\"previous\": {\"graph\": true, \"compiled\": false, \"tune\": [4.4687042236328125, 5.659584045410156, 1.8315520286560059]}, \"current\": {\"graph\": true, \"compiled\": false, \"tune\": [4.470751762390137, 5.314591884613037, 1.7184640169143677]}}\n"}
,{"stream_name":"stdout","time":172.721402758,"data":"RUNTIME_SUMMARY {\"shapes\": 8, \"all_passed\": true, \"median_previous_speedup\": 3.728471669153363, \"median_current_speedup\": 3.785624580628477, \"median_improvement\": 1.0172426440663074}\n"}
,{"stream_name":"stderr","time":180.71956628,"data":"/usr/local/lib/python3.13/dist-packages/mistune.py:435: SyntaxWarning: invalid escape sequence '\\|'\n"}
,{"stream_name":"stderr","time":180.719607374,"data":"  cells[i][c] = re.sub('\\\\\\\\\\|', '|', cell)\n"}
,{"stream_name":"stderr","time":181.059306563,"data":"/usr/local/lib/python3.13/dist-packages/nbconvert/filters/filter_links.py:36: SyntaxWarning: invalid escape sequence '\\_'\n"}
,{"stream_name":"stderr","time":181.059364913,"data":"  text = re.sub(r'_', '\\_', text) # Escape underscores in display text\n"}
,{"stream_name":"stderr","time":182.030799964,"data":"[NbConvertApp] Converting notebook __script__.ipynb to html\n"}
,{"stream_name":"stderr","time":183.996245013,"data":"[NbConvertApp] Writing 1057759 bytes to __results__.html\n"}
]