=== ENV ===
gpu Tesla T4 | torch 2.10.0+cu128 | cuda 12.8 | cc (7, 5)
sdpa backend probe  (head_dim -> which backends can run, is_causal=True)
/kaggle/src/script.py:2724: UserWarning: Memory efficient kernel not used because: (Triggered internally at /pytorch/aten/src/ATen/native/transformers/cuda/sdp_utils.cpp:960.)
  F.scaled_dot_product_attention(q, q, q, is_causal=True)
/kaggle/src/script.py:2724: UserWarning: Memory Efficient attention has been runtime disabled. (Triggered internally at /pytorch/aten/src/ATen/native/transformers/sdp_utils_cpp.h:552.)
  F.scaled_dot_product_attention(q, q, q, is_causal=True)
/kaggle/src/script.py:2724: UserWarning: Flash attention kernel not used because: (Triggered internally at /pytorch/aten/src/ATen/native/transformers/cuda/sdp_utils.cpp:962.)
  F.scaled_dot_product_attention(q, q, q, is_causal=True)
/kaggle/src/script.py:2724: UserWarning: Flash attention only supports gpu architectures in the range [sm80, sm121]. Attempting to run on a sm 7.5 gpu. (Triggered internally at /pytorch/aten/src/ATen/native/transformers/cuda/sdp_utils.cpp:339.)
  F.scaled_dot_product_attention(q, q, q, is_causal=True)
/kaggle/src/script.py:2724: UserWarning: cuDNN attention kernel not used because: (Triggered internally at /pytorch/aten/src/ATen/native/transformers/cuda/sdp_utils.cpp:964.)
  F.scaled_dot_product_attention(q, q, q, is_causal=True)
/kaggle/src/script.py:2724: UserWarning: cuDNN attention has been runtime disabled. (Triggered internally at /pytorch/aten/src/ATen/native/transformers/cuda/sdp_utils.cpp:680.)
  F.scaled_dot_product_attention(q, q, q, is_causal=True)
  PROBE float32  hd=   8  flash=no   efficient=yes  math=yes
  PROBE float32  hd=  32  flash=no   efficient=yes  math=yes
  PROBE float32  hd=  64  flash=no   efficient=yes  math=yes
  PROBE float32  hd= 128  flash=no   efficient=yes  math=yes
  PROBE float32  hd= 256  flash=no   efficient=yes  math=yes
  PROBE float16  hd=   8  flash=no   efficient=yes  math=yes
  PROBE float16  hd=  32  flash=no   efficient=yes  math=yes
  PROBE float16  hd=  64  flash=no   efficient=yes  math=yes
  PROBE float16  hd= 128  flash=no   efficient=yes  math=yes
  PROBE float16  hd= 256  flash=no   efficient=yes  math=yes
  shapes -> head_dim: D=128,H=4 -> 32 | D=32,H=4 -> 8 | D=1024,H=4 -> 256 | D=128,H=1 -> 128 | D=128,H=2 -> 64 | D=128,H=16 -> 8 | shape14 D=1024,H=16 -> 64

##### SHAPE 1 : B=64 D=128 H=4 S=128 L=4 F=128 #####
W0903 07:27:16.769000 7 torch/_inductor/utils.py:1679] [0/0] Not enough SMs to use max_autotune_gemm mode
autotune: eager=8.0921ms compiled=3.6305ms graph=4.6784ms -> compiled
PASS max_abs=1.19e-06 max_rel=0.191 | baseline=9.4980ms optimized=4.1616ms | speedup=2.282x

##### SHAPE 2 : B=1 D=128 H=4 S=128 L=4 F=128 #####
autotune: eager=1.3832ms compiled=0.8034ms graph=0.7346ms -> graph
PASS max_abs=9.54e-07 max_rel=0.0865 | baseline=2.9895ms optimized=0.7906ms | speedup=3.781x

##### SHAPE 3 : B=4 D=128 H=4 S=128 L=4 F=128 #####
autotune: eager=1.3594ms compiled=1.2554ms graph=1.1510ms -> graph
PASS max_abs=1.19e-06 max_rel=0.0769 | baseline=3.1826ms optimized=0.9236ms | speedup=3.446x

##### SHAPE 4 : B=16 D=128 H=4 S=128 L=4 F=128 #####
autotune: eager=2.1434ms compiled=1.7984ms graph=2.0573ms -> compiled
PASS max_abs=1.43e-06 max_rel=0.421 | baseline=2.9769ms optimized=1.1981ms | speedup=2.485x

##### SHAPE 5 : B=128 D=128 H=4 S=128 L=4 F=128 #####
autotune: eager=9.6059ms compiled=8.0441ms graph=9.5744ms -> compiled
PASS max_abs=1.43e-06 max_rel=4.33 | baseline=18.4359ms optimized=8.0159ms | speedup=2.300x

##### SHAPE 6 : B=10000 D=128 H=4 S=128 L=4 F=128 #####
PASS max_abs=1.67e-06 max_rel=2.84e+05 | baseline=1469.8976ms optimized=681.0142ms | speedup=2.158x

##### SHAPE 7 : B=64 D=32 H=4 S=128 L=4 F=32 #####
autotune: eager=1.9986ms compiled=2.5743ms graph=3.3305ms -> eager
PASS max_abs=9.54e-07 max_rel=2 | baseline=6.3488ms optimized=2.2690ms | speedup=2.798x

##### SHAPE 8 : B=64 D=1024 H=4 S=128 L=4 F=1024 #####
autotune: eager=125.3957ms compiled=120.1480ms graph=125.9564ms -> compiled
PASS max_abs=3.22e-06 max_rel=4.45 | baseline=140.2812ms optimized=128.0738ms | speedup=1.095x

##### SHAPE 9 : B=64 D=128 H=1 S=128 L=4 F=128 #####
autotune: eager=4.8074ms compiled=5.9638ms graph=7.4016ms -> eager
PASS max_abs=1.43e-06 max_rel=0.233 | baseline=6.6274ms optimized=5.2741ms | speedup=1.257x

##### SHAPE 10 : B=64 D=128 H=2 S=128 L=4 F=128 #####
autotune: eager=4.7939ms compiled=6.0253ms graph=5.4293ms -> eager
PASS max_abs=1.43e-06 max_rel=0.667 | baseline=8.1724ms optimized=5.1700ms | speedup=1.581x

##### SHAPE 11 : B=64 D=128 H=16 S=128 L=4 F=128 #####
autotune: eager=7.6127ms compiled=10.8524ms graph=7.7165ms -> eager
PASS max_abs=1.43e-06 max_rel=0.387 | baseline=22.7000ms optimized=7.3822ms | speedup=3.075x

##### SHAPE 12 : B=64 D=128 H=4 S=32 L=4 F=128 #####
autotune: eager=1.3805ms compiled=2.3532ms graph=2.6767ms -> eager
PASS max_abs=1.19e-06 max_rel=0.104 | baseline=3.2356ms optimized=1.4865ms | speedup=2.177x

##### SHAPE 13 : B=64 D=128 H=4 S=1024 L=4 F=128 #####
PASS max_abs=1.43e-06 max_rel=3.2 | baseline=323.9648ms optimized=67.2468ms | speedup=4.818x

##### SHAPE 14 : optimized-only (baseline infeasible ~20.5 TB) #####
skipped for this T3_ONLY selector

=================== SUMMARY (copy from here) ===================
shape,pass,max_abs,max_rel,baseline_ms,opt_ms,speedup,note
1,PASS,1.1920928955078125e-06,0.19148938357830048,9.4980,4.1616,2.282,
2,PASS,9.5367431640625e-07,0.08653856068849564,2.9895,0.7906,3.781,
3,PASS,1.1920928955078125e-06,0.0769231989979744,3.1826,0.9236,3.446,
4,PASS,1.430511474609375e-06,0.4210526645183563,2.9769,1.1981,2.485,
5,PASS,1.430511474609375e-06,4.333333969116211,18.4359,8.0159,2.300,
6,PASS,1.6689300537109375e-06,284324.625,1469.8976,681.0142,2.158,
7,PASS,9.5367431640625e-07,2.0,6.3488,2.2690,2.798,
8,PASS,3.2186508178710938e-06,4.454545497894287,140.2812,128.0738,1.095,
9,PASS,1.430511474609375e-06,0.23333340883255005,6.6274,5.2741,1.257,
10,PASS,1.430511474609375e-06,0.6666666269302368,8.1724,5.1700,1.581,
11,PASS,1.430511474609375e-06,0.38666680455207825,22.7000,7.3822,3.075,
12,PASS,1.1920928955078125e-06,0.10396042466163635,3.2356,1.4865,2.177,
13,PASS,1.430511474609375e-06,3.200000047683716,323.9648,67.2468,4.818,
# median_speedup=2.300x min=1.095x max=4.818x over 13 PASS shapes
=================== END SUMMARY ===================
/usr/local/lib/python3.12/dist-packages/mistune.py:435: SyntaxWarning: invalid escape sequence '\|'
  cells[i][c] = re.sub('\\\\\|', '|', cell)
/usr/local/lib/python3.12/dist-packages/nbconvert/filters/filter_links.py:36: SyntaxWarning: invalid escape sequence '\_'
  text = re.sub(r'_', '\_', text) # Escape underscores in display text
[NbConvertApp] Converting notebook __script__.ipynb to html
[NbConvertApp] Writing 933243 bytes to __results__.html
