=== ENV ===
gpu Tesla T4 | torch 2.10.0+cu128 | cuda 12.8 | cc (7, 5)
sdpa backend probe  (head_dim -> which backends can run, is_causal=True)
/kaggle/src/script.py:2723: UserWarning: Memory efficient kernel not used because: (Triggered internally at /pytorch/aten/src/ATen/native/transformers/cuda/sdp_utils.cpp:960.)
  F.scaled_dot_product_attention(q, q, q, is_causal=True)
/kaggle/src/script.py:2723: UserWarning: Memory Efficient attention has been runtime disabled. (Triggered internally at /pytorch/aten/src/ATen/native/transformers/sdp_utils_cpp.h:552.)
  F.scaled_dot_product_attention(q, q, q, is_causal=True)
/kaggle/src/script.py:2723: UserWarning: Flash attention kernel not used because: (Triggered internally at /pytorch/aten/src/ATen/native/transformers/cuda/sdp_utils.cpp:962.)
  F.scaled_dot_product_attention(q, q, q, is_causal=True)
/kaggle/src/script.py:2723: UserWarning: Flash attention only supports gpu architectures in the range [sm80, sm121]. Attempting to run on a sm 7.5 gpu. (Triggered internally at /pytorch/aten/src/ATen/native/transformers/cuda/sdp_utils.cpp:339.)
  F.scaled_dot_product_attention(q, q, q, is_causal=True)
/kaggle/src/script.py:2723: UserWarning: cuDNN attention kernel not used because: (Triggered internally at /pytorch/aten/src/ATen/native/transformers/cuda/sdp_utils.cpp:964.)
  F.scaled_dot_product_attention(q, q, q, is_causal=True)
/kaggle/src/script.py:2723: UserWarning: cuDNN attention has been runtime disabled. (Triggered internally at /pytorch/aten/src/ATen/native/transformers/cuda/sdp_utils.cpp:680.)
  F.scaled_dot_product_attention(q, q, q, is_causal=True)
  PROBE float32  hd=   8  flash=no   efficient=yes  math=yes
  PROBE float32  hd=  32  flash=no   efficient=yes  math=yes
  PROBE float32  hd=  64  flash=no   efficient=yes  math=yes
  PROBE float32  hd= 128  flash=no   efficient=yes  math=yes
  PROBE float32  hd= 256  flash=no   efficient=yes  math=yes
  PROBE float16  hd=   8  flash=no   efficient=yes  math=yes
  PROBE float16  hd=  32  flash=no   efficient=yes  math=yes
  PROBE float16  hd=  64  flash=no   efficient=yes  math=yes
  PROBE float16  hd= 128  flash=no   efficient=yes  math=yes
  PROBE float16  hd= 256  flash=no   efficient=yes  math=yes
  shapes -> head_dim: D=128,H=4 -> 32 | D=32,H=4 -> 8 | D=1024,H=4 -> 256 | D=128,H=1 -> 128 | D=128,H=2 -> 64 | D=128,H=16 -> 8 | shape14 D=1024,H=16 -> 64

##### SHAPE 1 : B=64 D=128 H=4 S=128 L=4 F=128 #####
autotune: eager=5.9814ms compiled=5.8757ms graph=4.5853ms -> graph
linear: fp16x3 (forced)
PASS max_abs=5.47e-06 max_rel=1.66 | baseline=9.6543ms optimized=4.4054ms | speedup=2.191x

##### SHAPE 2 : B=1 D=128 H=4 S=128 L=4 F=128 #####
autotune: eager=3.5906ms compiled=0.7670ms graph=0.6484ms -> graph
linear: fp16x3 (forced)
PASS max_abs=3.95e-06 max_rel=0.49 | baseline=3.0146ms optimized=0.7829ms | speedup=3.850x

##### SHAPE 3 : B=4 D=128 H=4 S=128 L=4 F=128 #####
autotune: eager=4.0912ms compiled=1.0895ms graph=0.9592ms -> graph
linear: fp16x3 (forced)
PASS max_abs=4.29e-06 max_rel=1.11 | baseline=2.9907ms optimized=0.9066ms | speedup=3.299x

##### SHAPE 4 : B=16 D=128 H=4 S=128 L=4 F=128 #####
autotune: eager=3.5676ms compiled=2.1014ms graph=2.0052ms -> graph
linear: fp16x3 (forced)
PASS max_abs=3.22e-06 max_rel=0.447 | baseline=3.7641ms optimized=1.2102ms | speedup=3.110x

##### SHAPE 5 : B=128 D=128 H=4 S=128 L=4 F=128 #####
autotune: eager=8.5088ms compiled=11.1292ms graph=8.4699ms -> graph
linear: fp16x3 (forced)
PASS max_abs=5.28e-06 max_rel=9.33 | baseline=18.7867ms optimized=8.6831ms | speedup=2.164x

##### SHAPE 6 : B=10000 D=128 H=4 S=128 L=4 F=128 #####
linear: fp16x3 (forced)
PASS max_abs=6.74e-06 max_rel=9.39e+05 | baseline=1464.7368ms optimized=671.6385ms | speedup=2.181x

##### SHAPE 7 : B=64 D=32 H=4 S=128 L=4 F=32 #####
autotune: eager=3.5864ms compiled=3.2201ms graph=3.2236ms -> compiled
linear: fp16x3 (forced)
PASS max_abs=2.26e-06 max_rel=2.5 | baseline=6.3362ms optimized=1.9261ms | speedup=3.290x

##### SHAPE 8 : B=64 D=1024 H=4 S=128 L=4 F=1024 #####
autotune: eager=75.9337ms compiled=75.2817ms graph=76.6444ms -> compiled
linear: fp16x3 (forced)
PASS max_abs=4.09e-05 max_rel=183 | baseline=129.2308ms optimized=79.0818ms | speedup=1.634x

##### SHAPE 9 : B=64 D=128 H=1 S=128 L=4 F=128 #####
autotune: eager=3.8954ms compiled=5.0529ms graph=5.1118ms -> eager
linear: fp16x3 (forced)
PASS max_abs=4.98e-06 max_rel=0.548 | baseline=6.4963ms optimized=4.2291ms | speedup=1.536x

##### SHAPE 10 : B=64 D=128 H=2 S=128 L=4 F=128 #####
autotune: eager=3.9076ms compiled=5.1467ms graph=4.2447ms -> eager
linear: fp16x3 (forced)
PASS max_abs=5.3e-06 max_rel=0.92 | baseline=8.0833ms optimized=4.3002ms | speedup=1.880x

##### SHAPE 11 : B=64 D=128 H=16 S=128 L=4 F=128 #####
autotune: eager=6.5555ms compiled=9.7940ms graph=6.5352ms -> graph
linear: fp16x3 (forced)
PASS max_abs=5.13e-06 max_rel=5.44 | baseline=22.3930ms optimized=6.5782ms | speedup=3.404x

##### SHAPE 12 : B=64 D=128 H=4 S=32 L=4 F=128 #####
autotune: eager=3.6012ms compiled=2.0706ms graph=1.9940ms -> graph
linear: fp16x3 (forced)
PASS max_abs=3.7e-06 max_rel=0.224 | baseline=3.1013ms optimized=1.3028ms | speedup=2.380x

##### SHAPE 13 : B=64 D=128 H=4 S=1024 L=4 F=128 #####
linear: fp16x3 (forced)
PASS max_abs=5.42e-06 max_rel=30.9 | baseline=320.8758ms optimized=68.1756ms | speedup=4.707x

##### SHAPE 14 : optimized-only (baseline infeasible ~20.5 TB) #####
skipped for this T3_ONLY selector

=================== SUMMARY (copy from here) ===================
shape,pass,max_abs,max_rel,baseline_ms,opt_ms,speedup,note
1,PASS,5.46872615814209e-06,1.656250238418579,9.6543,4.4054,2.191,
2,PASS,3.948807716369629e-06,0.49038442969322205,3.0146,0.7829,3.850,
3,PASS,4.291534423828125e-06,1.107692837715149,2.9907,0.9066,3.299,
4,PASS,3.2186508178710938e-06,0.4473682940006256,3.7641,1.2102,3.110,
5,PASS,5.282461643218994e-06,9.33333683013916,18.7867,8.6831,2.164,
6,PASS,6.735324859619141e-06,939475.8125,1464.7368,671.6385,2.181,
7,PASS,2.2649765014648438e-06,2.500000476837158,6.3362,1.9261,3.290,
8,PASS,4.089623689651489e-05,183.15948486328125,129.2308,79.0818,1.634,
9,PASS,4.976987838745117e-06,0.5484638810157776,6.4963,4.2291,1.536,
10,PASS,5.304813385009766e-06,0.9199318289756775,8.0833,4.3002,1.880,
11,PASS,5.125999450683594e-06,5.440001964569092,22.3930,6.5782,3.404,
12,PASS,3.6954879760742188e-06,0.22448952496051788,3.1013,1.3028,2.380,
13,PASS,5.416572093963623e-06,30.85715103149414,320.8758,68.1756,4.707,
# median_speedup=2.380x min=1.536x max=4.707x over 13 PASS shapes
=================== END SUMMARY ===================
/usr/local/lib/python3.12/dist-packages/mistune.py:435: SyntaxWarning: invalid escape sequence '\|'
  cells[i][c] = re.sub('\\\\\|', '|', cell)
/usr/local/lib/python3.12/dist-packages/nbconvert/filters/filter_links.py:36: SyntaxWarning: invalid escape sequence '\_'
  text = re.sub(r'_', '\_', text) # Escape underscores in display text
[NbConvertApp] Converting notebook __script__.ipynb to html
[NbConvertApp] Writing 933002 bytes to __results__.html
