=== ENV ===
gpu Tesla T4 | torch 2.10.0+cu128 | cuda 12.8 | cc (7, 5)
sdpa backend probe  (head_dim -> which backends can run, is_causal=True)
/kaggle/src/script.py:2717: UserWarning: Memory efficient kernel not used because: (Triggered internally at /pytorch/aten/src/ATen/native/transformers/cuda/sdp_utils.cpp:960.)
  F.scaled_dot_product_attention(q, q, q, is_causal=True)
/kaggle/src/script.py:2717: UserWarning: Memory Efficient attention has been runtime disabled. (Triggered internally at /pytorch/aten/src/ATen/native/transformers/sdp_utils_cpp.h:552.)
  F.scaled_dot_product_attention(q, q, q, is_causal=True)
/kaggle/src/script.py:2717: UserWarning: Flash attention kernel not used because: (Triggered internally at /pytorch/aten/src/ATen/native/transformers/cuda/sdp_utils.cpp:962.)
  F.scaled_dot_product_attention(q, q, q, is_causal=True)
/kaggle/src/script.py:2717: UserWarning: Flash attention only supports gpu architectures in the range [sm80, sm121]. Attempting to run on a sm 7.5 gpu. (Triggered internally at /pytorch/aten/src/ATen/native/transformers/cuda/sdp_utils.cpp:339.)
  F.scaled_dot_product_attention(q, q, q, is_causal=True)
/kaggle/src/script.py:2717: UserWarning: cuDNN attention kernel not used because: (Triggered internally at /pytorch/aten/src/ATen/native/transformers/cuda/sdp_utils.cpp:964.)
  F.scaled_dot_product_attention(q, q, q, is_causal=True)
/kaggle/src/script.py:2717: UserWarning: cuDNN attention has been runtime disabled. (Triggered internally at /pytorch/aten/src/ATen/native/transformers/cuda/sdp_utils.cpp:680.)
  F.scaled_dot_product_attention(q, q, q, is_causal=True)
  PROBE float32  hd=   8  flash=no   efficient=yes  math=yes
  PROBE float32  hd=  32  flash=no   efficient=yes  math=yes
  PROBE float32  hd=  64  flash=no   efficient=yes  math=yes
  PROBE float32  hd= 128  flash=no   efficient=yes  math=yes
  PROBE float32  hd= 256  flash=no   efficient=yes  math=yes
  PROBE float16  hd=   8  flash=no   efficient=yes  math=yes
  PROBE float16  hd=  32  flash=no   efficient=yes  math=yes
  PROBE float16  hd=  64  flash=no   efficient=yes  math=yes
  PROBE float16  hd= 128  flash=no   efficient=yes  math=yes
  PROBE float16  hd= 256  flash=no   efficient=yes  math=yes
  shapes -> head_dim: D=128,H=4 -> 32 | D=32,H=4 -> 8 | D=1024,H=4 -> 256 | D=128,H=1 -> 128 | D=128,H=2 -> 64 | D=128,H=16 -> 8 | shape14 D=1024,H=16 -> 64

##### SHAPE 1 : B=64 D=128 H=4 S=128 L=4 F=128 #####
W0903 07:17:37.950000 7 torch/_inductor/utils.py:1679] [0/0] Not enough SMs to use max_autotune_gemm mode
autotune: eager=8.0982ms compiled=3.5062ms graph=4.6735ms -> compiled
linear autotune: fp32=3.5062ms fp16x3=4.0227ms -> fp32
PASS max_abs=1.19e-06 max_rel=0.191 | baseline=9.4618ms optimized=4.1961ms | speedup=2.255x

##### SHAPE 2 : B=1 D=128 H=4 S=128 L=4 F=128 #####
autotune: eager=1.2433ms compiled=0.8179ms graph=0.7607ms -> graph
linear autotune: fp32=0.7607ms fp16x3=0.6386ms -> fp16x3
PASS max_abs=3.95e-06 max_rel=0.49 | baseline=2.9563ms optimized=0.7890ms | speedup=3.747x

##### SHAPE 3 : B=4 D=128 H=4 S=128 L=4 F=128 #####
autotune: eager=1.2944ms compiled=1.1387ms graph=1.1323ms -> graph
linear autotune: fp32=1.1323ms fp16x3=0.8356ms -> fp16x3
PASS max_abs=4.29e-06 max_rel=1.11 | baseline=2.9102ms optimized=0.9769ms | speedup=2.979x

##### SHAPE 4 : B=16 D=128 H=4 S=128 L=4 F=128 #####
autotune: eager=1.7449ms compiled=1.7468ms graph=2.0062ms -> graph
linear autotune: fp32=1.7449ms fp16x3=1.4533ms -> fp16x3
PASS max_abs=3.22e-06 max_rel=0.447 | baseline=3.3546ms optimized=1.1718ms | speedup=2.863x

##### SHAPE 5 : B=128 D=128 H=4 S=128 L=4 F=128 #####
autotune: eager=9.2835ms compiled=7.9109ms graph=9.3635ms -> compiled
linear autotune: fp32=7.9109ms fp16x3=8.3047ms -> fp32
PASS max_abs=1.43e-06 max_rel=4.33 | baseline=18.4542ms optimized=8.0277ms | speedup=2.299x

##### SHAPE 6 : B=10000 D=128 H=4 S=128 L=4 F=128 #####
linear autotune: fp32=590.9614ms fp16x3=632.0850ms -> fp32
PASS max_abs=1.67e-06 max_rel=2.84e+05 | baseline=1523.6489ms optimized=719.9518ms | speedup=2.116x

##### SHAPE 7 : B=64 D=32 H=4 S=128 L=4 F=32 #####
autotune: eager=2.0705ms compiled=2.3500ms graph=3.6660ms -> eager
linear autotune: fp32=2.0705ms fp16x3=2.0495ms -> fp32
PASS max_abs=9.54e-07 max_rel=2 | baseline=6.3941ms optimized=2.3736ms | speedup=2.694x

##### SHAPE 8 : B=64 D=1024 H=4 S=128 L=4 F=1024 #####
autotune: eager=135.4813ms compiled=130.1340ms graph=136.5338ms -> eager
linear autotune: fp32=130.1340ms fp16x3=90.9880ms -> fp16x3
PASS max_abs=4.09e-05 max_rel=183 | baseline=157.3621ms optimized=98.3689ms | speedup=1.600x

##### SHAPE 9 : B=64 D=128 H=1 S=128 L=4 F=128 #####
autotune: eager=4.7277ms compiled=5.9348ms graph=7.1716ms -> graph
linear autotune: fp32=4.7277ms fp16x3=3.9479ms -> fp16x3
PASS max_abs=4.98e-06 max_rel=0.548 | baseline=6.7547ms optimized=4.5568ms | speedup=1.482x

##### SHAPE 10 : B=64 D=128 H=2 S=128 L=4 F=128 #####
autotune: eager=5.0825ms compiled=5.9904ms graph=7.4791ms -> graph
linear autotune: fp32=5.0825ms fp16x3=4.1332ms -> fp16x3
PASS max_abs=5.3e-06 max_rel=0.92 | baseline=8.2104ms optimized=4.4507ms | speedup=1.845x

##### SHAPE 11 : B=64 D=128 H=16 S=128 L=4 F=128 #####
autotune: eager=7.6252ms compiled=10.8073ms graph=7.2895ms -> graph
linear autotune: fp32=7.2895ms fp16x3=6.5613ms -> fp16x3
PASS max_abs=5.13e-06 max_rel=5.44 | baseline=22.6919ms optimized=6.7260ms | speedup=3.374x

##### SHAPE 12 : B=64 D=128 H=4 S=32 L=4 F=128 #####
autotune: eager=1.3492ms compiled=2.3367ms graph=2.6721ms -> eager
linear autotune: fp32=1.3492ms fp16x3=2.0151ms -> fp32
PASS max_abs=1.19e-06 max_rel=0.104 | baseline=2.8412ms optimized=1.5626ms | speedup=1.818x

##### SHAPE 13 : B=64 D=128 H=4 S=1024 L=4 F=128 #####
linear autotune: fp32=65.3520ms fp16x3=67.7704ms -> fp32
PASS max_abs=1.43e-06 max_rel=2.4 | baseline=325.4170ms optimized=68.6630ms | speedup=4.739x

##### SHAPE 14 : optimized-only (baseline infeasible ~20.5 TB) #####
skipped for this T3_ONLY selector

=================== SUMMARY (copy from here) ===================
shape,pass,max_abs,max_rel,baseline_ms,opt_ms,speedup,note
1,PASS,1.1920928955078125e-06,0.19148938357830048,9.4618,4.1961,2.255,
2,PASS,3.948807716369629e-06,0.49038442969322205,2.9563,0.7890,3.747,
3,PASS,4.291534423828125e-06,1.107692837715149,2.9102,0.9769,2.979,
4,PASS,3.2186508178710938e-06,0.4473682940006256,3.3546,1.1718,2.863,
5,PASS,1.430511474609375e-06,4.333333969116211,18.4542,8.0277,2.299,
6,PASS,1.6689300537109375e-06,284324.625,1523.6489,719.9518,2.116,
7,PASS,9.5367431640625e-07,2.0,6.3941,2.3736,2.694,
8,PASS,4.089623689651489e-05,183.00038146972656,157.3621,98.3689,1.600,
9,PASS,4.976987838745117e-06,0.5484638810157776,6.7547,4.5568,1.482,
10,PASS,5.304813385009766e-06,0.9199318289756775,8.2104,4.4507,1.845,
11,PASS,5.125999450683594e-06,5.440001964569092,22.6919,6.7260,3.374,
12,PASS,1.1920928955078125e-06,0.10396042466163635,2.8412,1.5626,1.818,
13,PASS,1.430511474609375e-06,2.4000000953674316,325.4170,68.6630,4.739,
# median_speedup=2.299x min=1.482x max=4.739x over 13 PASS shapes
=================== END SUMMARY ===================
/usr/local/lib/python3.12/dist-packages/mistune.py:435: SyntaxWarning: invalid escape sequence '\|'
  cells[i][c] = re.sub('\\\\\|', '|', cell)
/usr/local/lib/python3.12/dist-packages/nbconvert/filters/filter_links.py:36: SyntaxWarning: invalid escape sequence '\_'
  text = re.sub(r'_', '\_', text) # Escape underscores in display text
[NbConvertApp] Converting notebook __script__.ipynb to html
[NbConvertApp] Writing 932343 bytes to __results__.html
