=== ENV ===
gpu Tesla T4 | torch 2.10.0+cu128 | cuda 12.8 | cc (7, 5)
sdpa backend probe  (head_dim -> which backends can run, is_causal=True)
/kaggle/src/script.py:2684: UserWarning: Memory efficient kernel not used because: (Triggered internally at /pytorch/aten/src/ATen/native/transformers/cuda/sdp_utils.cpp:960.)
  F.scaled_dot_product_attention(q, q, q, is_causal=True)
/kaggle/src/script.py:2684: UserWarning: Memory Efficient attention has been runtime disabled. (Triggered internally at /pytorch/aten/src/ATen/native/transformers/sdp_utils_cpp.h:552.)
  F.scaled_dot_product_attention(q, q, q, is_causal=True)
/kaggle/src/script.py:2684: UserWarning: Flash attention kernel not used because: (Triggered internally at /pytorch/aten/src/ATen/native/transformers/cuda/sdp_utils.cpp:962.)
  F.scaled_dot_product_attention(q, q, q, is_causal=True)
/kaggle/src/script.py:2684: UserWarning: Flash attention only supports gpu architectures in the range [sm80, sm121]. Attempting to run on a sm 7.5 gpu. (Triggered internally at /pytorch/aten/src/ATen/native/transformers/cuda/sdp_utils.cpp:339.)
  F.scaled_dot_product_attention(q, q, q, is_causal=True)
/kaggle/src/script.py:2684: UserWarning: cuDNN attention kernel not used because: (Triggered internally at /pytorch/aten/src/ATen/native/transformers/cuda/sdp_utils.cpp:964.)
  F.scaled_dot_product_attention(q, q, q, is_causal=True)
/kaggle/src/script.py:2684: UserWarning: cuDNN attention has been runtime disabled. (Triggered internally at /pytorch/aten/src/ATen/native/transformers/cuda/sdp_utils.cpp:680.)
  F.scaled_dot_product_attention(q, q, q, is_causal=True)
  PROBE float32  hd=   8  flash=no   efficient=yes  math=yes
  PROBE float32  hd=  32  flash=no   efficient=yes  math=yes
  PROBE float32  hd=  64  flash=no   efficient=yes  math=yes
  PROBE float32  hd= 128  flash=no   efficient=yes  math=yes
  PROBE float32  hd= 256  flash=no   efficient=yes  math=yes
  PROBE float16  hd=   8  flash=no   efficient=yes  math=yes
  PROBE float16  hd=  32  flash=no   efficient=yes  math=yes
  PROBE float16  hd=  64  flash=no   efficient=yes  math=yes
  PROBE float16  hd= 128  flash=no   efficient=yes  math=yes
  PROBE float16  hd= 256  flash=no   efficient=yes  math=yes
  shapes -> head_dim: D=128,H=4 -> 32 | D=32,H=4 -> 8 | D=1024,H=4 -> 256 | D=128,H=1 -> 128 | D=128,H=2 -> 64 | D=128,H=16 -> 8 | shape14 D=1024,H=16 -> 64

##### SHAPE 1 : B=64 D=128 H=4 S=128 L=4 F=128 #####
W0903 06:56:06.186000 8 torch/_inductor/utils.py:1679] [0/0] Not enough SMs to use max_autotune_gemm mode
autotune: eager=8.0783ms compiled=3.8350ms graph=4.6179ms -> compiled
PASS max_abs=1.19e-06 max_rel=0.191 | baseline=9.7195ms optimized=4.2980ms | speedup=2.261x

##### SHAPE 2 : B=1 D=128 H=4 S=128 L=4 F=128 #####
autotune: eager=1.3292ms compiled=0.7743ms graph=0.7045ms -> graph
PASS max_abs=9.54e-07 max_rel=0.0865 | baseline=2.9907ms optimized=0.7639ms | speedup=3.915x

##### SHAPE 3 : B=4 D=128 H=4 S=128 L=4 F=128 #####
autotune: eager=1.2882ms compiled=1.1468ms graph=1.1428ms -> graph
PASS max_abs=1.19e-06 max_rel=0.0769 | baseline=3.1630ms optimized=0.9433ms | speedup=3.353x

##### SHAPE 4 : B=16 D=128 H=4 S=128 L=4 F=128 #####
autotune: eager=2.1719ms compiled=2.3183ms graph=2.0295ms -> graph
PASS max_abs=1.19e-06 max_rel=0.658 | baseline=3.2051ms optimized=1.3865ms | speedup=2.312x

##### SHAPE 5 : B=128 D=128 H=4 S=128 L=4 F=128 #####
autotune: eager=9.8574ms compiled=8.5914ms graph=9.9451ms -> compiled
PASS max_abs=1.43e-06 max_rel=4.33 | baseline=18.8997ms optimized=8.3968ms | speedup=2.251x

##### SHAPE 6 : B=10000 D=128 H=4 S=128 L=4 F=128 #####
PASS max_abs=1.67e-06 max_rel=2.84e+05 | baseline=1492.4657ms optimized=680.8961ms | speedup=2.192x

##### SHAPE 7 : B=64 D=32 H=4 S=128 L=4 F=32 #####
autotune: eager=2.0908ms compiled=2.6534ms graph=3.2862ms -> eager
PASS max_abs=9.54e-07 max_rel=2 | baseline=6.3565ms optimized=2.2997ms | speedup=2.764x

##### SHAPE 8 : B=64 D=1024 H=4 S=128 L=4 F=1024 #####
autotune: eager=122.5505ms compiled=117.6261ms graph=122.7203ms -> compiled
PASS max_abs=3.22e-06 max_rel=4.45 | baseline=138.0557ms optimized=127.3372ms | speedup=1.084x

##### SHAPE 9 : B=64 D=128 H=1 S=128 L=4 F=128 #####
autotune: eager=5.1307ms compiled=5.9189ms graph=6.5148ms -> eager
PASS max_abs=1.43e-06 max_rel=0.233 | baseline=6.6698ms optimized=5.3063ms | speedup=1.257x

##### SHAPE 10 : B=64 D=128 H=2 S=128 L=4 F=128 #####
autotune: eager=4.7985ms compiled=6.0334ms graph=6.0178ms -> eager
PASS max_abs=1.43e-06 max_rel=0.667 | baseline=8.2222ms optimized=5.2488ms | speedup=1.566x

##### SHAPE 11 : B=64 D=128 H=16 S=128 L=4 F=128 #####
autotune: eager=7.5612ms compiled=10.7868ms graph=7.3828ms -> graph
PASS max_abs=1.43e-06 max_rel=0.387 | baseline=22.5996ms optimized=7.4716ms | speedup=3.025x

##### SHAPE 12 : B=64 D=128 H=4 S=32 L=4 F=128 #####
autotune: eager=1.3383ms compiled=2.3404ms graph=2.6808ms -> eager
PASS max_abs=1.19e-06 max_rel=0.104 | baseline=3.0772ms optimized=1.4703ms | speedup=2.093x

##### SHAPE 13 : B=64 D=128 H=4 S=1024 L=4 F=128 #####
PASS max_abs=1.43e-06 max_rel=2.4 | baseline=324.4696ms optimized=66.8783ms | speedup=4.852x

##### SHAPE 14 : optimized-only (baseline infeasible ~20.5 TB) #####
skipped for this T3_ONLY selector

=================== SUMMARY (copy from here) ===================
shape,pass,max_abs,max_rel,baseline_ms,opt_ms,speedup,note
1,PASS,1.1920928955078125e-06,0.19148938357830048,9.7195,4.2980,2.261,
2,PASS,9.5367431640625e-07,0.08653856068849564,2.9907,0.7639,3.915,
3,PASS,1.1920928955078125e-06,0.0769231989979744,3.1630,0.9433,3.353,
4,PASS,1.1920928955078125e-06,0.6578947901725769,3.2051,1.3865,2.312,
5,PASS,1.430511474609375e-06,4.333333969116211,18.8997,8.3968,2.251,
6,PASS,1.6689300537109375e-06,284324.625,1492.4657,680.8961,2.192,
7,PASS,9.5367431640625e-07,2.0,6.3565,2.2997,2.764,
8,PASS,3.2186508178710938e-06,4.454545497894287,138.0557,127.3372,1.084,
9,PASS,1.430511474609375e-06,0.23333340883255005,6.6698,5.3063,1.257,
10,PASS,1.430511474609375e-06,0.6666666269302368,8.2222,5.2488,1.566,
11,PASS,1.430511474609375e-06,0.38666680455207825,22.5996,7.4716,3.025,
12,PASS,1.1920928955078125e-06,0.10396042466163635,3.0772,1.4703,2.093,
13,PASS,1.430511474609375e-06,2.4000000953674316,324.4696,66.8783,4.852,
# median_speedup=2.261x min=1.084x max=4.852x over 13 PASS shapes
=================== END SUMMARY ===================
/usr/local/lib/python3.12/dist-packages/mistune.py:435: SyntaxWarning: invalid escape sequence '\|'
  cells[i][c] = re.sub('\\\\\|', '|', cell)
/usr/local/lib/python3.12/dist-packages/nbconvert/filters/filter_links.py:36: SyntaxWarning: invalid escape sequence '\_'
  text = re.sub(r'_', '\_', text) # Escape underscores in display text
[NbConvertApp] Converting notebook __script__.ipynb to html
[NbConvertApp] Writing 928466 bytes to __results__.html
