=== ENV ===
gpu Tesla T4 | torch 2.10.0+cu128 | cuda 12.8 | cc (7, 5)
fingerprint[start]: 300 MHz, 1590 MHz, 405 MHz, 38, 9.35 W, 0x0000000000000001 / 300 MHz, 1590 MHz, 405 MHz, 38, 9.35 W, 0x0000000000000001 | sgemm 4096^2 31.49 ms = 4.4 TFLOPS
sdpa backend probe  (head_dim -> which backends can run, is_causal=True)
/kaggle/src/script.py:3038: UserWarning: Memory efficient kernel not used because: (Triggered internally at /pytorch/aten/src/ATen/native/transformers/cuda/sdp_utils.cpp:960.)
  F.scaled_dot_product_attention(q, q, q, is_causal=True)
/kaggle/src/script.py:3038: UserWarning: Memory Efficient attention has been runtime disabled. (Triggered internally at /pytorch/aten/src/ATen/native/transformers/sdp_utils_cpp.h:552.)
  F.scaled_dot_product_attention(q, q, q, is_causal=True)
/kaggle/src/script.py:3038: UserWarning: Flash attention kernel not used because: (Triggered internally at /pytorch/aten/src/ATen/native/transformers/cuda/sdp_utils.cpp:962.)
  F.scaled_dot_product_attention(q, q, q, is_causal=True)
/kaggle/src/script.py:3038: UserWarning: Flash attention only supports gpu architectures in the range [sm80, sm121]. Attempting to run on a sm 7.5 gpu. (Triggered internally at /pytorch/aten/src/ATen/native/transformers/cuda/sdp_utils.cpp:339.)
  F.scaled_dot_product_attention(q, q, q, is_causal=True)
/kaggle/src/script.py:3038: UserWarning: cuDNN attention kernel not used because: (Triggered internally at /pytorch/aten/src/ATen/native/transformers/cuda/sdp_utils.cpp:964.)
  F.scaled_dot_product_attention(q, q, q, is_causal=True)
/kaggle/src/script.py:3038: UserWarning: cuDNN attention has been runtime disabled. (Triggered internally at /pytorch/aten/src/ATen/native/transformers/cuda/sdp_utils.cpp:680.)
  F.scaled_dot_product_attention(q, q, q, is_causal=True)
  PROBE float32  hd=   8  flash=no   efficient=yes  math=yes
  PROBE float32  hd=  32  flash=no   efficient=yes  math=yes
  PROBE float32  hd=  64  flash=no   efficient=yes  math=yes
  PROBE float32  hd= 128  flash=no   efficient=yes  math=yes
  PROBE float32  hd= 256  flash=no   efficient=yes  math=yes
  PROBE float16  hd=   8  flash=no   efficient=yes  math=yes
  PROBE float16  hd=  32  flash=no   efficient=yes  math=yes
  PROBE float16  hd=  64  flash=no   efficient=yes  math=yes
  PROBE float16  hd= 128  flash=no   efficient=yes  math=yes
  PROBE float16  hd= 256  flash=no   efficient=yes  math=yes
  shapes -> head_dim: D=128,H=4 -> 32 | D=32,H=4 -> 8 | D=1024,H=4 -> 256 | D=128,H=1 -> 128 | D=128,H=2 -> 64 | D=128,H=16 -> 8 | shape14 D=1024,H=16 -> 64

##### SHAPE 1 : B=64 D=128 H=4 S=128 L=4 F=128 #####
autotune: eager=5.0949ms compiled=5.1071ms graph=4.9787ms -> graph
linear: fp16x3 (forced)
PASS max_abs=2.03e-06 max_rel=0.362 | baseline=9.4684ms optimized=3.4944ms | speedup=2.710x

##### SHAPE 2 : B=1 D=128 H=4 S=128 L=4 F=128 #####
autotune: eager=3.9178ms compiled=0.7407ms graph=0.5992ms -> graph
linear: fp16x3 (forced)
PASS max_abs=1.55e-06 max_rel=0.0962 | baseline=3.2070ms optimized=0.7232ms | speedup=4.434x

##### SHAPE 3 : B=4 D=128 H=4 S=128 L=4 F=128 #####
autotune: eager=3.8793ms compiled=1.0404ms graph=0.8855ms -> graph
linear: fp16x3 (forced)
PASS max_abs=1.31e-06 max_rel=0.081 | baseline=3.3014ms optimized=0.8822ms | speedup=3.742x

##### SHAPE 4 : B=16 D=128 H=4 S=128 L=4 F=128 #####
autotune: eager=3.5334ms compiled=1.9217ms graph=1.7845ms -> graph
linear: fp16x3 (forced)
PASS max_abs=1.91e-06 max_rel=0.0608 | baseline=3.1528ms optimized=1.0646ms | speedup=2.961x

##### SHAPE 5 : B=128 D=128 H=4 S=128 L=4 F=128 #####
autotune: eager=9.6420ms compiled=8.0702ms graph=7.2707ms -> graph
linear: fp16x3 (forced)
PASS max_abs=2.15e-06 max_rel=5.67 | baseline=18.3028ms optimized=7.0120ms | speedup=2.610x

##### SHAPE 6 : B=10000 D=128 H=4 S=128 L=4 F=128 #####
linear: fp16x3 (forced)
PASS max_abs=2.86e-06 max_rel=2.47e+05 | baseline=1426.2631ms optimized=555.2784ms | speedup=2.569x

##### SHAPE 7 : B=64 D=32 H=4 S=128 L=4 F=32 #####
autotune: eager=3.7253ms compiled=2.5087ms graph=2.3675ms -> graph
linear: fp16x3 (forced)
PASS max_abs=1.67e-06 max_rel=1.5 | baseline=6.2847ms optimized=1.3749ms | speedup=4.571x

##### SHAPE 8 : B=64 D=1024 H=4 S=128 L=4 F=1024 #####
autotune: eager=74.2277ms compiled=73.2549ms graph=74.8073ms -> compiled
linear: fp16x3 (forced)
PASS max_abs=9.54e-06 max_rel=42.1 | baseline=124.8633ms optimized=78.7312ms | speedup=1.586x

##### SHAPE 9 : B=64 D=128 H=1 S=128 L=4 F=128 #####
autotune: eager=4.2373ms compiled=3.8524ms graph=3.7332ms -> graph
linear: fp16x3 (forced)
PASS max_abs=2.38e-06 max_rel=0.377 | baseline=6.3342ms optimized=3.3972ms | speedup=1.865x

##### SHAPE 10 : B=64 D=128 H=2 S=128 L=4 F=128 #####
autotune: eager=4.3868ms compiled=4.3930ms graph=4.2883ms -> graph
linear: fp16x3 (forced)
PASS max_abs=2.86e-06 max_rel=0.149 | baseline=7.9176ms optimized=3.4510ms | speedup=2.294x

##### SHAPE 11 : B=64 D=128 H=16 S=128 L=4 F=128 #####
autotune: eager=5.7900ms compiled=5.8470ms graph=5.5829ms -> graph
linear: fp16x3 (forced)
PASS max_abs=2.38e-06 max_rel=1.37 | baseline=22.2966ms optimized=5.6730ms | speedup=3.930x

##### SHAPE 12 : B=64 D=128 H=4 S=32 L=4 F=128 #####
autotune: eager=3.6659ms compiled=1.9064ms graph=1.7658ms -> graph
linear: fp16x3 (forced)
PASS max_abs=1.91e-06 max_rel=0.318 | baseline=3.1488ms optimized=1.0813ms | speedup=2.912x

##### SHAPE 13 : B=64 D=128 H=4 S=1024 L=4 F=128 #####
linear: fp16x3 (forced)
PASS max_abs=2.38e-06 max_rel=10 | baseline=320.3458ms optimized=61.3407ms | speedup=5.222x

##### SHAPE 14 : optimized-only (baseline infeasible ~20.5 TB) #####
skipped for this T3_ONLY selector

=================== SUMMARY (copy from here) ===================
shape,pass,max_abs,max_rel,baseline_ms,opt_ms,speedup,note
1,PASS,2.0265579223632812e-06,0.36170223355293274,9.4684,3.4944,2.710,
2,PASS,1.5497207641601562e-06,0.09615413844585419,3.2070,0.7232,4.434,
3,PASS,1.3113021850585938e-06,0.08097156137228012,3.3014,0.8822,3.742,
4,PASS,1.9073486328125e-06,0.06076852232217789,3.1528,1.0646,2.961,
5,PASS,2.1457672119140625e-06,5.666667461395264,18.3028,7.0120,2.610,
6,PASS,2.86102294921875e-06,246913.484375,1426.2631,555.2784,2.569,
7,PASS,1.6689300537109375e-06,1.5,6.2847,1.3749,4.571,
8,PASS,9.5367431640625e-06,42.136383056640625,124.8633,78.7312,1.586,
9,PASS,2.384185791015625e-06,0.37664034962654114,6.3342,3.3972,1.865,
10,PASS,2.86102294921875e-06,0.14893627166748047,7.9176,3.4510,2.294,
11,PASS,2.384185791015625e-06,1.3733333349227905,22.2966,5.6730,3.930,
12,PASS,1.9073486328125e-06,0.31836727261543274,3.1488,1.0813,2.912,
13,PASS,2.384185791015625e-06,10.000000953674316,320.3458,61.3407,5.222,
# median_speedup=2.912x min=1.586x max=5.222x over 13 PASS shapes
=================== END SUMMARY ===================
fingerprint[end]: 585 MHz, 1590 MHz, 5000 MHz, 75, 30.53 W, 0x0000000000000000 / 300 MHz, 1590 MHz, 405 MHz, 35, 9.55 W, 0x0000000000000001 | sgemm 4096^2 35.42 ms = 3.9 TFLOPS
/usr/local/lib/python3.12/dist-packages/mistune.py:435: SyntaxWarning: invalid escape sequence '\|'
  cells[i][c] = re.sub('\\\\\|', '|', cell)
/usr/local/lib/python3.12/dist-packages/nbconvert/filters/filter_links.py:36: SyntaxWarning: invalid escape sequence '\_'
  text = re.sub(r'_', '\_', text) # Escape underscores in display text
[NbConvertApp] Converting notebook __script__.ipynb to html
[NbConvertApp] Writing 1120343 bytes to __results__.html
