=== ENV ===
gpu Tesla T4 | torch 2.10.0+cu128 | cuda 12.8 | cc (7, 5)
sdpa backend probe  (head_dim -> which backends can run, is_causal=True)
/kaggle/src/script.py:2661: UserWarning: Memory efficient kernel not used because: (Triggered internally at /pytorch/aten/src/ATen/native/transformers/cuda/sdp_utils.cpp:960.)
  F.scaled_dot_product_attention(q, q, q, is_causal=True)
/kaggle/src/script.py:2661: UserWarning: Memory Efficient attention has been runtime disabled. (Triggered internally at /pytorch/aten/src/ATen/native/transformers/sdp_utils_cpp.h:552.)
  F.scaled_dot_product_attention(q, q, q, is_causal=True)
/kaggle/src/script.py:2661: UserWarning: Flash attention kernel not used because: (Triggered internally at /pytorch/aten/src/ATen/native/transformers/cuda/sdp_utils.cpp:962.)
  F.scaled_dot_product_attention(q, q, q, is_causal=True)
/kaggle/src/script.py:2661: UserWarning: Flash attention only supports gpu architectures in the range [sm80, sm121]. Attempting to run on a sm 7.5 gpu. (Triggered internally at /pytorch/aten/src/ATen/native/transformers/cuda/sdp_utils.cpp:339.)
  F.scaled_dot_product_attention(q, q, q, is_causal=True)
/kaggle/src/script.py:2661: UserWarning: cuDNN attention kernel not used because: (Triggered internally at /pytorch/aten/src/ATen/native/transformers/cuda/sdp_utils.cpp:964.)
  F.scaled_dot_product_attention(q, q, q, is_causal=True)
/kaggle/src/script.py:2661: UserWarning: cuDNN attention has been runtime disabled. (Triggered internally at /pytorch/aten/src/ATen/native/transformers/cuda/sdp_utils.cpp:680.)
  F.scaled_dot_product_attention(q, q, q, is_causal=True)
  PROBE float32  hd=   8  flash=no   efficient=yes  math=yes
  PROBE float32  hd=  32  flash=no   efficient=yes  math=yes
  PROBE float32  hd=  64  flash=no   efficient=yes  math=yes
  PROBE float32  hd= 128  flash=no   efficient=yes  math=yes
  PROBE float32  hd= 256  flash=no   efficient=yes  math=yes
  PROBE float16  hd=   8  flash=no   efficient=yes  math=yes
  PROBE float16  hd=  32  flash=no   efficient=yes  math=yes
  PROBE float16  hd=  64  flash=no   efficient=yes  math=yes
  PROBE float16  hd= 128  flash=no   efficient=yes  math=yes
  PROBE float16  hd= 256  flash=no   efficient=yes  math=yes
  shapes -> head_dim: D=128,H=4 -> 32 | D=32,H=4 -> 8 | D=1024,H=4 -> 256 | D=128,H=1 -> 128 | D=128,H=2 -> 64 | D=128,H=16 -> 8 | shape14 D=1024,H=16 -> 64

##### SHAPE 1 : B=64 D=128 H=4 S=128 L=4 F=128 #####
W0903 06:43:36.038000 7 torch/_inductor/utils.py:1679] [0/0] Not enough SMs to use max_autotune_gemm mode
autotune: eager=8.0833ms compiled=3.7315ms graph=4.6121ms -> compiled
linear autotune: fp32=3.7315ms fp16x3=5.6136ms -> fp32
PASS max_abs=1.19e-06 max_rel=0.191 | baseline=9.4719ms optimized=4.9091ms | speedup=1.929x

##### SHAPE 2 : B=1 D=128 H=4 S=128 L=4 F=128 #####
linear autotune: fp32=infms fp16x3=infms -> fp32
PASS max_abs=9.54e-07 max_rel=0.0865 | baseline=3.0389ms optimized=1.5094ms | speedup=2.013x

##### SHAPE 3 : B=4 D=128 H=4 S=128 L=4 F=128 #####
linear autotune: fp32=infms fp16x3=infms -> fp32
PASS max_abs=1.19e-06 max_rel=0.0769 | baseline=3.0227ms optimized=1.4870ms | speedup=2.033x

##### SHAPE 4 : B=16 D=128 H=4 S=128 L=4 F=128 #####
W0903 06:44:08.654000 7 torch/_dynamo/convert_frame.py:1676] [0/8] torch._dynamo hit config.recompile_limit (8)
W0903 06:44:08.654000 7 torch/_dynamo/convert_frame.py:1676] [0/8]    function: '_run_full' (/kaggle/src/script.py:2043)
W0903 06:44:08.654000 7 torch/_dynamo/convert_frame.py:1676] [0/8]    last reason: 0/7: self._x3_on == False                                     # if self._x3_on and all_valid:  # aggle/src/script.py:2044 in _run_full
W0903 06:44:08.654000 7 torch/_dynamo/convert_frame.py:1676] [0/8] To log all recompilation reasons, use TORCH_LOGS="recompiles".
W0903 06:44:08.654000 7 torch/_dynamo/convert_frame.py:1676] [0/8] To diagnose recompilation issues, see https://pytorch.org/docs/main/compile/programming_model.recompilation.html
autotune: eager=4.5959ms compiled=4.8846ms graph=2.4545ms -> graph
linear autotune: fp16x3=2.4545ms fp32=infms -> fp16x3
PASS max_abs=2.62e-06 max_rel=0.0921 | baseline=3.0700ms optimized=1.3763ms | speedup=2.231x

##### SHAPE 5 : B=128 D=128 H=4 S=128 L=4 F=128 #####
autotune: eager=9.2372ms compiled=9.3884ms graph=9.3573ms -> eager
linear autotune: fp32=9.2372ms fp16x3=11.2808ms -> fp32
PASS max_abs=1.43e-06 max_rel=4.33 | baseline=18.4259ms optimized=9.4113ms | speedup=1.958x

##### SHAPE 6 : B=10000 D=128 H=4 S=128 L=4 F=128 #####
linear autotune: fp32=686.8619ms fp16x3=840.4797ms -> fp32
PASS max_abs=1.67e-06 max_rel=2.04e+05 | baseline=1460.7278ms optimized=779.5188ms | speedup=1.874x

##### SHAPE 7 : B=64 D=32 H=4 S=128 L=4 F=32 #####
autotune: eager=4.6493ms compiled=4.8714ms graph=1.6817ms -> graph
linear autotune: fp16x3=1.6817ms fp32=1.9964ms -> fp16x3
PASS max_abs=1.91e-06 max_rel=2 | baseline=6.3449ms optimized=2.1133ms | speedup=3.002x

##### SHAPE 8 : B=64 D=1024 H=4 S=128 L=4 F=1024 #####
autotune: eager=92.3916ms compiled=92.8259ms graph=94.0308ms -> eager
linear autotune: fp16x3=92.3916ms fp32=126.4409ms -> fp16x3
PASS max_abs=2.53e-05 max_rel=123 | baseline=143.0753ms optimized=94.0815ms | speedup=1.521x

##### SHAPE 9 : B=64 D=128 H=1 S=128 L=4 F=128 #####
autotune: eager=4.7043ms compiled=5.3760ms graph=5.1274ms -> eager
linear autotune: fp32=4.7043ms fp16x3=5.4659ms -> fp32
PASS max_abs=1.43e-06 max_rel=0.233 | baseline=6.6191ms optimized=5.2488ms | speedup=1.261x

##### SHAPE 10 : B=64 D=128 H=2 S=128 L=4 F=128 #####
autotune: eager=4.9236ms compiled=5.3788ms graph=4.9869ms -> eager
linear autotune: fp32=4.9236ms fp16x3=5.4785ms -> fp32
PASS max_abs=1.43e-06 max_rel=0.667 | baseline=8.1930ms optimized=5.2060ms | speedup=1.574x

##### SHAPE 11 : B=64 D=128 H=16 S=128 L=4 F=128 #####
autotune: eager=7.4961ms compiled=7.3462ms graph=7.3366ms -> graph
linear autotune: fp32=7.3366ms fp16x3=8.0320ms -> fp32
PASS max_abs=1.43e-06 max_rel=0.387 | baseline=22.6663ms optimized=7.4432ms | speedup=3.045x

##### SHAPE 12 : B=64 D=128 H=4 S=32 L=4 F=128 #####
autotune: eager=4.7349ms compiled=4.9316ms graph=1.1605ms -> graph
linear autotune: fp16x3=1.1605ms fp32=1.2943ms -> fp16x3
PASS max_abs=2.38e-06 max_rel=0.129 | baseline=2.9880ms optimized=1.5353ms | speedup=1.946x

##### SHAPE 13 : B=64 D=128 H=4 S=1024 L=4 F=128 #####
linear autotune: fp32=73.7177ms fp16x3=79.0606ms -> fp32
PASS max_abs=1.43e-06 max_rel=1.4 | baseline=323.4161ms optimized=71.9401ms | speedup=4.496x

##### SHAPE 14 : optimized-only (baseline infeasible ~20.5 TB) #####
skipped for this T3_ONLY selector

=================== SUMMARY (copy from here) ===================
shape,pass,max_abs,max_rel,baseline_ms,opt_ms,speedup,note
1,PASS,1.1920928955078125e-06,0.19148938357830048,9.4719,4.9091,1.929,
2,PASS,9.5367431640625e-07,0.08653856068849564,3.0389,1.5094,2.013,
3,PASS,1.1920928955078125e-06,0.0769231989979744,3.0227,1.4870,2.033,
4,PASS,2.6226043701171875e-06,0.09214511513710022,3.0700,1.3763,2.231,
5,PASS,1.430511474609375e-06,4.333333969116211,18.4259,9.4113,1.958,
6,PASS,1.6689300537109375e-06,203605.03125,1460.7278,779.5188,1.874,
7,PASS,1.9073486328125e-06,2.0,6.3449,2.1133,3.002,
8,PASS,2.52649188041687e-05,123.29561614990234,143.0753,94.0815,1.521,
9,PASS,1.430511474609375e-06,0.23333340883255005,6.6191,5.2488,1.261,
10,PASS,1.430511474609375e-06,0.6666666269302368,8.1930,5.2060,1.574,
11,PASS,1.430511474609375e-06,0.38666680455207825,22.6663,7.4432,3.045,
12,PASS,2.384185791015625e-06,0.12871304154396057,2.9880,1.5353,1.946,
13,PASS,1.430511474609375e-06,1.399999976158142,323.4161,71.9401,4.496,
# median_speedup=1.958x min=1.261x max=4.496x over 13 PASS shapes
=================== END SUMMARY ===================
/usr/local/lib/python3.12/dist-packages/mistune.py:435: SyntaxWarning: invalid escape sequence '\|'
  cells[i][c] = re.sub('\\\\\|', '|', cell)
/usr/local/lib/python3.12/dist-packages/nbconvert/filters/filter_links.py:36: SyntaxWarning: invalid escape sequence '\_'
  text = re.sub(r'_', '\_', text) # Escape underscores in display text
[NbConvertApp] Converting notebook __script__.ipynb to html
[NbConvertApp] Writing 924290 bytes to __results__.html
